Archive member included to satisfy reference by file (symbol)

c:/st/stm32cubeide_1.8.0/stm32cubeide/plugins/com.st.stm32cube.ide.mcu.externaltools.gnu-tools-for-stm32.9-2020-q2-update.win32_2.0.0.202105311346/tools/bin/../lib/gcc/arm-none-eabi/9.3.1/../../../../arm-none-eabi/lib/thumb/v7e-m/nofp\libc_nano.a(lib_a-errno.o)
                              ./Application/User/Core/syscalls.o (__errno)
c:/st/stm32cubeide_1.8.0/stm32cubeide/plugins/com.st.stm32cube.ide.mcu.externaltools.gnu-tools-for-stm32.9-2020-q2-update.win32_2.0.0.202105311346/tools/bin/../lib/gcc/arm-none-eabi/9.3.1/../../../../arm-none-eabi/lib/thumb/v7e-m/nofp\libc_nano.a(lib_a-exit.o)
                              c:/st/stm32cubeide_1.8.0/stm32cubeide/plugins/com.st.stm32cube.ide.mcu.externaltools.gnu-tools-for-stm32.9-2020-q2-update.win32_2.0.0.202105311346/tools/bin/../lib/gcc/arm-none-eabi/9.3.1/../../../../arm-none-eabi/lib/thumb/v7e-m/nofp/crt0.o (exit)
c:/st/stm32cubeide_1.8.0/stm32cubeide/plugins/com.st.stm32cube.ide.mcu.externaltools.gnu-tools-for-stm32.9-2020-q2-update.win32_2.0.0.202105311346/tools/bin/../lib/gcc/arm-none-eabi/9.3.1/../../../../arm-none-eabi/lib/thumb/v7e-m/nofp\libc_nano.a(lib_a-impure.o)
                              c:/st/stm32cubeide_1.8.0/stm32cubeide/plugins/com.st.stm32cube.ide.mcu.externaltools.gnu-tools-for-stm32.9-2020-q2-update.win32_2.0.0.202105311346/tools/bin/../lib/gcc/arm-none-eabi/9.3.1/../../../../arm-none-eabi/lib/thumb/v7e-m/nofp\libc_nano.a(lib_a-exit.o) (_global_impure_ptr)
c:/st/stm32cubeide_1.8.0/stm32cubeide/plugins/com.st.stm32cube.ide.mcu.externaltools.gnu-tools-for-stm32.9-2020-q2-update.win32_2.0.0.202105311346/tools/bin/../lib/gcc/arm-none-eabi/9.3.1/../../../../arm-none-eabi/lib/thumb/v7e-m/nofp\libc_nano.a(lib_a-init.o)
                              c:/st/stm32cubeide_1.8.0/stm32cubeide/plugins/com.st.stm32cube.ide.mcu.externaltools.gnu-tools-for-stm32.9-2020-q2-update.win32_2.0.0.202105311346/tools/bin/../lib/gcc/arm-none-eabi/9.3.1/../../../../arm-none-eabi/lib/thumb/v7e-m/nofp/crt0.o (__libc_init_array)
c:/st/stm32cubeide_1.8.0/stm32cubeide/plugins/com.st.stm32cube.ide.mcu.externaltools.gnu-tools-for-stm32.9-2020-q2-update.win32_2.0.0.202105311346/tools/bin/../lib/gcc/arm-none-eabi/9.3.1/../../../../arm-none-eabi/lib/thumb/v7e-m/nofp\libc_nano.a(lib_a-memcpy-stub.o)
                              ./Application/User/SubGHz_Phy/App/subghz_phy_app.o (memcpy)
c:/st/stm32cubeide_1.8.0/stm32cubeide/plugins/com.st.stm32cube.ide.mcu.externaltools.gnu-tools-for-stm32.9-2020-q2-update.win32_2.0.0.202105311346/tools/bin/../lib/gcc/arm-none-eabi/9.3.1/../../../../arm-none-eabi/lib/thumb/v7e-m/nofp\libc_nano.a(lib_a-memset.o)
                              c:/st/stm32cubeide_1.8.0/stm32cubeide/plugins/com.st.stm32cube.ide.mcu.externaltools.gnu-tools-for-stm32.9-2020-q2-update.win32_2.0.0.202105311346/tools/bin/../lib/gcc/arm-none-eabi/9.3.1/../../../../arm-none-eabi/lib/thumb/v7e-m/nofp/crt0.o (memset)
c:/st/stm32cubeide_1.8.0/stm32cubeide/plugins/com.st.stm32cube.ide.mcu.externaltools.gnu-tools-for-stm32.9-2020-q2-update.win32_2.0.0.202105311346/tools/bin/../lib/gcc/arm-none-eabi/9.3.1/../../../../arm-none-eabi/lib/thumb/v7e-m/nofp\libc_nano.a(lib_a-sprintf.o)
                              ./Application/User/Core/main.o (sprintf)
c:/st/stm32cubeide_1.8.0/stm32cubeide/plugins/com.st.stm32cube.ide.mcu.externaltools.gnu-tools-for-stm32.9-2020-q2-update.win32_2.0.0.202105311346/tools/bin/../lib/gcc/arm-none-eabi/9.3.1/../../../../arm-none-eabi/lib/thumb/v7e-m/nofp\libc_nano.a(lib_a-strlen.o)
                              ./Application/User/Core/sys_app.o (strlen)
c:/st/stm32cubeide_1.8.0/stm32cubeide/plugins/com.st.stm32cube.ide.mcu.externaltools.gnu-tools-for-stm32.9-2020-q2-update.win32_2.0.0.202105311346/tools/bin/../lib/gcc/arm-none-eabi/9.3.1/../../../../arm-none-eabi/lib/thumb/v7e-m/nofp\libc_nano.a(lib_a-nano-svfprintf.o)
                              c:/st/stm32cubeide_1.8.0/stm32cubeide/plugins/com.st.stm32cube.ide.mcu.externaltools.gnu-tools-for-stm32.9-2020-q2-update.win32_2.0.0.202105311346/tools/bin/../lib/gcc/arm-none-eabi/9.3.1/../../../../arm-none-eabi/lib/thumb/v7e-m/nofp\libc_nano.a(lib_a-sprintf.o) (_svfprintf_r)
c:/st/stm32cubeide_1.8.0/stm32cubeide/plugins/com.st.stm32cube.ide.mcu.externaltools.gnu-tools-for-stm32.9-2020-q2-update.win32_2.0.0.202105311346/tools/bin/../lib/gcc/arm-none-eabi/9.3.1/../../../../arm-none-eabi/lib/thumb/v7e-m/nofp\libc_nano.a(lib_a-nano-vfprintf_i.o)
                              c:/st/stm32cubeide_1.8.0/stm32cubeide/plugins/com.st.stm32cube.ide.mcu.externaltools.gnu-tools-for-stm32.9-2020-q2-update.win32_2.0.0.202105311346/tools/bin/../lib/gcc/arm-none-eabi/9.3.1/../../../../arm-none-eabi/lib/thumb/v7e-m/nofp\libc_nano.a(lib_a-nano-svfprintf.o) (_printf_i)
[...]
Memory Configuration

Name             Origin             Length             Attributes
ROM              0x0000000008000000 0x0000000000040000 xr
RAM1             0x0000000020000000 0x0000000000008000 xrw
RAM2             0x0000000020008000 0x0000000000008000 xrw
*default*        0x0000000000000000 0xffffffffffffffff

Linker script and memory map

LOAD c:/st/stm32cubeide_1.8.0/stm32cubeide/plugins/com.st.stm32cube.ide.mcu.externaltools.gnu-tools-for-stm32.9-2020-q2-update.win32_2.0.0.202105311346/tools/bin/../lib/gcc/arm-none-eabi/9.3.1/thumb/v7e-m/nofp/crti.o
LOAD c:/st/stm32cubeide_1.8.0/stm32cubeide/plugins/com.st.stm32cube.ide.mcu.externaltools.gnu-tools-for-stm32.9-2020-q2-update.win32_2.0.0.202105311346/tools/bin/../lib/gcc/arm-none-eabi/9.3.1/thumb/v7e-m/nofp/crtbegin.o
LOAD c:/st/stm32cubeide_1.8.0/stm32cubeide/plugins/com.st.stm32cube.ide.mcu.externaltools.gnu-tools-for-stm32.9-2020-q2-update.win32_2.0.0.202105311346/tools/bin/../lib/gcc/arm-none-eabi/9.3.1/../../../../arm-none-eabi/lib/thumb/v7e-m/nofp/crt0.o
LOAD ./Application/User/Core/dma.o
LOAD ./Application/User/Core/gpio.o
LOAD ./Application/User/Core/main.o
LOAD ./Application/User/Core/rtc.o
LOAD ./Application/User/Core/stm32_lpm_if.o
LOAD ./Application/User/Core/stm32wlxx_hal_msp.o
LOAD ./Application/User/Core/stm32wlxx_it.o
LOAD ./Application/User/Core/subghz.o
LOAD ./Application/User/Core/sys_app.o
LOAD ./Application/User/Core/sys_debug.o
LOAD ./Application/User/Core/syscalls.o
LOAD ./Application/User/Core/sysmem.o
LOAD ./Application/User/Core/timer_if.o
LOAD ./Application/User/Core/usart.o
LOAD ./Application/User/Core/usart_if.o
LOAD ./Application/User/Startup/startup_stm32wl55jcix.o
LOAD ./Application/User/SubGHz_Phy/App/app_subghz_phy.o
LOAD ./Application/User/SubGHz_Phy/App/subghz_phy_app.o
LOAD ./Application/User/SubGHz_Phy/Target/radio_board_if.o
LOAD ./Drivers/BSP/STM32WLxx_Nucleo/stm32wlxx_nucleo.o
LOAD ./Drivers/BSP/STM32WLxx_Nucleo/stm32wlxx_nucleo_radio.o
LOAD ./Drivers/CMSIS/system_stm32wlxx.o
LOAD ./Drivers/STM32WLxx_HAL_Driver/stm32wlxx_hal.o
LOAD ./Drivers/STM32WLxx_HAL_Driver/stm32wlxx_hal_cortex.o
LOAD ./Drivers/STM32WLxx_HAL_Driver/stm32wlxx_hal_dma.o
LOAD ./Drivers/STM32WLxx_HAL_Driver/stm32wlxx_hal_dma_ex.o
LOAD ./Drivers/STM32WLxx_HAL_Driver/stm32wlxx_hal_exti.o
LOAD ./Drivers/STM32WLxx_HAL_Driver/stm32wlxx_hal_flash.o
LOAD ./Drivers/STM32WLxx_HAL_Driver/stm32wlxx_hal_flash_ex.o
LOAD ./Drivers/STM32WLxx_HAL_Driver/stm32wlxx_hal_gpio.o
LOAD ./Drivers/STM32WLxx_HAL_Driver/stm32wlxx_hal_i2c.o
LOAD ./Drivers/STM32WLxx_HAL_Driver/stm32wlxx_hal_i2c_ex.o
LOAD ./Drivers/STM32WLxx_HAL_Driver/stm32wlxx_hal_pwr.o
LOAD ./Drivers/STM32WLxx_HAL_Driver/stm32wlxx_hal_pwr_ex.o
LOAD ./Drivers/STM32WLxx_HAL_Driver/stm32wlxx_hal_rcc.o
LOAD ./Drivers/STM32WLxx_HAL_Driver/stm32wlxx_hal_rcc_ex.o
LOAD ./Drivers/STM32WLxx_HAL_Driver/stm32wlxx_hal_rtc.o
LOAD ./Drivers/STM32WLxx_HAL_Driver/stm32wlxx_hal_rtc_ex.o
LOAD ./Drivers/STM32WLxx_HAL_Driver/stm32wlxx_hal_subghz.o
LOAD ./Drivers/STM32WLxx_HAL_Driver/stm32wlxx_hal_tim.o
LOAD ./Drivers/STM32WLxx_HAL_Driver/stm32wlxx_hal_tim_ex.o
LOAD ./Drivers/STM32WLxx_HAL_Driver/stm32wlxx_hal_uart.o
LOAD ./Drivers/STM32WLxx_HAL_Driver/stm32wlxx_hal_uart_ex.o
LOAD ./Middlewares/SubGHz_Phy/radio.o
LOAD ./Middlewares/SubGHz_Phy/radio_driver.o
LOAD ./Middlewares/SubGHz_Phy/radio_fw.o
LOAD ./Utilities/stm32_adv_trace.o
LOAD ./Utilities/stm32_lpm.o
LOAD ./Utilities/stm32_mem.o
LOAD ./Utilities/stm32_seq.o
LOAD ./Utilities/stm32_systime.o
LOAD ./Utilities/stm32_timer.o
LOAD ./Utilities/stm32_tiny_sscanf.o
LOAD ./Utilities/stm32_tiny_vsnprintf.o
START GROUP
LOAD c:/st/stm32cubeide_1.8.0/stm32cubeide/plugins/com.st.stm32cube.ide.mcu.externaltools.gnu-tools-for-stm32.9-2020-q2-update.win32_2.0.0.202105311346/tools/bin/../lib/gcc/arm-none-eabi/9.3.1/../../../../arm-none-eabi/lib/thumb/v7e-m/nofp\libc_nano.a
LOAD c:/st/stm32cubeide_1.8.0/stm32cubeide/plugins/com.st.stm32cube.ide.mcu.externaltools.gnu-tools-for-stm32.9-2020-q2-update.win32_2.0.0.202105311346/tools/bin/../lib/gcc/arm-none-eabi/9.3.1/../../../../arm-none-eabi/lib/thumb/v7e-m/nofp\libm.a
END GROUP
START GROUP
LOAD c:/st/stm32cubeide_1.8.0/stm32cubeide/plugins/com.st.stm32cube.ide.mcu.externaltools.gnu-tools-for-stm32.9-2020-q2-update.win32_2.0.0.202105311346/tools/bin/../lib/gcc/arm-none-eabi/9.3.1/thumb/v7e-m/nofp\libgcc.a
LOAD c:/st/stm32cubeide_1.8.0/stm32cubeide/plugins/com.st.stm32cube.ide.mcu.externaltools.gnu-tools-for-stm32.9-2020-q2-update.win32_2.0.0.202105311346/tools/bin/../lib/gcc/arm-none-eabi/9.3.1/../../../../arm-none-eabi/lib/thumb/v7e-m/nofp\libc_nano.a
END GROUP
START GROUP
LOAD c:/st/stm32cubeide_1.8.0/stm32cubeide/plugins/com.st.stm32cube.ide.mcu.externaltools.gnu-tools-for-stm32.9-2020-q2-update.win32_2.0.0.202105311346/tools/bin/../lib/gcc/arm-none-eabi/9.3.1/thumb/v7e-m/nofp\libgcc.a
LOAD c:/st/stm32cubeide_1.8.0/stm32cubeide/plugins/com.st.stm32cube.ide.mcu.externaltools.gnu-tools-for-stm32.9-2020-q2-update.win32_2.0.0.202105311346/tools/bin/../lib/gcc/arm-none-eabi/9.3.1/../../../../arm-none-eabi/lib/thumb/v7e-m/nofp\libc_nano.a
LOAD c:/st/stm32cubeide_1.8.0/stm32cubeide/plugins/com.st.stm32cube.ide.mcu.externaltools.gnu-tools-for-stm32.9-2020-q2-update.win32_2.0.0.202105311346/tools/bin/../lib/gcc/arm-none-eabi/9.3.1/../../../../arm-none-eabi/lib/thumb/v7e-m/nofp\libnosys.a
END GROUP
START GROUP
LOAD c:/st/stm32cubeide_1.8.0/stm32cubeide/plugins/com.st.stm32cube.ide.mcu.externaltools.gnu-tools-for-stm32.9-2020-q2-update.win32_2.0.0.202105311346/tools/bin/../lib/gcc/arm-none-eabi/9.3.1/thumb/v7e-m/nofp\libgcc.a
LOAD c:/st/stm32cubeide_1.8.0/stm32cubeide/plugins/com.st.stm32cube.ide.mcu.externaltools.gnu-tools-for-stm32.9-2020-q2-update.win32_2.0.0.202105311346/tools/bin/../lib/gcc/arm-none-eabi/9.3.1/../../../../arm-none-eabi/lib/thumb/v7e-m/nofp\libc_nano.a
LOAD c:/st/stm32cubeide_1.8.0/stm32cubeide/plugins/com.st.stm32cube.ide.mcu.externaltools.gnu-tools-for-stm32.9-2020-q2-update.win32_2.0.0.202105311346/tools/bin/../lib/gcc/arm-none-eabi/9.3.1/../../../../arm-none-eabi/lib/thumb/v7e-m/nofp\libnosys.a
END GROUP
LOAD c:/st/stm32cubeide_1.8.0/stm32cubeide/plugins/com.st.stm32cube.ide.mcu.externaltools.gnu-tools-for-stm32.9-2020-q2-update.win32_2.0.0.202105311346/tools/bin/../lib/gcc/arm-none-eabi/9.3.1/thumb/v7e-m/nofp/crtend.o
LOAD c:/st/stm32cubeide_1.8.0/stm32cubeide/plugins/com.st.stm32cube.ide.mcu.externaltools.gnu-tools-for-stm32.9-2020-q2-update.win32_2.0.0.202105311346/tools/bin/../lib/gcc/arm-none-eabi/9.3.1/thumb/v7e-m/nofp/crtn.o
                0x0000000020008000                _estack = (ORIGIN (RAM1) + LENGTH (RAM1))
                0x0000000000000200                _Min_Heap_Size = 0x200
                0x0000000000000800                _Min_Stack_Size = 0x800

.isr_vector     0x0000000008000000      0x138
                0x0000000008000000                . = ALIGN (0x8)
 *(.isr_vector)
 .isr_vector    0x0000000008000000      0x138 ./Application/User/Startup/startup_stm32wl55jcix.o
                0x0000000008000000                g_pfnVectors
                0x0000000008000138                . = ALIGN (0x8)

.text           0x0000000008000140     0x9588
                0x0000000008000140                . = ALIGN (0x8)
 *(.text)
 .text          0x0000000008000140       0x40 c:/st/stm32cubeide_1.8.0/stm32cubeide/plugins/com.st.stm32cube.ide.mcu.externaltools.gnu-tools-for-stm32.9-2020-q2-update.win32_2.0.0.202105311346/tools/bin/../lib/gcc/arm-none-eabi/9.3.1/thumb/v7e-m/nofp/crtbegin.o
 .text          0x0000000008000180       0x10 c:/st/stm32cubeide_1.8.0/stm32cubeide/plugins/com.st.stm32cube.ide.mcu.externaltools.gnu-tools-for-stm32.9-2020-q2-update.win32_2.0.0.202105311346/tools/bin/../lib/gcc/arm-none-eabi/9.3.1/../../../../arm-none-eabi/lib/thumb/v7e-m/nofp\libc_nano.a(lib_a-strlen.o)
                0x0000000008000180                strlen
 .text          0x0000000008000190       0xa0 c:/st/stm32cubeide_1.8.0/stm32cubeide/plugins/com.st.stm32cube.ide.mcu.externaltools.gnu-tools-for-stm32.9-2020-q2-update.win32_2.0.0.202105311346/tools/bin/../lib/gcc/arm-none-eabi/9.3.1/../../../../arm-none-eabi/lib/thumb/v7e-m/nofp\libc_nano.a(lib_a-memchr.o)
                0x0000000008000190                memchr
 .text          0x0000000008000230       0x30 c:/st/stm32cubeide_1.8.0/stm32cubeide/plugins/com.st.stm32cube.ide.mcu.externaltools.gnu-tools-for-stm32.9-2020-q2-update.win32_2.0.0.202105311346/tools/bin/../lib/gcc/arm-none-eabi/9.3.1/thumb/v7e-m/nofp\libgcc.a(_aeabi_uldivmod.o)
                0x0000000008000230                __aeabi_uldivmod
 .text          0x0000000008000260      0x2c0 c:/st/stm32cubeide_1.8.0/stm32cubeide/plugins/com.st.stm32cube.ide.mcu.externaltools.gnu-tools-for-stm32.9-2020-q2-update.win32_2.0.0.202105311346/tools/bin/../lib/gcc/arm-none-eabi/9.3.1/thumb/v7e-m/nofp\libgcc.a(_udivmoddi4.o)
                0x0000000008000260                __udivmoddi4
 .text          0x0000000008000520        0x4 c:/st/stm32cubeide_1.8.0/stm32cubeide/plugins/com.st.stm32cube.ide.mcu.externaltools.gnu-tools-for-stm32.9-2020-q2-update.win32_2.0.0.202105311346/tools/bin/../lib/gcc/arm-none-eabi/9.3.1/thumb/v7e-m/nofp\libgcc.a(_dvmd_tls.o)
                0x0000000008000520                __aeabi_idiv0
                0x0000000008000520                __aeabi_ldiv0
 *(.text*)
 .text.MX_DMA_Init
                0x0000000008000524       0x42 ./Application/User/Core/dma.o
                0x0000000008000524                MX_DMA_Init
 *fill*         0x0000000008000566        0x2 
 .text.MX_GPIO_Init
                0x0000000008000568       0xf0 ./Application/User/Core/gpio.o
                0x0000000008000568                MX_GPIO_Init
 .text.lcd_send_cmd
                0x0000000008000658       0x48 ./Application/User/Core/main.o
                0x0000000008000658                lcd_send_cmd
 .text.lcd_send_data
                0x00000000080006a0       0x48 ./Application/User/Core/main.o
                0x00000000080006a0                lcd_send_data
 .text.lcd_init
                0x00000000080006e8       0x76 ./Application/User/Core/main.o
                0x00000000080006e8                lcd_init
 .text.lcd_send_string
                0x000000000800075e       0x12 ./Application/User/Core/main.o
                0x000000000800075e                lcd_send_string
 .text.RSSI_Display
                0x0000000008000770       0x38 ./Application/User/Core/main.o
                0x0000000008000770                RSSI_Display
 .text.Error_Handler
                0x00000000080007a8        0x4 ./Application/User/Core/main.o
                0x00000000080007a8                Error_Handler
 .text.MX_I2C2_Init
                0x00000000080007ac       0x54 ./Application/User/Core/main.o
 .text.SystemClock_Config
                0x0000000008000800       0x8e ./Application/User/Core/main.o
                0x0000000008000800                SystemClock_Config
 *fill*         0x000000000800088e        0x2 
 .text.main     0x0000000008000890       0x54 ./Application/User/Core/main.o
                0x0000000008000890                main
 .text.MX_RTC_Init
                0x00000000080008e4       0x7c ./Application/User/Core/rtc.o
                0x00000000080008e4                MX_RTC_Init
 .text.HAL_RTC_MspInit
                0x0000000008000960       0x80 ./Application/User/Core/rtc.o
                0x0000000008000960                HAL_RTC_MspInit
 .text.PWR_EnterOffMode
                0x00000000080009e0        0x2 ./Application/User/Core/stm32_lpm_if.o
                0x00000000080009e0                PWR_EnterOffMode
 .text.PWR_ExitOffMode
                0x00000000080009e2        0x2 ./Application/User/Core/stm32_lpm_if.o
                0x00000000080009e2                PWR_ExitOffMode
 .text.PWR_EnterStopMode
                0x00000000080009e4       0x18 ./Application/User/Core/stm32_lpm_if.o
                0x00000000080009e4                PWR_EnterStopMode
 .text.PWR_ExitSleepMode
                0x00000000080009fc        0x8 ./Application/User/Core/stm32_lpm_if.o
                0x00000000080009fc                PWR_ExitSleepMode
 .text.PWR_ExitStopMode
                0x0000000008000a04        0xc ./Application/User/Core/stm32_lpm_if.o
                0x0000000008000a04                PWR_ExitStopMode
 .text.PWR_EnterSleepMode
                0x0000000008000a10       0x10 ./Application/User/Core/stm32_lpm_if.o
                0x0000000008000a10                PWR_EnterSleepMode
 .text.HAL_MspInit
                0x0000000008000a20        0x2 ./Application/User/Core/stm32wlxx_hal_msp.o
                0x0000000008000a20                HAL_MspInit
 *fill*         0x0000000008000a22        0x2 
 .text.HAL_I2C_MspInit
                0x0000000008000a24       0x8c ./Application/User/Core/stm32wlxx_hal_msp.o
                0x0000000008000a24                HAL_I2C_MspInit
 .text.NMI_Handler
                0x0000000008000ab0        0x2 ./Application/User/Core/stm32wlxx_it.o
                0x0000000008000ab0                NMI_Handler
 .text.HardFault_Handler
                0x0000000008000ab2        0x2 ./Application/User/Core/stm32wlxx_it.o
                0x0000000008000ab2                HardFault_Handler
 .text.MemManage_Handler
                0x0000000008000ab4        0x2 ./Application/User/Core/stm32wlxx_it.o
                0x0000000008000ab4                MemManage_Handler
 .text.BusFault_Handler
                0x0000000008000ab6        0x2 ./Application/User/Core/stm32wlxx_it.o
                0x0000000008000ab6                BusFault_Handler
 .text.UsageFault_Handler
                0x0000000008000ab8        0x2 ./Application/User/Core/stm32wlxx_it.o
                0x0000000008000ab8                UsageFault_Handler
 .text.SVC_Handler
                0x0000000008000aba        0x2 ./Application/User/Core/stm32wlxx_it.o
                0x0000000008000aba                SVC_Handler
 .text.DebugMon_Handler
                0x0000000008000abc        0x2 ./Application/User/Core/stm32wlxx_it.o
                0x0000000008000abc                DebugMon_Handler
 .text.PendSV_Handler
                0x0000000008000abe        0x2 ./Application/User/Core/stm32wlxx_it.o
                0x0000000008000abe                PendSV_Handler
 .text.SysTick_Handler
                0x0000000008000ac0        0x8 ./Application/User/Core/stm32wlxx_it.o
                0x0000000008000ac0                SysTick_Handler
 .text.TAMP_STAMP_LSECSS_SSRU_IRQHandler
                0x0000000008000ac8       0x10 ./Application/User/Core/stm32wlxx_it.o
                0x0000000008000ac8                TAMP_STAMP_LSECSS_SSRU_IRQHandler
 .text.EXTI0_IRQHandler
                0x0000000008000ad8        0xa ./Application/User/Core/stm32wlxx_it.o
                0x0000000008000ad8                EXTI0_IRQHandler
 .text.EXTI1_IRQHandler
                0x0000000008000ae2        0xa ./Application/User/Core/stm32wlxx_it.o
                0x0000000008000ae2                EXTI1_IRQHandler
 .text.DMA1_Channel5_IRQHandler
                0x0000000008000aec       0x10 ./Application/User/Core/stm32wlxx_it.o
                0x0000000008000aec                DMA1_Channel5_IRQHandler
 .text.EXTI9_5_IRQHandler
                0x0000000008000afc        0xa ./Application/User/Core/stm32wlxx_it.o
                0x0000000008000afc                EXTI9_5_IRQHandler
 *fill*         0x0000000008000b06        0x2 
 .text.USART2_IRQHandler
                0x0000000008000b08       0x10 ./Application/User/Core/stm32wlxx_it.o
                0x0000000008000b08                USART2_IRQHandler
 .text.RTC_Alarm_IRQHandler
                0x0000000008000b18       0x10 ./Application/User/Core/stm32wlxx_it.o
                0x0000000008000b18                RTC_Alarm_IRQHandler
 .text.SUBGHZ_Radio_IRQHandler
                0x0000000008000b28       0x10 ./Application/User/Core/stm32wlxx_it.o
                0x0000000008000b28                SUBGHZ_Radio_IRQHandler
 .text.MX_SUBGHZ_Init
                0x0000000008000b38       0x1c ./Application/User/Core/subghz.o
                0x0000000008000b38                MX_SUBGHZ_Init
 .text.HAL_SUBGHZ_MspInit
                0x0000000008000b54       0x30 ./Application/User/Core/subghz.o
                0x0000000008000b54                HAL_SUBGHZ_MspInit
 .text.tiny_snprintf_like
                0x0000000008000b84       0x1c ./Application/User/Core/sys_app.o
 .text.TimestampNow
                0x0000000008000ba0       0x30 ./Application/User/Core/sys_app.o
 .text.SystemApp_Init
                0x0000000008000bd0       0x4c ./Application/User/Core/sys_app.o
                0x0000000008000bd0                SystemApp_Init
 .text.UTIL_SEQ_Idle
                0x0000000008000c1c        0x8 ./Application/User/Core/sys_app.o
                0x0000000008000c1c                UTIL_SEQ_Idle
 .text.UTIL_ADV_TRACE_PreSendHook
                0x0000000008000c24        0xc ./Application/User/Core/sys_app.o
                0x0000000008000c24                UTIL_ADV_TRACE_PreSendHook
 .text.UTIL_ADV_TRACE_PostSendHook
                0x0000000008000c30        0xc ./Application/User/Core/sys_app.o
                0x0000000008000c30                UTIL_ADV_TRACE_PostSendHook
 .text.HAL_InitTick
                0x0000000008000c3c        0x4 ./Application/User/Core/sys_app.o
                0x0000000008000c3c                HAL_InitTick
 .text.HAL_GetTick
                0x0000000008000c40       0x18 ./Application/User/Core/sys_app.o
                0x0000000008000c40                HAL_GetTick
 .text.HAL_Delay
                0x0000000008000c58       0x12 ./Application/User/Core/sys_app.o
                0x0000000008000c58                HAL_Delay
 *fill*         0x0000000008000c6a        0x2 
 .text.DBG_Init
                0x0000000008000c6c       0x94 ./Application/User/Core/sys_debug.o
                0x0000000008000c6c                DBG_Init
 .text._sbrk    0x0000000008000d00       0x48 ./Application/User/Core/sysmem.o
                0x0000000008000d00                _sbrk
 .text.TIMER_IF_SetTimerContext
                0x0000000008000d48       0x24 ./Application/User/Core/timer_if.o
                0x0000000008000d48                TIMER_IF_SetTimerContext
 .text.TIMER_IF_GetTimerContext
                0x0000000008000d6c        0xc ./Application/User/Core/timer_if.o
                0x0000000008000d6c                TIMER_IF_GetTimerContext
 .text.TIMER_IF_GetTimerElapsedTime
                0x0000000008000d78       0x24 ./Application/User/Core/timer_if.o
                0x0000000008000d78                TIMER_IF_GetTimerElapsedTime
 .text.TIMER_IF_GetTimerValue
                0x0000000008000d9c       0x28 ./Application/User/Core/timer_if.o
                0x0000000008000d9c                TIMER_IF_GetTimerValue
 .text.TIMER_IF_GetMinimumTimeout
                0x0000000008000dc4        0x4 ./Application/User/Core/timer_if.o
                0x0000000008000dc4                TIMER_IF_GetMinimumTimeout
 .text.TIMER_IF_Convert_ms2Tick
                0x0000000008000dc8       0x14 ./Application/User/Core/timer_if.o
                0x0000000008000dc8                TIMER_IF_Convert_ms2Tick
 .text.TIMER_IF_Convert_Tick2ms
                0x0000000008000ddc       0x2c ./Application/User/Core/timer_if.o
                0x0000000008000ddc                TIMER_IF_Convert_Tick2ms
 .text.TIMER_IF_StopTimer
                0x0000000008000e08       0x28 ./Application/User/Core/timer_if.o
                0x0000000008000e08                TIMER_IF_StopTimer
 .text.TIMER_IF_BkUp_Write_MSBticks
                0x0000000008000e30       0x14 ./Application/User/Core/timer_if.o
 .text.TIMER_IF_Init
                0x0000000008000e44       0x48 ./Application/User/Core/timer_if.o
                0x0000000008000e44                TIMER_IF_Init
 .text.TIMER_IF_BkUp_Write_Seconds
                0x0000000008000e8c       0x14 ./Application/User/Core/timer_if.o
                0x0000000008000e8c                TIMER_IF_BkUp_Write_Seconds
 .text.TIMER_IF_BkUp_Write_SubSeconds
                0x0000000008000ea0       0x14 ./Application/User/Core/timer_if.o
                0x0000000008000ea0                TIMER_IF_BkUp_Write_SubSeconds
 .text.TIMER_IF_StartTimer
                0x0000000008000eb4       0x50 ./Application/User/Core/timer_if.o
                0x0000000008000eb4                TIMER_IF_StartTimer
 .text.TIMER_IF_BkUp_Read_MSBticks
                0x0000000008000f04       0x10 ./Application/User/Core/timer_if.o
 .text.TIMER_IF_GetTime
                0x0000000008000f14       0x40 ./Application/User/Core/timer_if.o
                0x0000000008000f14                TIMER_IF_GetTime
 .text.TIMER_IF_BkUp_Read_Seconds
                0x0000000008000f54       0x10 ./Application/User/Core/timer_if.o
                0x0000000008000f54                TIMER_IF_BkUp_Read_Seconds
 .text.TIMER_IF_BkUp_Read_SubSeconds
                0x0000000008000f64       0x10 ./Application/User/Core/timer_if.o
                0x0000000008000f64                TIMER_IF_BkUp_Read_SubSeconds
 .text.TIMER_IF_DelayMs
                0x0000000008000f74       0x40 ./Application/User/Core/timer_if.o
                0x0000000008000f74                TIMER_IF_DelayMs
 .text.HAL_RTC_AlarmAEventCallback
                0x0000000008000fb4        0x8 ./Application/User/Core/timer_if.o
                0x0000000008000fb4                HAL_RTC_AlarmAEventCallback
 .text.HAL_RTCEx_SSRUEventCallback
                0x0000000008000fbc        0xe ./Application/User/Core/timer_if.o
                0x0000000008000fbc                HAL_RTCEx_SSRUEventCallback
 *fill*         0x0000000008000fca        0x2 
 .text.MX_USART2_UART_Init
                0x0000000008000fcc       0x68 ./Application/User/Core/usart.o
                0x0000000008000fcc                MX_USART2_UART_Init
 .text.HAL_UART_MspInit
                0x0000000008001034       0xe4 ./Application/User/Core/usart.o
                0x0000000008001034                HAL_UART_MspInit
 .text.HAL_UART_MspDeInit
                0x0000000008001118       0x38 ./Application/User/Core/usart.o
                0x0000000008001118                HAL_UART_MspDeInit
 .text.vcom_Init
                0x0000000008001150       0x28 ./Application/User/Core/usart_if.o
                0x0000000008001150                vcom_Init
 .text.vcom_DeInit
                0x0000000008001178       0x2c ./Application/User/Core/usart_if.o
                0x0000000008001178                vcom_DeInit
 .text.vcom_Trace_DMA
                0x00000000080011a4       0x14 ./Application/User/Core/usart_if.o
                0x00000000080011a4                vcom_Trace_DMA
 .text.vcom_ReceiveInit
                0x00000000080011b8       0x5c ./Application/User/Core/usart_if.o
                0x00000000080011b8                vcom_ReceiveInit
 .text.vcom_Resume
                0x0000000008001214       0x28 ./Application/User/Core/usart_if.o
                0x0000000008001214                vcom_Resume
 .text.HAL_UART_TxCpltCallback
                0x000000000800123c       0x20 ./Application/User/Core/usart_if.o
                0x000000000800123c                HAL_UART_TxCpltCallback
 .text.HAL_UART_RxCpltCallback
                0x000000000800125c       0x38 ./Application/User/Core/usart_if.o
                0x000000000800125c                HAL_UART_RxCpltCallback
 .text.Reset_Handler
                0x0000000008001294       0x50 ./Application/User/Startup/startup_stm32wl55jcix.o
                0x0000000008001294                Reset_Handler
 .text.Default_Handler
                0x00000000080012e4        0x2 ./Application/User/Startup/startup_stm32wl55jcix.o
                0x00000000080012e4                EXTI2_IRQHandler
                0x00000000080012e4                TIM1_CC_IRQHandler
                0x00000000080012e4                EXTI3_IRQHandler
                0x00000000080012e4                LPTIM2_IRQHandler
                0x00000000080012e4                I2C3_ER_IRQHandler
                0x00000000080012e4                LPTIM3_IRQHandler
                0x00000000080012e4                I2C2_EV_IRQHandler
                0x00000000080012e4                SPI1_IRQHandler
                0x00000000080012e4                DMA2_Channel2_IRQHandler
                0x00000000080012e4                DMA1_Channel4_IRQHandler
                0x00000000080012e4                PKA_IRQHandler
                0x00000000080012e4                TIM17_IRQHandler
                0x00000000080012e4                DMA1_Channel7_IRQHandler
                0x00000000080012e4                SUBGHZSPI_IRQHandler
                0x00000000080012e4                IPCC_C1_TX_IRQHandler
                0x00000000080012e4                DMA2_Channel1_IRQHandler
                0x00000000080012e4                I2C1_EV_IRQHandler
                0x00000000080012e4                DMAMUX1_OVR_IRQHandler
                0x00000000080012e4                DMA1_Channel6_IRQHandler
                0x00000000080012e4                TIM16_IRQHandler
                0x00000000080012e4                DMA2_Channel4_IRQHandler
                0x00000000080012e4                RCC_IRQHandler
                0x00000000080012e4                TIM1_TRG_COM_IRQHandler
                0x00000000080012e4                DMA1_Channel1_IRQHandler
                0x00000000080012e4                Default_Handler
                0x00000000080012e4                DMA2_Channel7_IRQHandler
                0x00000000080012e4                EXTI15_10_IRQHandler
                0x00000000080012e4                IPCC_C1_RX_IRQHandler
                0x00000000080012e4                ADC_IRQHandler
                0x00000000080012e4                C2SEV_PWR_C2H_IRQHandler
                0x00000000080012e4                I2C3_EV_IRQHandler
                0x00000000080012e4                RTC_WKUP_IRQHandler
                0x00000000080012e4                PVD_PVM_IRQHandler
                0x00000000080012e4                SPI2_IRQHandler
                0x00000000080012e4                DMA2_Channel5_IRQHandler
                0x00000000080012e4                EXTI4_IRQHandler
                0x00000000080012e4                RNG_IRQHandler
                0x00000000080012e4                DMA1_Channel3_IRQHandler
                0x00000000080012e4                COMP_IRQHandler
                0x00000000080012e4                HSEM_IRQHandler
                0x00000000080012e4                TIM1_UP_IRQHandler
                0x00000000080012e4                WWDG_IRQHandler
                0x00000000080012e4                LPUART1_IRQHandler
                0x00000000080012e4                DMA2_Channel6_IRQHandler
                0x00000000080012e4                TIM2_IRQHandler
                0x00000000080012e4                TIM1_BRK_IRQHandler
                0x00000000080012e4                DAC_IRQHandler
                0x00000000080012e4                AES_IRQHandler
                0x00000000080012e4                I2C2_ER_IRQHandler
                0x00000000080012e4                DMA1_Channel2_IRQHandler
                0x00000000080012e4                FLASH_IRQHandler
                0x00000000080012e4                USART1_IRQHandler
                0x00000000080012e4                I2C1_ER_IRQHandler
                0x00000000080012e4                LPTIM1_IRQHandler
                0x00000000080012e4                DMA2_Channel3_IRQHandler
 .text.MX_SubGHz_Phy_Init
                0x00000000080012e6        0xc ./Application/User/SubGHz_Phy/App/app_subghz_phy.o
                0x00000000080012e6                MX_SubGHz_Phy_Init
 .text.MX_SubGHz_Phy_Process
                0x00000000080012f2       0x14 ./Application/User/SubGHz_Phy/App/app_subghz_phy.o
                0x00000000080012f2                MX_SubGHz_Phy_Process
 *fill*         0x0000000008001306        0x2 
 .text.Per_Process
                0x0000000008001308      0x184 ./Application/User/SubGHz_Phy/App/subghz_phy_app.o
 .text.OnRxError
                0x000000000800148c       0x14 ./Application/User/SubGHz_Phy/App/subghz_phy_app.o
 .text.OnRxTimeout
                0x00000000080014a0       0x14 ./Application/User/SubGHz_Phy/App/subghz_phy_app.o
 .text.OnTxTimeout
                0x00000000080014b4       0x14 ./Application/User/SubGHz_Phy/App/subghz_phy_app.o
 .text.OnTxDone
                0x00000000080014c8       0x14 ./Application/User/SubGHz_Phy/App/subghz_phy_app.o
 .text.OnRxDone
                0x00000000080014dc       0x40 ./Application/User/SubGHz_Phy/App/subghz_phy_app.o
 .text.SubghzApp_Init
                0x000000000800151c      0x174 ./Application/User/SubGHz_Phy/App/subghz_phy_app.o
                0x000000000800151c                SubghzApp_Init
 .text.RBI_Init
                0x0000000008001690        0x8 ./Application/User/SubGHz_Phy/Target/radio_board_if.o
                0x0000000008001690                RBI_Init
 .text.RBI_ConfigRFSwitch
                0x0000000008001698        0x8 ./Application/User/SubGHz_Phy/Target/radio_board_if.o
                0x0000000008001698                RBI_ConfigRFSwitch
 .text.RBI_GetTxConfig
                0x00000000080016a0        0x8 ./Application/User/SubGHz_Phy/Target/radio_board_if.o
                0x00000000080016a0                RBI_GetTxConfig
 .text.RBI_IsTCXO
                0x00000000080016a8        0x8 ./Application/User/SubGHz_Phy/Target/radio_board_if.o
                0x00000000080016a8                RBI_IsTCXO
 .text.RBI_IsDCDC
                0x00000000080016b0        0x8 ./Application/User/SubGHz_Phy/Target/radio_board_if.o
                0x00000000080016b0                RBI_IsDCDC
 .text.RBI_GetRFOMaxPowerConfig
                0x00000000080016b8        0x8 ./Application/User/SubGHz_Phy/Target/radio_board_if.o
                0x00000000080016b8                RBI_GetRFOMaxPowerConfig
 .text.BSP_RADIO_Init
                0x00000000080016c0       0x80 ./Drivers/BSP/STM32WLxx_Nucleo/stm32wlxx_nucleo_radio.o
                0x00000000080016c0                BSP_RADIO_Init
 .text.BSP_RADIO_ConfigRFSwitch
                0x0000000008001740       0x9c ./Drivers/BSP/STM32WLxx_Nucleo/stm32wlxx_nucleo_radio.o
                0x0000000008001740                BSP_RADIO_ConfigRFSwitch
 .text.BSP_RADIO_GetTxConfig
                0x00000000080017dc        0x4 ./Drivers/BSP/STM32WLxx_Nucleo/stm32wlxx_nucleo_radio.o
                0x00000000080017dc                BSP_RADIO_GetTxConfig
 .text.BSP_RADIO_IsTCXO
                0x00000000080017e0        0x4 ./Drivers/BSP/STM32WLxx_Nucleo/stm32wlxx_nucleo_radio.o
                0x00000000080017e0                BSP_RADIO_IsTCXO
 .text.BSP_RADIO_IsDCDC
                0x00000000080017e4        0x4 ./Drivers/BSP/STM32WLxx_Nucleo/stm32wlxx_nucleo_radio.o
                0x00000000080017e4                BSP_RADIO_IsDCDC
 .text.BSP_RADIO_GetRFOMaxPowerConfig
                0x00000000080017e8        0xa ./Drivers/BSP/STM32WLxx_Nucleo/stm32wlxx_nucleo_radio.o
                0x00000000080017e8                BSP_RADIO_GetRFOMaxPowerConfig
 .text.SystemInit
                0x00000000080017f2        0x2 ./Drivers/CMSIS/system_stm32wlxx.o
                0x00000000080017f2                SystemInit
 .text.HAL_Init
                0x00000000080017f4       0x2c ./Drivers/STM32WLxx_HAL_Driver/stm32wlxx_hal.o
                0x00000000080017f4                HAL_Init
 .text.HAL_IncTick
                0x0000000008001820       0x18 ./Drivers/STM32WLxx_HAL_Driver/stm32wlxx_hal.o
                0x0000000008001820                HAL_IncTick
 .text.HAL_SuspendTick
                0x0000000008001838       0x10 ./Drivers/STM32WLxx_HAL_Driver/stm32wlxx_hal.o
                0x0000000008001838                HAL_SuspendTick
 .text.HAL_ResumeTick
                0x0000000008001848       0x10 ./Drivers/STM32WLxx_HAL_Driver/stm32wlxx_hal.o
                0x0000000008001848                HAL_ResumeTick
 .text.HAL_DBGMCU_EnableDBGSleepMode
                0x0000000008001858       0x10 ./Drivers/STM32WLxx_HAL_Driver/stm32wlxx_hal.o
                0x0000000008001858                HAL_DBGMCU_EnableDBGSleepMode
 .text.HAL_DBGMCU_EnableDBGStopMode
                0x0000000008001868       0x10 ./Drivers/STM32WLxx_HAL_Driver/stm32wlxx_hal.o
                0x0000000008001868                HAL_DBGMCU_EnableDBGStopMode
 .text.HAL_DBGMCU_EnableDBGStandbyMode
                0x0000000008001878       0x10 ./Drivers/STM32WLxx_HAL_Driver/stm32wlxx_hal.o
                0x0000000008001878                HAL_DBGMCU_EnableDBGStandbyMode
 .text.HAL_NVIC_SetPriorityGrouping
                0x0000000008001888       0x24 ./Drivers/STM32WLxx_HAL_Driver/stm32wlxx_hal_cortex.o
                0x0000000008001888                HAL_NVIC_SetPriorityGrouping
 .text.HAL_NVIC_SetPriority
                0x00000000080018ac       0x68 ./Drivers/STM32WLxx_HAL_Driver/stm32wlxx_hal_cortex.o
                0x00000000080018ac                HAL_NVIC_SetPriority
 .text.HAL_NVIC_EnableIRQ
                0x0000000008001914       0x1c ./Drivers/STM32WLxx_HAL_Driver/stm32wlxx_hal_cortex.o
                0x0000000008001914                HAL_NVIC_EnableIRQ
 .text.HAL_NVIC_DisableIRQ
                0x0000000008001930       0x24 ./Drivers/STM32WLxx_HAL_Driver/stm32wlxx_hal_cortex.o
                0x0000000008001930                HAL_NVIC_DisableIRQ
 .text.DMA_SetConfig
                0x0000000008001954       0x40 ./Drivers/STM32WLxx_HAL_Driver/stm32wlxx_hal_dma.o
 .text.DMA_CalcDMAMUXChannelBaseAndMask
                0x0000000008001994       0x64 ./Drivers/STM32WLxx_HAL_Driver/stm32wlxx_hal_dma.o
 .text.DMA_CalcDMAMUXRequestGenBaseAndMask
                0x00000000080019f8       0x2c ./Drivers/STM32WLxx_HAL_Driver/stm32wlxx_hal_dma.o
 .text.HAL_DMA_Init
                0x0000000008001a24       0xe4 ./Drivers/STM32WLxx_HAL_Driver/stm32wlxx_hal_dma.o
                0x0000000008001a24                HAL_DMA_Init
 .text.HAL_DMA_DeInit
                0x0000000008001b08       0xb8 ./Drivers/STM32WLxx_HAL_Driver/stm32wlxx_hal_dma.o
                0x0000000008001b08                HAL_DMA_DeInit
 .text.HAL_DMA_Start_IT
                0x0000000008001bc0       0x98 ./Drivers/STM32WLxx_HAL_Driver/stm32wlxx_hal_dma.o
                0x0000000008001bc0                HAL_DMA_Start_IT
 .text.HAL_DMA_Abort
                0x0000000008001c58       0x74 ./Drivers/STM32WLxx_HAL_Driver/stm32wlxx_hal_dma.o
                0x0000000008001c58                HAL_DMA_Abort
 .text.HAL_DMA_Abort_IT
                0x0000000008001ccc       0x72 ./Drivers/STM32WLxx_HAL_Driver/stm32wlxx_hal_dma.o
                0x0000000008001ccc                HAL_DMA_Abort_IT
 *fill*         0x0000000008001d3e        0x2 
 .text.HAL_DMA_IRQHandler
                0x0000000008001d40       0xe8 ./Drivers/STM32WLxx_HAL_Driver/stm32wlxx_hal_dma.o
                0x0000000008001d40                HAL_DMA_IRQHandler
 .text.HAL_DMA_ConfigChannelAttributes
                0x0000000008001e28       0x26 ./Drivers/STM32WLxx_HAL_Driver/stm32wlxx_hal_dma.o
                0x0000000008001e28                HAL_DMA_ConfigChannelAttributes
 *fill*         0x0000000008001e4e        0x2 
 .text.HAL_GPIO_Init
                0x0000000008001e50      0x170 ./Drivers/STM32WLxx_HAL_Driver/stm32wlxx_hal_gpio.o
                0x0000000008001e50                HAL_GPIO_Init
 .text.HAL_GPIO_DeInit
                0x0000000008001fc0       0xf8 ./Drivers/STM32WLxx_HAL_Driver/stm32wlxx_hal_gpio.o
                0x0000000008001fc0                HAL_GPIO_DeInit
 .text.HAL_GPIO_WritePin
                0x00000000080020b8        0xa ./Drivers/STM32WLxx_HAL_Driver/stm32wlxx_hal_gpio.o
                0x00000000080020b8                HAL_GPIO_WritePin
 .text.HAL_GPIO_EXTI_Callback
                0x00000000080020c2        0x2 ./Drivers/STM32WLxx_HAL_Driver/stm32wlxx_hal_gpio.o
                0x00000000080020c2                HAL_GPIO_EXTI_Callback
 .text.HAL_GPIO_EXTI_IRQHandler
                0x00000000080020c4       0x1c ./Drivers/STM32WLxx_HAL_Driver/stm32wlxx_hal_gpio.o
                0x00000000080020c4                HAL_GPIO_EXTI_IRQHandler
 .text.I2C_Flush_TXDR
                0x00000000080020e0       0x22 ./Drivers/STM32WLxx_HAL_Driver/stm32wlxx_hal_i2c.o
 .text.I2C_TransferConfig
                0x0000000008002102       0x3a ./Drivers/STM32WLxx_HAL_Driver/stm32wlxx_hal_i2c.o
 .text.I2C_IsErrorOccurred
                0x000000000800213c      0x12c ./Drivers/STM32WLxx_HAL_Driver/stm32wlxx_hal_i2c.o
 .text.I2C_WaitOnTXISFlagUntilTimeout
                0x0000000008002268       0x56 ./Drivers/STM32WLxx_HAL_Driver/stm32wlxx_hal_i2c.o
 .text.I2C_WaitOnFlagUntilTimeout
                0x00000000080022be       0x56 ./Drivers/STM32WLxx_HAL_Driver/stm32wlxx_hal_i2c.o
 .text.I2C_WaitOnSTOPFlagUntilTimeout
                0x0000000008002314       0x50 ./Drivers/STM32WLxx_HAL_Driver/stm32wlxx_hal_i2c.o
 .text.HAL_I2C_Init
                0x0000000008002364       0xbc ./Drivers/STM32WLxx_HAL_Driver/stm32wlxx_hal_i2c.o
                0x0000000008002364                HAL_I2C_Init
 .text.HAL_I2C_Master_Transmit
                0x0000000008002420      0x17c ./Drivers/STM32WLxx_HAL_Driver/stm32wlxx_hal_i2c.o
                0x0000000008002420                HAL_I2C_Master_Transmit
 .text.HAL_I2CEx_ConfigAnalogFilter
                0x000000000800259c       0x5c ./Drivers/STM32WLxx_HAL_Driver/stm32wlxx_hal_i2c_ex.o
                0x000000000800259c                HAL_I2CEx_ConfigAnalogFilter
 .text.HAL_I2CEx_ConfigDigitalFilter
                0x00000000080025f8       0x58 ./Drivers/STM32WLxx_HAL_Driver/stm32wlxx_hal_i2c_ex.o
                0x00000000080025f8                HAL_I2CEx_ConfigDigitalFilter
 .text.HAL_PWR_EnableBkUpAccess
                0x0000000008002650       0x10 ./Drivers/STM32WLxx_HAL_Driver/stm32wlxx_hal_pwr.o
                0x0000000008002650                HAL_PWR_EnableBkUpAccess
 .text.HAL_PWR_EnterSLEEPMode
                0x0000000008002660       0x4c ./Drivers/STM32WLxx_HAL_Driver/stm32wlxx_hal_pwr.o
                0x0000000008002660                HAL_PWR_EnterSLEEPMode
 .text.HAL_PWREx_GetVoltageRange
                0x00000000080026ac       0x10 ./Drivers/STM32WLxx_HAL_Driver/stm32wlxx_hal_pwr_ex.o
                0x00000000080026ac                HAL_PWREx_GetVoltageRange
 .text.HAL_PWREx_EnableLowPowerRunMode
                0x00000000080026bc       0x10 ./Drivers/STM32WLxx_HAL_Driver/stm32wlxx_hal_pwr_ex.o
                0x00000000080026bc                HAL_PWREx_EnableLowPowerRunMode
 .text.HAL_PWREx_DisableLowPowerRunMode
                0x00000000080026cc       0x4c ./Drivers/STM32WLxx_HAL_Driver/stm32wlxx_hal_pwr_ex.o
                0x00000000080026cc                HAL_PWREx_DisableLowPowerRunMode
 .text.HAL_PWREx_EnterSTOP2Mode
                0x0000000008002718       0x3c ./Drivers/STM32WLxx_HAL_Driver/stm32wlxx_hal_pwr_ex.o
                0x0000000008002718                HAL_PWREx_EnterSTOP2Mode
 .text.RCC_SetFlashLatency
                0x0000000008002754       0xb8 ./Drivers/STM32WLxx_HAL_Driver/stm32wlxx_hal_rcc.o
 .text.RCC_SetFlashLatencyFromMSIRange
                0x000000000800280c       0x44 ./Drivers/STM32WLxx_HAL_Driver/stm32wlxx_hal_rcc.o
 .text.HAL_RCC_GetSysClockFreq
                0x0000000008002850      0x110 ./Drivers/STM32WLxx_HAL_Driver/stm32wlxx_hal_rcc.o
                0x0000000008002850                HAL_RCC_GetSysClockFreq
 .text.HAL_RCC_GetHCLKFreq
                0x0000000008002960       0x20 ./Drivers/STM32WLxx_HAL_Driver/stm32wlxx_hal_rcc.o
                0x0000000008002960                HAL_RCC_GetHCLKFreq
 .text.HAL_RCC_OscConfig
                0x0000000008002980      0x678 ./Drivers/STM32WLxx_HAL_Driver/stm32wlxx_hal_rcc.o
                0x0000000008002980                HAL_RCC_OscConfig
 .text.HAL_RCC_ClockConfig
                0x0000000008002ff8      0x268 ./Drivers/STM32WLxx_HAL_Driver/stm32wlxx_hal_rcc.o
                0x0000000008002ff8                HAL_RCC_ClockConfig
 .text.HAL_RCC_GetPCLK1Freq
                0x0000000008003260       0x20 ./Drivers/STM32WLxx_HAL_Driver/stm32wlxx_hal_rcc.o
                0x0000000008003260                HAL_RCC_GetPCLK1Freq
 .text.HAL_RCC_GetPCLK2Freq
                0x0000000008003280       0x20 ./Drivers/STM32WLxx_HAL_Driver/stm32wlxx_hal_rcc.o
                0x0000000008003280                HAL_RCC_GetPCLK2Freq
 .text.HAL_RCCEx_PeriphCLKConfig
                0x00000000080032a0      0x284 ./Drivers/STM32WLxx_HAL_Driver/stm32wlxx_hal_rcc_ex.o
                0x00000000080032a0                HAL_RCCEx_PeriphCLKConfig
 .text.HAL_RTC_DeactivateAlarm
                0x0000000008003524       0x80 ./Drivers/STM32WLxx_HAL_Driver/stm32wlxx_hal_rtc.o
                0x0000000008003524                HAL_RTC_DeactivateAlarm
 .text.HAL_RTC_AlarmIRQHandler
                0x00000000080035a4       0x40 ./Drivers/STM32WLxx_HAL_Driver/stm32wlxx_hal_rtc.o
                0x00000000080035a4                HAL_RTC_AlarmIRQHandler
 .text.HAL_RTC_WaitForSynchro
                0x00000000080035e4       0x34 ./Drivers/STM32WLxx_HAL_Driver/stm32wlxx_hal_rtc.o
                0x00000000080035e4                HAL_RTC_WaitForSynchro
 .text.RTC_EnterInitMode
                0x0000000008003618       0x4c ./Drivers/STM32WLxx_HAL_Driver/stm32wlxx_hal_rtc.o
                0x0000000008003618                RTC_EnterInitMode
 .text.RTC_ExitInitMode
                0x0000000008003664       0x4c ./Drivers/STM32WLxx_HAL_Driver/stm32wlxx_hal_rtc.o
                0x0000000008003664                RTC_ExitInitMode
 .text.HAL_RTC_Init
                0x00000000080036b0       0xa4 ./Drivers/STM32WLxx_HAL_Driver/stm32wlxx_hal_rtc.o
                0x00000000080036b0                HAL_RTC_Init
 .text.RTC_ByteToBcd2
                0x0000000008003754       0x16 ./Drivers/STM32WLxx_HAL_Driver/stm32wlxx_hal_rtc.o
                0x0000000008003754                RTC_ByteToBcd2
 *fill*         0x000000000800376a        0x2 
 .text.HAL_RTC_SetAlarm_IT
                0x000000000800376c      0x178 ./Drivers/STM32WLxx_HAL_Driver/stm32wlxx_hal_rtc.o
                0x000000000800376c                HAL_RTC_SetAlarm_IT
 .text.HAL_RTCEx_EnableBypassShadow
                0x00000000080038e4       0x40 ./Drivers/STM32WLxx_HAL_Driver/stm32wlxx_hal_rtc_ex.o
                0x00000000080038e4                HAL_RTCEx_EnableBypassShadow
 .text.HAL_RTCEx_SetSSRU_IT
                0x0000000008003924       0x58 ./Drivers/STM32WLxx_HAL_Driver/stm32wlxx_hal_rtc_ex.o
                0x0000000008003924                HAL_RTCEx_SetSSRU_IT
 .text.HAL_RTCEx_SSRUIRQHandler
                0x000000000800397c       0x28 ./Drivers/STM32WLxx_HAL_Driver/stm32wlxx_hal_rtc_ex.o
                0x000000000800397c                HAL_RTCEx_SSRUIRQHandler
 .text.HAL_RTCEx_AlarmBEventCallback
                0x00000000080039a4        0x2 ./Drivers/STM32WLxx_HAL_Driver/stm32wlxx_hal_rtc_ex.o
                0x00000000080039a4                HAL_RTCEx_AlarmBEventCallback
 .text.HAL_RTCEx_BKUPWrite
                0x00000000080039a6        0xe ./Drivers/STM32WLxx_HAL_Driver/stm32wlxx_hal_rtc_ex.o
                0x00000000080039a6                HAL_RTCEx_BKUPWrite
 .text.HAL_RTCEx_BKUPRead
                0x00000000080039b4        0xe ./Drivers/STM32WLxx_HAL_Driver/stm32wlxx_hal_rtc_ex.o
                0x00000000080039b4                HAL_RTCEx_BKUPRead
 *fill*         0x00000000080039c2        0x2 
 .text.SUBGHZSPI_Init
                0x00000000080039c4       0x24 ./Drivers/STM32WLxx_HAL_Driver/stm32wlxx_hal_subghz.o
                0x00000000080039c4                SUBGHZSPI_Init
 .text.HAL_SUBGHZ_Init
                0x00000000080039e8       0xb8 ./Drivers/STM32WLxx_HAL_Driver/stm32wlxx_hal_subghz.o
                0x00000000080039e8                HAL_SUBGHZ_Init
 .text.SUBGHZSPI_Transmit
                0x0000000008003aa0       0x7c ./Drivers/STM32WLxx_HAL_Driver/stm32wlxx_hal_subghz.o
                0x0000000008003aa0                SUBGHZSPI_Transmit
 .text.SUBGHZSPI_Receive
                0x0000000008003b1c       0x84 ./Drivers/STM32WLxx_HAL_Driver/stm32wlxx_hal_subghz.o
                0x0000000008003b1c                SUBGHZSPI_Receive
 .text.SUBGHZ_WaitOnBusy
                0x0000000008003ba0       0x58 ./Drivers/STM32WLxx_HAL_Driver/stm32wlxx_hal_subghz.o
                0x0000000008003ba0                SUBGHZ_WaitOnBusy
 .text.SUBGHZ_CheckDeviceReady
                0x0000000008003bf8       0x54 ./Drivers/STM32WLxx_HAL_Driver/stm32wlxx_hal_subghz.o
                0x0000000008003bf8                SUBGHZ_CheckDeviceReady
 .text.HAL_SUBGHZ_WriteRegisters
                0x0000000008003c4c       0xa0 ./Drivers/STM32WLxx_HAL_Driver/stm32wlxx_hal_subghz.o
                0x0000000008003c4c                HAL_SUBGHZ_WriteRegisters
 .text.HAL_SUBGHZ_ReadRegisters
                0x0000000008003cec       0xa8 ./Drivers/STM32WLxx_HAL_Driver/stm32wlxx_hal_subghz.o
                0x0000000008003cec                HAL_SUBGHZ_ReadRegisters
 .text.HAL_SUBGHZ_ExecSetCmd
                0x0000000008003d94       0xac ./Drivers/STM32WLxx_HAL_Driver/stm32wlxx_hal_subghz.o
                0x0000000008003d94                HAL_SUBGHZ_ExecSetCmd
 .text.HAL_SUBGHZ_ExecGetCmd
                0x0000000008003e40       0x98 ./Drivers/STM32WLxx_HAL_Driver/stm32wlxx_hal_subghz.o
                0x0000000008003e40                HAL_SUBGHZ_ExecGetCmd
 .text.HAL_SUBGHZ_IRQHandler
                0x0000000008003ed8       0xc0 ./Drivers/STM32WLxx_HAL_Driver/stm32wlxx_hal_subghz.o
                0x0000000008003ed8                HAL_SUBGHZ_IRQHandler
 .text.HAL_SUBGHZ_WriteBuffer
                0x0000000008003f98       0x94 ./Drivers/STM32WLxx_HAL_Driver/stm32wlxx_hal_subghz.o
                0x0000000008003f98                HAL_SUBGHZ_WriteBuffer
 .text.HAL_SUBGHZ_ReadBuffer
                0x000000000800402c       0xa0 ./Drivers/STM32WLxx_HAL_Driver/stm32wlxx_hal_subghz.o
                0x000000000800402c                HAL_SUBGHZ_ReadBuffer
 .text.UART_EndTxTransfer
                0x00000000080040cc       0x32 ./Drivers/STM32WLxx_HAL_Driver/stm32wlxx_hal_uart.o
 .text.UART_EndRxTransfer
                0x00000000080040fe       0x56 ./Drivers/STM32WLxx_HAL_Driver/stm32wlxx_hal_uart.o
 .text.HAL_UART_Transmit_DMA
                0x0000000008004154       0xc0 ./Drivers/STM32WLxx_HAL_Driver/stm32wlxx_hal_uart.o
                0x0000000008004154                HAL_UART_Transmit_DMA
 .text.UART_DMATransmitCplt
                0x0000000008004214       0x48 ./Drivers/STM32WLxx_HAL_Driver/stm32wlxx_hal_uart.o
 .text.UART_EndTransmit_IT
                0x000000000800425c       0x24 ./Drivers/STM32WLxx_HAL_Driver/stm32wlxx_hal_uart.o
 .text.HAL_UART_TxHalfCpltCallback
                0x0000000008004280        0x2 ./Drivers/STM32WLxx_HAL_Driver/stm32wlxx_hal_uart.o
                0x0000000008004280                HAL_UART_TxHalfCpltCallback
 .text.UART_DMATxHalfCplt
                0x0000000008004282        0xa ./Drivers/STM32WLxx_HAL_Driver/stm32wlxx_hal_uart.o
 .text.HAL_UART_ErrorCallback
                0x000000000800428c        0x2 ./Drivers/STM32WLxx_HAL_Driver/stm32wlxx_hal_uart.o
                0x000000000800428c                HAL_UART_ErrorCallback
 .text.UART_DMAError
                0x000000000800428e       0x58 ./Drivers/STM32WLxx_HAL_Driver/stm32wlxx_hal_uart.o
 .text.UART_DMAAbortOnError
                0x00000000080042e6       0x14 ./Drivers/STM32WLxx_HAL_Driver/stm32wlxx_hal_uart.o
 .text.HAL_UARTEx_RxEventCallback
                0x00000000080042fa        0x2 ./Drivers/STM32WLxx_HAL_Driver/stm32wlxx_hal_uart.o
                0x00000000080042fa                HAL_UARTEx_RxEventCallback
 .text.HAL_UART_IRQHandler
                0x00000000080042fc      0x334 ./Drivers/STM32WLxx_HAL_Driver/stm32wlxx_hal_uart.o
                0x00000000080042fc                HAL_UART_IRQHandler
 .text.UART_RxISR_8BIT
                0x0000000008004630       0xb2 ./Drivers/STM32WLxx_HAL_Driver/stm32wlxx_hal_uart.o
 .text.UART_RxISR_16BIT
                0x00000000080046e2       0xb0 ./Drivers/STM32WLxx_HAL_Driver/stm32wlxx_hal_uart.o
 *fill*         0x0000000008004792        0x2 
 .text.UART_RxISR_8BIT_FIFOEN
                0x0000000008004794      0x1a0 ./Drivers/STM32WLxx_HAL_Driver/stm32wlxx_hal_uart.o
 .text.UART_RxISR_16BIT_FIFOEN
                0x0000000008004934      0x1a0 ./Drivers/STM32WLxx_HAL_Driver/stm32wlxx_hal_uart.o
 .text.UART_SetConfig
                0x0000000008004ad4      0x2d4 ./Drivers/STM32WLxx_HAL_Driver/stm32wlxx_hal_uart.o
                0x0000000008004ad4                UART_SetConfig
 .text.UART_AdvFeatureConfig
                0x0000000008004da8       0xca ./Drivers/STM32WLxx_HAL_Driver/stm32wlxx_hal_uart.o
                0x0000000008004da8                UART_AdvFeatureConfig
 .text.UART_WaitOnFlagUntilTimeout
                0x0000000008004e72       0xd8 ./Drivers/STM32WLxx_HAL_Driver/stm32wlxx_hal_uart.o
                0x0000000008004e72                UART_WaitOnFlagUntilTimeout
 .text.UART_CheckIdleState
                0x0000000008004f4a       0x74 ./Drivers/STM32WLxx_HAL_Driver/stm32wlxx_hal_uart.o
                0x0000000008004f4a                UART_CheckIdleState
 .text.HAL_UART_Init
                0x0000000008004fbe       0x66 ./Drivers/STM32WLxx_HAL_Driver/stm32wlxx_hal_uart.o
                0x0000000008004fbe                HAL_UART_Init
 .text.UART_Start_Receive_IT
                0x0000000008005024      0x148 ./Drivers/STM32WLxx_HAL_Driver/stm32wlxx_hal_uart.o
                0x0000000008005024                UART_Start_Receive_IT
 .text.HAL_UART_Receive_IT
                0x000000000800516c       0x5c ./Drivers/STM32WLxx_HAL_Driver/stm32wlxx_hal_uart.o
                0x000000000800516c                HAL_UART_Receive_IT
 .text.UARTEx_Wakeup_AddressConfig
                0x00000000080051c8       0x2e ./Drivers/STM32WLxx_HAL_Driver/stm32wlxx_hal_uart_ex.o
 *fill*         0x00000000080051f6        0x2 
 .text.UARTEx_SetNbDataToProcess
                0x00000000080051f8       0x4c ./Drivers/STM32WLxx_HAL_Driver/stm32wlxx_hal_uart_ex.o
 .text.HAL_UARTEx_WakeupCallback
                0x0000000008005244        0x2 ./Drivers/STM32WLxx_HAL_Driver/stm32wlxx_hal_uart_ex.o
                0x0000000008005244                HAL_UARTEx_WakeupCallback
 .text.HAL_UARTEx_RxFifoFullCallback
                0x0000000008005246        0x2 ./Drivers/STM32WLxx_HAL_Driver/stm32wlxx_hal_uart_ex.o
                0x0000000008005246                HAL_UARTEx_RxFifoFullCallback
 .text.HAL_UARTEx_TxFifoEmptyCallback
                0x0000000008005248        0x2 ./Drivers/STM32WLxx_HAL_Driver/stm32wlxx_hal_uart_ex.o
                0x0000000008005248                HAL_UARTEx_TxFifoEmptyCallback
 .text.HAL_UARTEx_StopModeWakeUpSourceConfig
                0x000000000800524a       0x82 ./Drivers/STM32WLxx_HAL_Driver/stm32wlxx_hal_uart_ex.o
                0x000000000800524a                HAL_UARTEx_StopModeWakeUpSourceConfig
 .text.HAL_UARTEx_EnableStopMode
                0x00000000080052cc       0x2e ./Drivers/STM32WLxx_HAL_Driver/stm32wlxx_hal_uart_ex.o
                0x00000000080052cc                HAL_UARTEx_EnableStopMode
 .text.HAL_UARTEx_EnableFifoMode
                0x00000000080052fa       0x48 ./Drivers/STM32WLxx_HAL_Driver/stm32wlxx_hal_uart_ex.o
                0x00000000080052fa                HAL_UARTEx_EnableFifoMode
 .text.HAL_UARTEx_SetTxFifoThreshold
                0x0000000008005342       0x4a ./Drivers/STM32WLxx_HAL_Driver/stm32wlxx_hal_uart_ex.o
                0x0000000008005342                HAL_UARTEx_SetTxFifoThreshold
 .text.HAL_UARTEx_SetRxFifoThreshold
                0x000000000800538c       0x4a ./Drivers/STM32WLxx_HAL_Driver/stm32wlxx_hal_uart_ex.o
                0x000000000800538c                HAL_UARTEx_SetRxFifoThreshold
 .text.RadioCheckRfFrequency
                0x00000000080053d6        0x4 ./Middlewares/SubGHz_Phy/radio.o
 *fill*         0x00000000080053da        0x2 
 .text.RadioGetLoRaBandwidthInHz
                0x00000000080053dc       0x5c ./Middlewares/SubGHz_Phy/radio.o
 .text.RadioGetGfskTimeOnAirNumerator
                0x0000000008005438       0x26 ./Middlewares/SubGHz_Phy/radio.o
 .text.RadioGetLoRaTimeOnAirNumerator
                0x000000000800545e       0x92 ./Middlewares/SubGHz_Phy/radio.o
 .text.RadioTimeOnAir
                0x00000000080054f0       0x74 ./Middlewares/SubGHz_Phy/radio.o
 .text.RadioOnTxTimeoutProcess
                0x0000000008005564       0x20 ./Middlewares/SubGHz_Phy/radio.o
 .text.RadioOnTxTimeoutIrq
                0x0000000008005584        0x8 ./Middlewares/SubGHz_Phy/radio.o
 .text.RadioOnRxTimeoutProcess
                0x000000000800558c       0x20 ./Middlewares/SubGHz_Phy/radio.o
 .text.RadioOnRxTimeoutIrq
                0x00000000080055ac        0x8 ./Middlewares/SubGHz_Phy/radio.o
 .text.payload_integration
                0x00000000080055b4       0xaa ./Middlewares/SubGHz_Phy/radio.o
 *fill*         0x000000000800565e        0x2 
 .text.RadioSetMaxPayloadLength
                0x0000000008005660       0x38 ./Middlewares/SubGHz_Phy/radio.o
 .text.RadioRead
                0x0000000008005698        0x8 ./Middlewares/SubGHz_Phy/radio.o
 .text.RadioWrite
                0x00000000080056a0        0x8 ./Middlewares/SubGHz_Phy/radio.o
 .text.RadioTxCw
                0x00000000080056a8       0x12 ./Middlewares/SubGHz_Phy/radio.o
 *fill*         0x00000000080056ba        0x2 
 .text.RadioTxPrbs
                0x00000000080056bc       0x2c ./Middlewares/SubGHz_Phy/radio.o
 .text.RadioSetRxDutyCycle
                0x00000000080056e8       0x34 ./Middlewares/SubGHz_Phy/radio.o
 .text.RadioRxBoosted
                0x000000000800571c       0x70 ./Middlewares/SubGHz_Phy/radio.o
 .text.RadioStandby
                0x000000000800578c        0xa ./Middlewares/SubGHz_Phy/radio.o
 .text.RadioGetStatus
                0x0000000008005796       0x22 ./Middlewares/SubGHz_Phy/radio.o
 .text.RadioIrqProcess
                0x00000000080057b8      0x348 ./Middlewares/SubGHz_Phy/radio.o
 .text.RadioOnDioIrq
                0x0000000008005b00       0x14 ./Middlewares/SubGHz_Phy/radio.o
 .text.RadioGetWakeupTime
                0x0000000008005b14        0xa ./Middlewares/SubGHz_Phy/radio.o
 .text.RadioReadRegisters
                0x0000000008005b1e        0x8 ./Middlewares/SubGHz_Phy/radio.o
 .text.RadioWriteRegisters
                0x0000000008005b26        0x8 ./Middlewares/SubGHz_Phy/radio.o
 .text.RadioRssi
                0x0000000008005b2e        0xa ./Middlewares/SubGHz_Phy/radio.o
 .text.RadioSetTxContinuousWave
                0x0000000008005b38       0x38 ./Middlewares/SubGHz_Phy/radio.o
 .text.RadioSetChannel
                0x0000000008005b70        0x8 ./Middlewares/SubGHz_Phy/radio.o
 .text.RadioStartCad
                0x0000000008005b78       0x28 ./Middlewares/SubGHz_Phy/radio.o
 .text.RadioRx  0x0000000008005ba0       0x70 ./Middlewares/SubGHz_Phy/radio.o
 .text.RadioSleep
                0x0000000008005c10       0x12 ./Middlewares/SubGHz_Phy/radio.o
 *fill*         0x0000000008005c22        0x2 
 .text.RadioSend
                0x0000000008005c24      0x1a0 ./Middlewares/SubGHz_Phy/radio.o
 .text.RadioRandom
                0x0000000008005dc4       0x14 ./Middlewares/SubGHz_Phy/radio.o
 .text.RadioSetModem
                0x0000000008005dd8       0x7c ./Middlewares/SubGHz_Phy/radio.o
 .text.RadioSetTxGenericConfig
                0x0000000008005e54      0x310 ./Middlewares/SubGHz_Phy/radio.o
 .text.RadioSetRxGenericConfig
                0x0000000008006164      0x280 ./Middlewares/SubGHz_Phy/radio.o
 .text.RadioSetPublicNetwork
                0x00000000080063e4       0x44 ./Middlewares/SubGHz_Phy/radio.o
 .text.RadioSetTxConfig
                0x0000000008006428      0x1a0 ./Middlewares/SubGHz_Phy/radio.o
 .text.RadioSetRxConfig
                0x00000000080065c8      0x2e4 ./Middlewares/SubGHz_Phy/radio.o
 .text.RadioIsChannelFree
                0x00000000080068ac       0x7c ./Middlewares/SubGHz_Phy/radio.o
 .text.RadioInit
                0x0000000008006928       0x98 ./Middlewares/SubGHz_Phy/radio.o
 .text.SUBGRF_WriteCommand
                0x00000000080069c0       0x20 ./Middlewares/SubGHz_Phy/radio_driver.o
 .text.SUBGRF_ReadCommand
                0x00000000080069e0       0x20 ./Middlewares/SubGHz_Phy/radio_driver.o
 .text.SUBGRF_GetOperatingMode
                0x0000000008006a00        0xc ./Middlewares/SubGHz_Phy/radio_driver.o
                0x0000000008006a00                SUBGRF_GetOperatingMode
 .text.SUBGRF_SetStandby
                0x0000000008006a0c       0x34 ./Middlewares/SubGHz_Phy/radio_driver.o
                0x0000000008006a0c                SUBGRF_SetStandby
 .text.SUBGRF_SetTx
                0x0000000008006a40       0x34 ./Middlewares/SubGHz_Phy/radio_driver.o
                0x0000000008006a40                SUBGRF_SetTx
 .text.SUBGRF_SetRx
                0x0000000008006a74       0x34 ./Middlewares/SubGHz_Phy/radio_driver.o
                0x0000000008006a74                SUBGRF_SetRx
 .text.SUBGRF_SetRxDutyCycle
                0x0000000008006aa8       0x48 ./Middlewares/SubGHz_Phy/radio_driver.o
                0x0000000008006aa8                SUBGRF_SetRxDutyCycle
 .text.SUBGRF_SetCad
                0x0000000008006af0       0x18 ./Middlewares/SubGHz_Phy/radio_driver.o
                0x0000000008006af0                SUBGRF_SetCad
 .text.SUBGRF_SetTxContinuousWave
                0x0000000008006b08        0xe ./Middlewares/SubGHz_Phy/radio_driver.o
                0x0000000008006b08                SUBGRF_SetTxContinuousWave
 .text.SUBGRF_SetTxInfinitePreamble
                0x0000000008006b16        0xe ./Middlewares/SubGHz_Phy/radio_driver.o
                0x0000000008006b16                SUBGRF_SetTxInfinitePreamble
 .text.SUBGRF_SetStopRxTimerOnPreambleDetect
                0x0000000008006b24       0x1a ./Middlewares/SubGHz_Phy/radio_driver.o
                0x0000000008006b24                SUBGRF_SetStopRxTimerOnPreambleDetect
 .text.SUBGRF_SetRegulatorMode
                0x0000000008006b3e       0x2c ./Middlewares/SubGHz_Phy/radio_driver.o
                0x0000000008006b3e                SUBGRF_SetRegulatorMode
 .text.SUBGRF_Calibrate
                0x0000000008006b6a       0x4e ./Middlewares/SubGHz_Phy/radio_driver.o
                0x0000000008006b6a                SUBGRF_Calibrate
 .text.SUBGRF_CalibrateImage
                0x0000000008006bb8       0x8c ./Middlewares/SubGHz_Phy/radio_driver.o
                0x0000000008006bb8                SUBGRF_CalibrateImage
 .text.SUBGRF_SetPaConfig
                0x0000000008006c44       0x26 ./Middlewares/SubGHz_Phy/radio_driver.o
                0x0000000008006c44                SUBGRF_SetPaConfig
 .text.SUBGRF_SetDioIrqParams
                0x0000000008006c6a       0x3a ./Middlewares/SubGHz_Phy/radio_driver.o
                0x0000000008006c6a                SUBGRF_SetDioIrqParams
 .text.SUBGRF_SetTcxoMode
                0x0000000008006ca4       0x32 ./Middlewares/SubGHz_Phy/radio_driver.o
                0x0000000008006ca4                SUBGRF_SetTcxoMode
 *fill*         0x0000000008006cd6        0x2 
 .text.SUBGRF_SetRfFrequency
                0x0000000008006cd8       0x58 ./Middlewares/SubGHz_Phy/radio_driver.o
                0x0000000008006cd8                SUBGRF_SetRfFrequency
 .text.SUBGRF_GetPacketType
                0x0000000008006d30        0xc ./Middlewares/SubGHz_Phy/radio_driver.o
                0x0000000008006d30                SUBGRF_GetPacketType
 .text.SUBGRF_SetBufferBaseAddress
                0x0000000008006d3c       0x1c ./Middlewares/SubGHz_Phy/radio_driver.o
                0x0000000008006d3c                SUBGRF_SetBufferBaseAddress
 .text.SUBGRF_GetRssiInst
                0x0000000008006d58       0x1c ./Middlewares/SubGHz_Phy/radio_driver.o
                0x0000000008006d58                SUBGRF_GetRssiInst
 .text.SUBGRF_GetPacketStatus
                0x0000000008006d74       0x78 ./Middlewares/SubGHz_Phy/radio_driver.o
                0x0000000008006d74                SUBGRF_GetPacketStatus
 .text.SUBGRF_WriteRegister
                0x0000000008006dec       0x20 ./Middlewares/SubGHz_Phy/radio_driver.o
                0x0000000008006dec                SUBGRF_WriteRegister
 .text.SUBGRF_SetRxBoosted
                0x0000000008006e0c       0x3c ./Middlewares/SubGHz_Phy/radio_driver.o
                0x0000000008006e0c                SUBGRF_SetRxBoosted
 .text.SUBGRF_SetLoRaSymbNumTimeout
                0x0000000008006e48       0x42 ./Middlewares/SubGHz_Phy/radio_driver.o
                0x0000000008006e48                SUBGRF_SetLoRaSymbNumTimeout
 *fill*         0x0000000008006e8a        0x2 
 .text.SUBGRF_SetPacketType
                0x0000000008006e8c       0x30 ./Middlewares/SubGHz_Phy/radio_driver.o
                0x0000000008006e8c                SUBGRF_SetPacketType
 .text.SUBGRF_SetModulationParams
                0x0000000008006ebc      0x110 ./Middlewares/SubGHz_Phy/radio_driver.o
                0x0000000008006ebc                SUBGRF_SetModulationParams
 .text.SUBGRF_ReadRegister
                0x0000000008006fcc       0x20 ./Middlewares/SubGHz_Phy/radio_driver.o
                0x0000000008006fcc                SUBGRF_ReadRegister
 .text.Radio_SMPS_Set
                0x0000000008006fec       0x26 ./Middlewares/SubGHz_Phy/radio_driver.o
 *fill*         0x0000000008007012        0x2 
 .text.SUBGRF_Init
                0x0000000008007014       0x6c ./Middlewares/SubGHz_Phy/radio_driver.o
                0x0000000008007014                SUBGRF_Init
 .text.SUBGRF_SetSleep
                0x0000000008007080       0x44 ./Middlewares/SubGHz_Phy/radio_driver.o
                0x0000000008007080                SUBGRF_SetSleep
 .text.SUBGRF_SetWhiteningSeed
                0x00000000080070c4       0x32 ./Middlewares/SubGHz_Phy/radio_driver.o
                0x00000000080070c4                SUBGRF_SetWhiteningSeed
 .text.SUBGRF_SetTxParams
                0x00000000080070f6      0x11a ./Middlewares/SubGHz_Phy/radio_driver.o
                0x00000000080070f6                SUBGRF_SetTxParams
 .text.SUBGRF_GetRxBufferStatus
                0x0000000008007210       0x44 ./Middlewares/SubGHz_Phy/radio_driver.o
                0x0000000008007210                SUBGRF_GetRxBufferStatus
 .text.SUBGRF_WriteRegisters
                0x0000000008007254       0x20 ./Middlewares/SubGHz_Phy/radio_driver.o
                0x0000000008007254                SUBGRF_WriteRegisters
 .text.SUBGRF_SetSyncWord
                0x0000000008007274       0x12 ./Middlewares/SubGHz_Phy/radio_driver.o
                0x0000000008007274                SUBGRF_SetSyncWord
 .text.SUBGRF_SetCrcSeed
                0x0000000008007286       0x28 ./Middlewares/SubGHz_Phy/radio_driver.o
                0x0000000008007286                SUBGRF_SetCrcSeed
 .text.SUBGRF_SetCrcPolynomial
                0x00000000080072ae       0x28 ./Middlewares/SubGHz_Phy/radio_driver.o
                0x00000000080072ae                SUBGRF_SetCrcPolynomial
 *fill*         0x00000000080072d6        0x2 
 .text.SUBGRF_SetPacketParams
                0x00000000080072d8       0xe4 ./Middlewares/SubGHz_Phy/radio_driver.o
                0x00000000080072d8                SUBGRF_SetPacketParams
 .text.SUBGRF_ReadRegisters
                0x00000000080073bc       0x20 ./Middlewares/SubGHz_Phy/radio_driver.o
                0x00000000080073bc                SUBGRF_ReadRegisters
 .text.SUBGRF_GetRandom
                0x00000000080073dc       0x6a ./Middlewares/SubGHz_Phy/radio_driver.o
                0x00000000080073dc                SUBGRF_GetRandom
 *fill*         0x0000000008007446        0x2 
 .text.SUBGRF_WriteBuffer
                0x0000000008007448       0x20 ./Middlewares/SubGHz_Phy/radio_driver.o
                0x0000000008007448                SUBGRF_WriteBuffer
 .text.SUBGRF_SetPayload
                0x0000000008007468        0xe ./Middlewares/SubGHz_Phy/radio_driver.o
                0x0000000008007468                SUBGRF_SetPayload
 .text.SUBGRF_SendPayload
                0x0000000008007476       0x10 ./Middlewares/SubGHz_Phy/radio_driver.o
                0x0000000008007476                SUBGRF_SendPayload
 *fill*         0x0000000008007486        0x2 
 .text.SUBGRF_ReadBuffer
                0x0000000008007488       0x20 ./Middlewares/SubGHz_Phy/radio_driver.o
                0x0000000008007488                SUBGRF_ReadBuffer
 .text.SUBGRF_GetPayload
                0x00000000080074a8       0x34 ./Middlewares/SubGHz_Phy/radio_driver.o
                0x00000000080074a8                SUBGRF_GetPayload
 .text.SUBGRF_SetSwitch
                0x00000000080074dc       0x28 ./Middlewares/SubGHz_Phy/radio_driver.o
                0x00000000080074dc                SUBGRF_SetSwitch
 .text.SUBGRF_SetRfTxPower
                0x0000000008007504       0x2e ./Middlewares/SubGHz_Phy/radio_driver.o
                0x0000000008007504                SUBGRF_SetRfTxPower
 .text.SUBGRF_GetRadioWakeUpTime
                0x0000000008007532        0x4 ./Middlewares/SubGHz_Phy/radio_driver.o
                0x0000000008007532                SUBGRF_GetRadioWakeUpTime
 *fill*         0x0000000008007536        0x2 
 .text.HAL_SUBGHZ_TxCpltCallback
                0x0000000008007538       0x10 ./Middlewares/SubGHz_Phy/radio_driver.o
                0x0000000008007538                HAL_SUBGHZ_TxCpltCallback
 .text.HAL_SUBGHZ_RxCpltCallback
                0x0000000008007548       0x10 ./Middlewares/SubGHz_Phy/radio_driver.o
                0x0000000008007548                HAL_SUBGHZ_RxCpltCallback
 .text.HAL_SUBGHZ_CRCErrorCallback
                0x0000000008007558       0x10 ./Middlewares/SubGHz_Phy/radio_driver.o
                0x0000000008007558                HAL_SUBGHZ_CRCErrorCallback
 .text.HAL_SUBGHZ_CADStatusCallback
                0x0000000008007568       0x24 ./Middlewares/SubGHz_Phy/radio_driver.o
                0x0000000008007568                HAL_SUBGHZ_CADStatusCallback
 .text.HAL_SUBGHZ_RxTxTimeoutCallback
                0x000000000800758c       0x14 ./Middlewares/SubGHz_Phy/radio_driver.o
                0x000000000800758c                HAL_SUBGHZ_RxTxTimeoutCallback
 .text.HAL_SUBGHZ_HeaderErrorCallback
                0x00000000080075a0       0x10 ./Middlewares/SubGHz_Phy/radio_driver.o
                0x00000000080075a0                HAL_SUBGHZ_HeaderErrorCallback
 .text.HAL_SUBGHZ_PreambleDetectedCallback
                0x00000000080075b0       0x10 ./Middlewares/SubGHz_Phy/radio_driver.o
                0x00000000080075b0                HAL_SUBGHZ_PreambleDetectedCallback
 .text.HAL_SUBGHZ_SyncWordValidCallback
                0x00000000080075c0       0x10 ./Middlewares/SubGHz_Phy/radio_driver.o
                0x00000000080075c0                HAL_SUBGHZ_SyncWordValidCallback
 .text.HAL_SUBGHZ_HeaderValidCallback
                0x00000000080075d0       0x10 ./Middlewares/SubGHz_Phy/radio_driver.o
                0x00000000080075d0                HAL_SUBGHZ_HeaderValidCallback
 .text.SUBGRF_GetFskBandwidthRegValue
                0x00000000080075e0       0x34 ./Middlewares/SubGHz_Phy/radio_driver.o
                0x00000000080075e0                SUBGRF_GetFskBandwidthRegValue
 .text.SUBGRF_GetCFO
                0x0000000008007614       0x88 ./Middlewares/SubGHz_Phy/radio_driver.o
                0x0000000008007614                SUBGRF_GetCFO
 .text.RFW_WhiteInitState
                0x000000000800769c        0x4 ./Middlewares/SubGHz_Phy/radio_fw.o
 .text.RFW_WhiteSetState
                0x00000000080076a0        0x6 ./Middlewares/SubGHz_Phy/radio_fw.o
 .text.RFW_CrcInitState
                0x00000000080076a6        0x8 ./Middlewares/SubGHz_Phy/radio_fw.o
 .text.RFW_CrcSetState
                0x00000000080076ae        0x6 ./Middlewares/SubGHz_Phy/radio_fw.o
 .text.RFW_WhiteRun
                0x00000000080076b4       0x32 ./Middlewares/SubGHz_Phy/radio_fw.o
 *fill*         0x00000000080076e6        0x2 
 .text.RFW_PollRxBytes
                0x00000000080076e8       0x54 ./Middlewares/SubGHz_Phy/radio_fw.o
 .text.RFW_ReceiveLongPacket
                0x000000000800773c       0xa4 ./Middlewares/SubGHz_Phy/radio_fw.o
                0x000000000800773c                RFW_ReceiveLongPacket
 .text.RFW_Init
                0x00000000080077e0       0xc8 ./Middlewares/SubGHz_Phy/radio_fw.o
                0x00000000080077e0                RFW_Init
 .text.RFW_DeInit
                0x00000000080078a8        0xc ./Middlewares/SubGHz_Phy/radio_fw.o
                0x00000000080078a8                RFW_DeInit
 .text.RFW_Is_Init
                0x00000000080078b4        0xc ./Middlewares/SubGHz_Phy/radio_fw.o
                0x00000000080078b4                RFW_Is_Init
 .text.RFW_Is_LongPacketModeEnabled
                0x00000000080078c0        0xc ./Middlewares/SubGHz_Phy/radio_fw.o
                0x00000000080078c0                RFW_Is_LongPacketModeEnabled
 .text.RFW_SetAntSwitch
                0x00000000080078cc        0xc ./Middlewares/SubGHz_Phy/radio_fw.o
                0x00000000080078cc                RFW_SetAntSwitch
 .text.RFW_ReceiveInit
                0x00000000080078d8       0x2c ./Middlewares/SubGHz_Phy/radio_fw.o
                0x00000000080078d8                RFW_ReceiveInit
 .text.RFW_DeInit_TxLongPacket
                0x0000000008007904       0x22 ./Middlewares/SubGHz_Phy/radio_fw.o
                0x0000000008007904                RFW_DeInit_TxLongPacket
 *fill*         0x0000000008007926        0x2 
 .text.RFW_SetRadioModem
                0x0000000008007928        0xc ./Middlewares/SubGHz_Phy/radio_fw.o
                0x0000000008007928                RFW_SetRadioModem
 .text.RFW_CrcRun1Byte
                0x0000000008007934       0x32 ./Middlewares/SubGHz_Phy/radio_fw.o
                0x0000000008007934                RFW_CrcRun1Byte
 .text.RFW_CrcRun
                0x0000000008007966       0x48 ./Middlewares/SubGHz_Phy/radio_fw.o
 *fill*         0x00000000080079ae        0x2 
 .text.RFW_TransmitLongPacket
                0x00000000080079b0      0x240 ./Middlewares/SubGHz_Phy/radio_fw.o
                0x00000000080079b0                RFW_TransmitLongPacket
 .text.RFW_TransmitLongPacket_TxChunkProcess
                0x0000000008007bf0      0x148 ./Middlewares/SubGHz_Phy/radio_fw.o
 .text.RFW_TransmitLongPacket_NewTxChunkTimerEvent
                0x0000000008007d38        0x8 ./Middlewares/SubGHz_Phy/radio_fw.o
 .text.RFW_GetPayload
                0x0000000008007d40      0x13c ./Middlewares/SubGHz_Phy/radio_fw.o
 .text.RFW_GetPayloadProcess
                0x0000000008007e7c      0x19c ./Middlewares/SubGHz_Phy/radio_fw.o
 .text.RFW_GetPayloadTimerEvent
                0x0000000008008018        0x8 ./Middlewares/SubGHz_Phy/radio_fw.o
 .text.RFW_TransmitInit
                0x0000000008008020       0xcc ./Middlewares/SubGHz_Phy/radio_fw.o
                0x0000000008008020                RFW_TransmitInit
 .text.RFW_GetPacketLength
                0x00000000080080ec       0x84 ./Middlewares/SubGHz_Phy/radio_fw.o
 .text.RFW_ReceivePayload
                0x0000000008008170       0xc4 ./Middlewares/SubGHz_Phy/radio_fw.o
                0x0000000008008170                RFW_ReceivePayload
 .text.TRACE_AllocateBufer
                0x0000000008008234       0x7c ./Utilities/stm32_adv_trace.o
 .text.TRACE_Lock
                0x00000000080082b0       0x18 ./Utilities/stm32_adv_trace.o
 .text.TRACE_UnLock
                0x00000000080082c8       0x18 ./Utilities/stm32_adv_trace.o
 .text.TRACE_IsLocked
                0x00000000080082e0       0x10 ./Utilities/stm32_adv_trace.o
 .text.UTIL_ADV_TRACE_Init
                0x00000000080082f0       0x34 ./Utilities/stm32_adv_trace.o
                0x00000000080082f0                UTIL_ADV_TRACE_Init
 .text.UTIL_ADV_TRACE_RegisterTimeStampFunction
                0x0000000008008324        0xc ./Utilities/stm32_adv_trace.o
                0x0000000008008324                UTIL_ADV_TRACE_RegisterTimeStampFunction
 .text.UTIL_ADV_TRACE_SetVerboseLevel
                0x0000000008008330        0xc ./Utilities/stm32_adv_trace.o
                0x0000000008008330                UTIL_ADV_TRACE_SetVerboseLevel
 .text.TRACE_Send
                0x000000000800833c       0x9c ./Utilities/stm32_adv_trace.o
 .text.UTIL_ADV_TRACE_COND_FSend
                0x00000000080083d8       0xc8 ./Utilities/stm32_adv_trace.o
                0x00000000080083d8                UTIL_ADV_TRACE_COND_FSend
 .text.TRACE_TxCpltCallback
                0x00000000080084a0       0xac ./Utilities/stm32_adv_trace.o
 .text.UTIL_LPM_Init
                0x000000000800854c       0x14 ./Utilities/stm32_lpm.o
                0x000000000800854c                UTIL_LPM_Init
 .text.UTIL_LPM_SetStopMode
                0x0000000008008560       0x2c ./Utilities/stm32_lpm.o
                0x0000000008008560                UTIL_LPM_SetStopMode
 .text.UTIL_LPM_SetOffMode
                0x000000000800858c       0x2c ./Utilities/stm32_lpm.o
                0x000000000800858c                UTIL_LPM_SetOffMode
 .text.UTIL_LPM_EnterLowPower
                0x00000000080085b8       0x48 ./Utilities/stm32_lpm.o
                0x00000000080085b8                UTIL_LPM_EnterLowPower
 .text.UTIL_MEM_cpy_8
                0x0000000008008600       0x14 ./Utilities/stm32_mem.o
                0x0000000008008600                UTIL_MEM_cpy_8
 .text.UTIL_MEM_set_8
                0x0000000008008614       0x10 ./Utilities/stm32_mem.o
                0x0000000008008614                UTIL_MEM_set_8
 .text.UTIL_SEQ_SetTask
                0x0000000008008624       0x2c ./Utilities/stm32_seq.o
                0x0000000008008624                UTIL_SEQ_SetTask
 .text.UTIL_SEQ_PreIdle
                0x0000000008008650        0x2 ./Utilities/stm32_seq.o
                0x0000000008008650                UTIL_SEQ_PreIdle
 .text.UTIL_SEQ_PostIdle
                0x0000000008008652        0x2 ./Utilities/stm32_seq.o
                0x0000000008008652                UTIL_SEQ_PostIdle
 .text.SEQ_BitPosition
                0x0000000008008654       0x3c ./Utilities/stm32_seq.o
                0x0000000008008654                SEQ_BitPosition
 .text.UTIL_SEQ_Run
                0x0000000008008690      0x124 ./Utilities/stm32_seq.o
                0x0000000008008690                UTIL_SEQ_Run
 .text.UTIL_SEQ_RegTask
                0x00000000080087b4       0x20 ./Utilities/stm32_seq.o
                0x00000000080087b4                UTIL_SEQ_RegTask
 .text.SysTimeAdd
                0x00000000080087d4       0x3a ./Utilities/stm32_systime.o
                0x00000000080087d4                SysTimeAdd
 *fill*         0x000000000800880e        0x2 
 .text.SysTimeGet
                0x0000000008008810       0x40 ./Utilities/stm32_systime.o
                0x0000000008008810                SysTimeGet
 .text.UTIL_TIMER_Init
                0x0000000008008850       0x18 ./Utilities/stm32_timer.o
                0x0000000008008850                UTIL_TIMER_Init
 .text.UTIL_TIMER_Create
                0x0000000008008868       0x3c ./Utilities/stm32_timer.o
                0x0000000008008868                UTIL_TIMER_Create
 .text.UTIL_TIMER_GetCurrentTime
                0x00000000080088a4       0x14 ./Utilities/stm32_timer.o
                0x00000000080088a4                UTIL_TIMER_GetCurrentTime
 .text.UTIL_TIMER_GetElapsedTime
                0x00000000080088b8       0x20 ./Utilities/stm32_timer.o
                0x00000000080088b8                UTIL_TIMER_GetElapsedTime
 .text.TimerExists
                0x00000000080088d8       0x1c ./Utilities/stm32_timer.o
                0x00000000080088d8                TimerExists
 .text.TimerSetTimeout
                0x00000000080088f4       0x30 ./Utilities/stm32_timer.o
                0x00000000080088f4                TimerSetTimeout
 .text.UTIL_TIMER_Stop
                0x0000000008008924       0x6c ./Utilities/stm32_timer.o
                0x0000000008008924                UTIL_TIMER_Stop
 .text.TimerInsertTimer
                0x0000000008008990       0x3c ./Utilities/stm32_timer.o
                0x0000000008008990                TimerInsertTimer
 .text.TimerInsertNewHeadTimer
                0x00000000080089cc       0x1c ./Utilities/stm32_timer.o
                0x00000000080089cc                TimerInsertNewHeadTimer
 .text.UTIL_TIMER_Start
                0x00000000080089e8       0x8c ./Utilities/stm32_timer.o
                0x00000000080089e8                UTIL_TIMER_Start
 .text.UTIL_TIMER_SetPeriod
                0x0000000008008a74       0x34 ./Utilities/stm32_timer.o
                0x0000000008008a74                UTIL_TIMER_SetPeriod
 .text.UTIL_TIMER_IRQ_Handler
                0x0000000008008aa8       0x8c ./Utilities/stm32_timer.o
                0x0000000008008aa8                UTIL_TIMER_IRQ_Handler
 .text.ee_skip_atoi
                0x0000000008008b34       0x24 ./Utilities/stm32_tiny_vsnprintf.o
 .text.ee_number
                0x0000000008008b58      0x10c ./Utilities/stm32_tiny_vsnprintf.o
 .text.tiny_vsnprintf_like
                0x0000000008008c64      0x18c ./Utilities/stm32_tiny_vsnprintf.o
                0x0000000008008c64                tiny_vsnprintf_like
 .text.__errno  0x0000000008008df0        0xc c:/st/stm32cubeide_1.8.0/stm32cubeide/plugins/com.st.stm32cube.ide.mcu.externaltools.gnu-tools-for-stm32.9-2020-q2-update.win32_2.0.0.202105311346/tools/bin/../lib/gcc/arm-none-eabi/9.3.1/../../../../arm-none-eabi/lib/thumb/v7e-m/nofp\libc_nano.a(lib_a-errno.o)
                0x0000000008008df0                __errno
 .text.__libc_init_array
                0x0000000008008dfc       0x48 c:/st/stm32cubeide_1.8.0/stm32cubeide/plugins/com.st.stm32cube.ide.mcu.externaltools.gnu-tools-for-stm32.9-2020-q2-update.win32_2.0.0.202105311346/tools/bin/../lib/gcc/arm-none-eabi/9.3.1/../../../../arm-none-eabi/lib/thumb/v7e-m/nofp\libc_nano.a(lib_a-init.o)
                0x0000000008008dfc                __libc_init_array
 .text.memcpy   0x0000000008008e44       0x1c c:/st/stm32cubeide_1.8.0/stm32cubeide/plugins/com.st.stm32cube.ide.mcu.externaltools.gnu-tools-for-stm32.9-2020-q2-update.win32_2.0.0.202105311346/tools/bin/../lib/gcc/arm-none-eabi/9.3.1/../../../../arm-none-eabi/lib/thumb/v7e-m/nofp\libc_nano.a(lib_a-memcpy-stub.o)
                0x0000000008008e44                memcpy
 .text.memset   0x0000000008008e60       0x10 c:/st/stm32cubeide_1.8.0/stm32cubeide/plugins/com.st.stm32cube.ide.mcu.externaltools.gnu-tools-for-stm32.9-2020-q2-update.win32_2.0.0.202105311346/tools/bin/../lib/gcc/arm-none-eabi/9.3.1/../../../../arm-none-eabi/lib/thumb/v7e-m/nofp\libc_nano.a(lib_a-memset.o)
                0x0000000008008e60                memset
 .text.sprintf  0x0000000008008e70       0x40 c:/st/stm32cubeide_1.8.0/stm32cubeide/plugins/com.st.stm32cube.ide.mcu.externaltools.gnu-tools-for-stm32.9-2020-q2-update.win32_2.0.0.202105311346/tools/bin/../lib/gcc/arm-none-eabi/9.3.1/../../../../arm-none-eabi/lib/thumb/v7e-m/nofp\libc_nano.a(lib_a-sprintf.o)
                0x0000000008008e70                siprintf
                0x0000000008008e70                sprintf
 .text.__ssputs_r
                0x0000000008008eb0       0xb6 c:/st/stm32cubeide_1.8.0/stm32cubeide/plugins/com.st.stm32cube.ide.mcu.externaltools.gnu-tools-for-stm32.9-2020-q2-update.win32_2.0.0.202105311346/tools/bin/../lib/gcc/arm-none-eabi/9.3.1/../../../../arm-none-eabi/lib/thumb/v7e-m/nofp\libc_nano.a(lib_a-nano-svfprintf.o)
                0x0000000008008eb0                __ssputs_r
 *fill*         0x0000000008008f66        0x2 
 .text._svfprintf_r
                0x0000000008008f68      0x200 c:/st/stm32cubeide_1.8.0/stm32cubeide/plugins/com.st.stm32cube.ide.mcu.externaltools.gnu-tools-for-stm32.9-2020-q2-update.win32_2.0.0.202105311346/tools/bin/../lib/gcc/arm-none-eabi/9.3.1/../../../../arm-none-eabi/lib/thumb/v7e-m/nofp\libc_nano.a(lib_a-nano-svfprintf.o)
                0x0000000008008f68                _svfiprintf_r
                0x0000000008008f68                _svfprintf_r
 .text._printf_common
                0x0000000008009168       0xda c:/st/stm32cubeide_1.8.0/stm32cubeide/plugins/com.st.stm32cube.ide.mcu.externaltools.gnu-tools-for-stm32.9-2020-q2-update.win32_2.0.0.202105311346/tools/bin/../lib/gcc/arm-none-eabi/9.3.1/../../../../arm-none-eabi/lib/thumb/v7e-m/nofp\libc_nano.a(lib_a-nano-vfprintf_i.o)
                0x0000000008009168                _printf_common
 *fill*         0x0000000008009242        0x2 
 .text._printf_i
                0x0000000008009244      0x24c c:/st/stm32cubeide_1.8.0/stm32cubeide/plugins/com.st.stm32cube.ide.mcu.externaltools.gnu-tools-for-stm32.9-2020-q2-update.win32_2.0.0.202105311346/tools/bin/../lib/gcc/arm-none-eabi/9.3.1/../../../../arm-none-eabi/lib/thumb/v7e-m/nofp\libc_nano.a(lib_a-nano-vfprintf_i.o)
                0x0000000008009244                _printf_i
 .text.memmove  0x0000000008009490       0x34 c:/st/stm32cubeide_1.8.0/stm32cubeide/plugins/com.st.stm32cube.ide.mcu.externaltools.gnu-tools-for-stm32.9-2020-q2-update.win32_2.0.0.202105311346/tools/bin/../lib/gcc/arm-none-eabi/9.3.1/../../../../arm-none-eabi/lib/thumb/v7e-m/nofp\libc_nano.a(lib_a-memmove.o)
                0x0000000008009490                memmove
 .text._free_r  0x00000000080094c4       0x9c c:/st/stm32cubeide_1.8.0/stm32cubeide/plugins/com.st.stm32cube.ide.mcu.externaltools.gnu-tools-for-stm32.9-2020-q2-update.win32_2.0.0.202105311346/tools/bin/../lib/gcc/arm-none-eabi/9.3.1/../../../../arm-none-eabi/lib/thumb/v7e-m/nofp\libc_nano.a(lib_a-nano-freer.o)
                0x00000000080094c4                _free_r
 .text._malloc_r
                0x0000000008009560       0xb4 c:/st/stm32cubeide_1.8.0/stm32cubeide/plugins/com.st.stm32cube.ide.mcu.externaltools.gnu-tools-for-stm32.9-2020-q2-update.win32_2.0.0.202105311346/tools/bin/../lib/gcc/arm-none-eabi/9.3.1/../../../../arm-none-eabi/lib/thumb/v7e-m/nofp\libc_nano.a(lib_a-nano-mallocr.o)
                0x0000000008009560                _malloc_r
 .text._realloc_r
                0x0000000008009614       0x4c c:/st/stm32cubeide_1.8.0/stm32cubeide/plugins/com.st.stm32cube.ide.mcu.externaltools.gnu-tools-for-stm32.9-2020-q2-update.win32_2.0.0.202105311346/tools/bin/../lib/gcc/arm-none-eabi/9.3.1/../../../../arm-none-eabi/lib/thumb/v7e-m/nofp\libc_nano.a(lib_a-nano-reallocr.o)
                0x0000000008009614                _realloc_r
 .text._sbrk_r  0x0000000008009660       0x20 c:/st/stm32cubeide_1.8.0/stm32cubeide/plugins/com.st.stm32cube.ide.mcu.externaltools.gnu-tools-for-stm32.9-2020-q2-update.win32_2.0.0.202105311346/tools/bin/../lib/gcc/arm-none-eabi/9.3.1/../../../../arm-none-eabi/lib/thumb/v7e-m/nofp\libc_nano.a(lib_a-sbrkr.o)
                0x0000000008009660                _sbrk_r
 .text.__malloc_lock
                0x0000000008009680        0xc c:/st/stm32cubeide_1.8.0/stm32cubeide/plugins/com.st.stm32cube.ide.mcu.externaltools.gnu-tools-for-stm32.9-2020-q2-update.win32_2.0.0.202105311346/tools/bin/../lib/gcc/arm-none-eabi/9.3.1/../../../../arm-none-eabi/lib/thumb/v7e-m/nofp\libc_nano.a(lib_a-mlock.o)
                0x0000000008009680                __malloc_lock
 .text.__malloc_unlock
                0x000000000800968c        0xc c:/st/stm32cubeide_1.8.0/stm32cubeide/plugins/com.st.stm32cube.ide.mcu.externaltools.gnu-tools-for-stm32.9-2020-q2-update.win32_2.0.0.202105311346/tools/bin/../lib/gcc/arm-none-eabi/9.3.1/../../../../arm-none-eabi/lib/thumb/v7e-m/nofp\libc_nano.a(lib_a-mlock.o)
                0x000000000800968c                __malloc_unlock
 .text._malloc_usable_size_r
                0x0000000008009698       0x10 c:/st/stm32cubeide_1.8.0/stm32cubeide/plugins/com.st.stm32cube.ide.mcu.externaltools.gnu-tools-for-stm32.9-2020-q2-update.win32_2.0.0.202105311346/tools/bin/../lib/gcc/arm-none-eabi/9.3.1/../../../../arm-none-eabi/lib/thumb/v7e-m/nofp\libc_nano.a(lib_a-nano-msizer.o)
                0x0000000008009698                _malloc_usable_size_r
 .text.__retarget_lock_acquire_recursive
                0x00000000080096a8        0x2 c:/st/stm32cubeide_1.8.0/stm32cubeide/plugins/com.st.stm32cube.ide.mcu.externaltools.gnu-tools-for-stm32.9-2020-q2-update.win32_2.0.0.202105311346/tools/bin/../lib/gcc/arm-none-eabi/9.3.1/../../../../arm-none-eabi/lib/thumb/v7e-m/nofp\libc_nano.a(lib_a-lock.o)
                0x00000000080096a8                __retarget_lock_acquire_recursive
 .text.__retarget_lock_release_recursive
                0x00000000080096aa        0x2 c:/st/stm32cubeide_1.8.0/stm32cubeide/plugins/com.st.stm32cube.ide.mcu.externaltools.gnu-tools-for-stm32.9-2020-q2-update.win32_2.0.0.202105311346/tools/bin/../lib/gcc/arm-none-eabi/9.3.1/../../../../arm-none-eabi/lib/thumb/v7e-m/nofp\libc_nano.a(lib_a-lock.o)
                0x00000000080096aa                __retarget_lock_release_recursive
 *(.glue_7)
 .glue_7        0x00000000080096ac        0x0 linker stubs
 *(.glue_7t)
 .glue_7t       0x00000000080096ac        0x0 linker stubs
 *(.eh_frame)
 .eh_frame      0x00000000080096ac        0x0 c:/st/stm32cubeide_1.8.0/stm32cubeide/plugins/com.st.stm32cube.ide.mcu.externaltools.gnu-tools-for-stm32.9-2020-q2-update.win32_2.0.0.202105311346/tools/bin/../lib/gcc/arm-none-eabi/9.3.1/thumb/v7e-m/nofp/crtbegin.o
 *(.init)
 .init          0x00000000080096ac        0x4 c:/st/stm32cubeide_1.8.0/stm32cubeide/plugins/com.st.stm32cube.ide.mcu.externaltools.gnu-tools-for-stm32.9-2020-q2-update.win32_2.0.0.202105311346/tools/bin/../lib/gcc/arm-none-eabi/9.3.1/thumb/v7e-m/nofp/crti.o
                0x00000000080096ac                _init
 .init          0x00000000080096b0        0x8 c:/st/stm32cubeide_1.8.0/stm32cubeide/plugins/com.st.stm32cube.ide.mcu.externaltools.gnu-tools-for-stm32.9-2020-q2-update.win32_2.0.0.202105311346/tools/bin/../lib/gcc/arm-none-eabi/9.3.1/thumb/v7e-m/nofp/crtn.o
 *(.fini)
 .fini          0x00000000080096b8        0x4 c:/st/stm32cubeide_1.8.0/stm32cubeide/plugins/com.st.stm32cube.ide.mcu.externaltools.gnu-tools-for-stm32.9-2020-q2-update.win32_2.0.0.202105311346/tools/bin/../lib/gcc/arm-none-eabi/9.3.1/thumb/v7e-m/nofp/crti.o
                0x00000000080096b8                _fini
 .fini          0x00000000080096bc        0x8 c:/st/stm32cubeide_1.8.0/stm32cubeide/plugins/com.st.stm32cube.ide.mcu.externaltools.gnu-tools-for-stm32.9-2020-q2-update.win32_2.0.0.202105311346/tools/bin/../lib/gcc/arm-none-eabi/9.3.1/thumb/v7e-m/nofp/crtn.o
                0x00000000080096c8                . = ALIGN (0x8)
 *fill*         0x00000000080096c4        0x4 
                0x00000000080096c8                _etext = .

.vfp11_veneer   0x00000000080096c8        0x0
 .vfp11_veneer  0x00000000080096c8        0x0 linker stubs

.v4_bx          0x00000000080096c8        0x0
 .v4_bx         0x00000000080096c8        0x0 linker stubs

.iplt           0x00000000080096c8        0x0
 .iplt          0x00000000080096c8        0x0 c:/st/stm32cubeide_1.8.0/stm32cubeide/plugins/com.st.stm32cube.ide.mcu.externaltools.gnu-tools-for-stm32.9-2020-q2-update.win32_2.0.0.202105311346/tools/bin/../lib/gcc/arm-none-eabi/9.3.1/thumb/v7e-m/nofp/crtbegin.o

.rodata         0x00000000080096c8      0x680
                0x00000000080096c8                . = ALIGN (0x8)
 *(.rodata)
 .rodata        0x00000000080096c8       0x1c ./Drivers/STM32WLxx_HAL_Driver/stm32wlxx_hal_rcc.o
 .rodata        0x00000000080096e4       0x10 ./Middlewares/SubGHz_Phy/radio.o
 .rodata        0x00000000080096f4       0x11 ./Middlewares/SubGHz_Phy/radio_driver.o
 *(.rodata*)
 *fill*         0x0000000008009705        0x3 
 .rodata.RSSI_Display.str1.4
                0x0000000008009708        0xa ./Application/User/Core/main.o
 *fill*         0x0000000008009712        0x2 
 .rodata.main.str1.4
                0x0000000008009714        0xe ./Application/User/Core/main.o
 *fill*         0x0000000008009722        0x2 
 .rodata.UTIL_PowerDriver
                0x0000000008009724       0x18 ./Application/User/Core/stm32_lpm_if.o
                0x0000000008009724                UTIL_PowerDriver
 .rodata.TimestampNow.str1.4
                0x000000000800973c        0x9 ./Application/User/Core/sys_app.o
 *fill*         0x0000000008009745        0x3 
 .rodata.UTIL_SYSTIMDriver
                0x0000000008009748       0x14 ./Application/User/Core/timer_if.o
                0x0000000008009748                UTIL_SYSTIMDriver
 .rodata.UTIL_TimerDriver
                0x000000000800975c       0x2c ./Application/User/Core/timer_if.o
                0x000000000800975c                UTIL_TimerDriver
 .rodata.UTIL_TraceDriver
                0x0000000008009788       0x10 ./Application/User/Core/usart_if.o
                0x0000000008009788                UTIL_TraceDriver
 .rodata.Per_Process.str1.4
                0x0000000008009798       0x76 ./Application/User/SubGHz_Phy/App/subghz_phy_app.o
 *fill*         0x000000000800980e        0x2 
 .rodata.SubghzApp_Init.str1.4
                0x0000000008009810       0xae ./Application/User/SubGHz_Phy/App/subghz_phy_app.o
 *fill*         0x00000000080098be        0x2 
 .rodata.AHBPrescTable
                0x00000000080098c0       0x40 ./Drivers/CMSIS/system_stm32wlxx.o
                0x00000000080098c0                AHBPrescTable
 .rodata.APBPrescTable
                0x0000000008009900       0x20 ./Drivers/CMSIS/system_stm32wlxx.o
                0x0000000008009900                APBPrescTable
 .rodata.MSIRangeTable
                0x0000000008009920       0x40 ./Drivers/CMSIS/system_stm32wlxx.o
                0x0000000008009920                MSIRangeTable
 .rodata.UARTPrescTable
                0x0000000008009960       0x18 ./Drivers/STM32WLxx_HAL_Driver/stm32wlxx_hal_uart.o
                0x0000000008009960                UARTPrescTable
 .rodata.denominator.10078
                0x0000000008009978        0x8 ./Drivers/STM32WLxx_HAL_Driver/stm32wlxx_hal_uart_ex.o
 .rodata.numerator.10077
                0x0000000008009980        0x8 ./Drivers/STM32WLxx_HAL_Driver/stm32wlxx_hal_uart_ex.o
 .rodata.RadioIrqProcess.str1.4
                0x0000000008009988       0x54 ./Middlewares/SubGHz_Phy/radio.o
 .rodata.RadioSend.str1.4
                0x00000000080099dc       0x15 ./Middlewares/SubGHz_Phy/radio.o
 *fill*         0x00000000080099f1        0x3 
 .rodata.Bandwidths
                0x00000000080099f4        0x3 ./Middlewares/SubGHz_Phy/radio.o
                0x00000000080099f4                Bandwidths
 *fill*         0x00000000080099f7        0x1 
 .rodata.Radio  0x00000000080099f8       0x84 ./Middlewares/SubGHz_Phy/radio.o
                0x00000000080099f8                Radio
 .rodata.FskBandwidths
                0x0000000008009a7c       0xb0 ./Middlewares/SubGHz_Phy/radio_driver.o
 .rodata.RFW_TransmitLongPacket.str1.4
                0x0000000008009b2c       0x1e ./Middlewares/SubGHz_Phy/radio_fw.o
 *fill*         0x0000000008009b4a        0x2 
 .rodata.RFW_TransmitLongPacket_TxChunkProcess.str1.4
                0x0000000008009b4c       0x7b ./Middlewares/SubGHz_Phy/radio_fw.o
 *fill*         0x0000000008009bc7        0x1 
 .rodata.RFW_GetPayload.str1.4
                0x0000000008009bc8       0x31 ./Middlewares/SubGHz_Phy/radio_fw.o
 *fill*         0x0000000008009bf9        0x3 
 .rodata.RFW_GetPayloadProcess.str1.4
                0x0000000008009bfc       0x84 ./Middlewares/SubGHz_Phy/radio_fw.o
 .rodata.RFW_TransmitInit.str1.4
                0x0000000008009c80       0x15 ./Middlewares/SubGHz_Phy/radio_fw.o
 .rodata.RFW_GetPacketLength.str1.4
                0x0000000008009c80       0x14 ./Middlewares/SubGHz_Phy/radio_fw.o
 .rodata.RFW_ReceivePayload.str1.4
                0x0000000008009c94       0x15 ./Middlewares/SubGHz_Phy/radio_fw.o
 *fill*         0x0000000008009ca9        0x3 
 .rodata.SEQ_clz_table_4bit
                0x0000000008009cac       0x10 ./Utilities/stm32_seq.o
                0x0000000008009cac                SEQ_clz_table_4bit
 .rodata.ee_number.str1.4
                0x0000000008009cbc       0x4d ./Utilities/stm32_tiny_vsnprintf.o
 *fill*         0x0000000008009d09        0x3 
 .rodata.tiny_vsnprintf_like.str1.4
                0x0000000008009d0c        0x7 ./Utilities/stm32_tiny_vsnprintf.o
 .rodata._svfprintf_r.str1.1
                0x0000000008009d13       0x11 c:/st/stm32cubeide_1.8.0/stm32cubeide/plugins/com.st.stm32cube.ide.mcu.externaltools.gnu-tools-for-stm32.9-2020-q2-update.win32_2.0.0.202105311346/tools/bin/../lib/gcc/arm-none-eabi/9.3.1/../../../../arm-none-eabi/lib/thumb/v7e-m/nofp\libc_nano.a(lib_a-nano-svfprintf.o)
 .rodata._printf_i.str1.1
                0x0000000008009d24       0x22 c:/st/stm32cubeide_1.8.0/stm32cubeide/plugins/com.st.stm32cube.ide.mcu.externaltools.gnu-tools-for-stm32.9-2020-q2-update.win32_2.0.0.202105311346/tools/bin/../lib/gcc/arm-none-eabi/9.3.1/../../../../arm-none-eabi/lib/thumb/v7e-m/nofp\libc_nano.a(lib_a-nano-vfprintf_i.o)
                0x0000000008009d48                . = ALIGN (0x8)
 *fill*         0x0000000008009d46        0x2 

.ARM.extab      0x0000000008009d48        0x0
                0x0000000008009d48                . = ALIGN (0x8)
 *(.ARM.extab* .gnu.linkonce.armextab.*)
                0x0000000008009d48                . = ALIGN (0x8)

.ARM            0x0000000008009d48        0x8
                0x0000000008009d48                . = ALIGN (0x8)
                0x0000000008009d48                __exidx_start = .
 *(.ARM.exidx*)
 .ARM.exidx     0x0000000008009d48        0x8 c:/st/stm32cubeide_1.8.0/stm32cubeide/plugins/com.st.stm32cube.ide.mcu.externaltools.gnu-tools-for-stm32.9-2020-q2-update.win32_2.0.0.202105311346/tools/bin/../lib/gcc/arm-none-eabi/9.3.1/thumb/v7e-m/nofp\libgcc.a(_udivmoddi4.o)
                0x0000000008009d50                __exidx_end = .
                0x0000000008009d50                . = ALIGN (0x8)

.rel.dyn        0x0000000008009d50        0x0
 .rel.iplt      0x0000000008009d50        0x0 c:/st/stm32cubeide_1.8.0/stm32cubeide/plugins/com.st.stm32cube.ide.mcu.externaltools.gnu-tools-for-stm32.9-2020-q2-update.win32_2.0.0.202105311346/tools/bin/../lib/gcc/arm-none-eabi/9.3.1/thumb/v7e-m/nofp/crtbegin.o

.preinit_array  0x0000000008009d50        0x0
                0x0000000008009d50                . = ALIGN (0x8)
                0x0000000008009d50                PROVIDE (__preinit_array_start = .)
 *(.preinit_array*)
                0x0000000008009d50                PROVIDE (__preinit_array_end = .)
                0x0000000008009d50                . = ALIGN (0x8)
