Archive member included to satisfy reference by file (symbol)

c:/st/stm32cubeide_1.8.0/stm32cubeide/plugins/com.st.stm32cube.ide.mcu.externaltools.gnu-tools-for-stm32.9-2020-q2-update.win32_2.0.0.202105311346/tools/bin/../lib/gcc/arm-none-eabi/9.3.1/../../../../arm-none-eabi/lib/thumb/v7e-m/nofp\libc_nano.a(lib_a-errno.o)
                              ./Application/User/Core/syscalls.o (__errno)
c:/st/stm32cubeide_1.8.0/stm32cubeide/plugins/com.st.stm32cube.ide.mcu.externaltools.gnu-tools-for-stm32.9-2020-q2-update.win32_2.0.0.202105311346/tools/bin/../lib/gcc/arm-none-eabi/9.3.1/../../../../arm-none-eabi/lib/thumb/v7e-m/nofp\libc_nano.a(lib_a-exit.o)
                              c:/st/stm32cubeide_1.8.0/stm32cubeide/plugins/com.st.stm32cube.ide.mcu.externaltools.gnu-tools-for-stm32.9-2020-q2-update.win32_2.0.0.202105311346/tools/bin/../lib/gcc/arm-none-eabi/9.3.1/../../../../arm-none-eabi/lib/thumb/v7e-m/nofp/crt0.o (exit)
c:/st/stm32cubeide_1.8.0/stm32cubeide/plugins/com.st.stm32cube.ide.mcu.externaltools.gnu-tools-for-stm32.9-2020-q2-update.win32_2.0.0.202105311346/tools/bin/../lib/gcc/arm-none-eabi/9.3.1/../../../../arm-none-eabi/lib/thumb/v7e-m/nofp\libc_nano.a(lib_a-impure.o)
                              c:/st/stm32cubeide_1.8.0/stm32cubeide/plugins/com.st.stm32cube.ide.mcu.externaltools.gnu-tools-for-stm32.9-2020-q2-update.win32_2.0.0.202105311346/tools/bin/../lib/gcc/arm-none-eabi/9.3.1/../../../../arm-none-eabi/lib/thumb/v7e-m/nofp\libc_nano.a(lib_a-exit.o) (_global_impure_ptr)
c:/st/stm32cubeide_1.8.0/stm32cubeide/plugins/com.st.stm32cube.ide.mcu.externaltools.gnu-tools-for-stm32.9-2020-q2-update.win32_2.0.0.202105311346/tools/bin/../lib/gcc/arm-none-eabi/9.3.1/../../../../arm-none-eabi/lib/thumb/v7e-m/nofp\libc_nano.a(lib_a-init.o)
                              c:/st/stm32cubeide_1.8.0/stm32cubeide/plugins/com.st.stm32cube.ide.mcu.externaltools.gnu-tools-for-stm32.9-2020-q2-update.win32_2.0.0.202105311346/tools/bin/../lib/gcc/arm-none-eabi/9.3.1/../../../../arm-none-eabi/lib/thumb/v7e-m/nofp/crt0.o (__libc_init_array)
c:/st/stm32cubeide_1.8.0/stm32cubeide/plugins/com.st.stm32cube.ide.mcu.externaltools.gnu-tools-for-stm32.9-2020-q2-update.win32_2.0.0.202105311346/tools/bin/../lib/gcc/arm-none-eabi/9.3.1/../../../../arm-none-eabi/lib/thumb/v7e-m/nofp\libc_nano.a(lib_a-memcpy-stub.o)
                              ./Application/User/SubGHz_Phy/App/subghz_phy_app.o (memcpy)
c:/st/stm32cubeide_1.8.0/stm32cubeide/plugins/com.st.stm32cube.ide.mcu.externaltools.gnu-tools-for-stm32.9-2020-q2-update.win32_2.0.0.202105311346/tools/bin/../lib/gcc/arm-none-eabi/9.3.1/../../../../arm-none-eabi/lib/thumb/v7e-m/nofp\libc_nano.a(lib_a-memset.o)
                              c:/st/stm32cubeide_1.8.0/stm32cubeide/plugins/com.st.stm32cube.ide.mcu.externaltools.gnu-tools-for-stm32.9-2020-q2-update.win32_2.0.0.202105311346/tools/bin/../lib/gcc/arm-none-eabi/9.3.1/../../../../arm-none-eabi/lib/thumb/v7e-m/nofp/crt0.o (memset)
c:/st/stm32cubeide_1.8.0/stm32cubeide/plugins/com.st.stm32cube.ide.mcu.externaltools.gnu-tools-for-stm32.9-2020-q2-update.win32_2.0.0.202105311346/tools/bin/../lib/gcc/arm-none-eabi/9.3.1/../../../../arm-none-eabi/lib/thumb/v7e-m/nofp\libc_nano.a(lib_a-sprintf.o)
                              ./Application/User/Core/main.o (sprintf)
c:/st/stm32cubeide_1.8.0/stm32cubeide/plugins/com.st.stm32cube.ide.mcu.externaltools.gnu-tools-for-stm32.9-2020-q2-update.win32_2.0.0.202105311346/tools/bin/../lib/gcc/arm-none-eabi/9.3.1/../../../../arm-none-eabi/lib/thumb/v7e-m/nofp\libc_nano.a(lib_a-strlen.o)
                              ./Application/User/Core/sys_app.o (strlen)
c:/st/stm32cubeide_1.8.0/stm32cubeide/plugins/com.st.stm32cube.ide.mcu.externaltools.gnu-tools-for-stm32.9-2020-q2-update.win32_2.0.0.202105311346/tools/bin/../lib/gcc/arm-none-eabi/9.3.1/../../../../arm-none-eabi/lib/thumb/v7e-m/nofp\libc_nano.a(lib_a-nano-svfprintf.o)
                              c:/st/stm32cubeide_1.8.0/stm32cubeide/plugins/com.st.stm32cube.ide.mcu.externaltools.gnu-tools-for-stm32.9-2020-q2-update.win32_2.0.0.202105311346/tools/bin/../lib/gcc/arm-none-eabi/9.3.1/../../../../arm-none-eabi/lib/thumb/v7e-m/nofp\libc_nano.a(lib_a-sprintf.o) (_svfprintf_r)
c:/st/stm32cubeide_1.8.0/stm32cubeide/plugins/com.st.stm32cube.ide.mcu.externaltools.gnu-tools-for-stm32.9-2020-q2-update.win32_2.0.0.202105311346/tools/bin/../lib/gcc/arm-none-eabi/9.3.1/../../../../arm-none-eabi/lib/thumb/v7e-m/nofp\libc_nano.a(lib_a-nano-vfprintf_i.o)
                              c:/st/stm32cubeide_1.8.0/stm32cubeide/plugins/com.st.stm32cube.ide.mcu.externaltools.gnu-tools-for-stm32.9-2020-q2-update.win32_2.0.0.202105311346/tools/bin/../lib/gcc/arm-none-eabi/9.3.1/../../../../arm-none-eabi/lib/thumb/v7e-m/nofp\libc_nano.a(lib_a-nano-svfprintf.o) (_printf_i)
[...]
Memory Configuration

Name             Origin             Length             Attributes
ROM              0x0000000008000000 0x0000000000040000 xr
RAM1             0x0000000020000000 0x0000000000008000 xrw
RAM2             0x0000000020008000 0x0000000000008000 xrw
*default*        0x0000000000000000 0xffffffffffffffff

Linker script and memory map

LOAD c:/st/stm32cubeide_1.8.0/stm32cubeide/plugins/com.st.stm32cube.ide.mcu.externaltools.gnu-tools-for-stm32.9-2020-q2-update.win32_2.0.0.202105311346/tools/bin/../lib/gcc/arm-none-eabi/9.3.1/thumb/v7e-m/nofp/crti.o
LOAD c:/st/stm32cubeide_1.8.0/stm32cubeide/plugins/com.st.stm32cube.ide.mcu.externaltools.gnu-tools-for-stm32.9-2020-q2-update.win32_2.0.0.202105311346/tools/bin/../lib/gcc/arm-none-eabi/9.3.1/thumb/v7e-m/nofp/crtbegin.o
LOAD c:/st/stm32cubeide_1.8.0/stm32cubeide/plugins/com.st.stm32cube.ide.mcu.externaltools.gnu-tools-for-stm32.9-2020-q2-update.win32_2.0.0.202105311346/tools/bin/../lib/gcc/arm-none-eabi/9.3.1/../../../../arm-none-eabi/lib/thumb/v7e-m/nofp/crt0.o
LOAD ./Application/User/Core/dma.o
LOAD ./Application/User/Core/gpio.o
LOAD ./Application/User/Core/main.o
LOAD ./Application/User/Core/rtc.o
LOAD ./Application/User/Core/stm32_lpm_if.o
LOAD ./Application/User/Core/stm32wlxx_hal_msp.o
LOAD ./Application/User/Core/stm32wlxx_it.o
LOAD ./Application/User/Core/subghz.o
LOAD ./Application/User/Core/sys_app.o
LOAD ./Application/User/Core/sys_debug.o
LOAD ./Application/User/Core/syscalls.o
LOAD ./Application/User/Core/sysmem.o
LOAD ./Application/User/Core/timer_if.o
LOAD ./Application/User/Core/usart.o
LOAD ./Application/User/Core/usart_if.o
LOAD ./Application/User/Startup/startup_stm32wl55jcix.o
LOAD ./Application/User/SubGHz_Phy/App/app_subghz_phy.o
LOAD ./Application/User/SubGHz_Phy/App/subghz_phy_app.o
LOAD ./Application/User/SubGHz_Phy/Target/radio_board_if.o
LOAD ./Drivers/BSP/STM32WLxx_Nucleo/stm32wlxx_nucleo.o
LOAD ./Drivers/BSP/STM32WLxx_Nucleo/stm32wlxx_nucleo_radio.o
LOAD ./Drivers/CMSIS/system_stm32wlxx.o
LOAD ./Drivers/STM32WLxx_HAL_Driver/stm32wlxx_hal.o
LOAD ./Drivers/STM32WLxx_HAL_Driver/stm32wlxx_hal_cortex.o
LOAD ./Drivers/STM32WLxx_HAL_Driver/stm32wlxx_hal_dma.o
LOAD ./Drivers/STM32WLxx_HAL_Driver/stm32wlxx_hal_dma_ex.o
LOAD ./Drivers/STM32WLxx_HAL_Driver/stm32wlxx_hal_exti.o
LOAD ./Drivers/STM32WLxx_HAL_Driver/stm32wlxx_hal_flash.o
LOAD ./Drivers/STM32WLxx_HAL_Driver/stm32wlxx_hal_flash_ex.o
LOAD ./Drivers/STM32WLxx_HAL_Driver/stm32wlxx_hal_gpio.o
LOAD ./Drivers/STM32WLxx_HAL_Driver/stm32wlxx_hal_i2c.o
LOAD ./Drivers/STM32WLxx_HAL_Driver/stm32wlxx_hal_i2c_ex.o
LOAD ./Drivers/STM32WLxx_HAL_Driver/stm32wlxx_hal_pwr.o
LOAD ./Drivers/STM32WLxx_HAL_Driver/stm32wlxx_hal_pwr_ex.o
LOAD ./Drivers/STM32WLxx_HAL_Driver/stm32wlxx_hal_rcc.o
LOAD ./Drivers/STM32WLxx_HAL_Driver/stm32wlxx_hal_rcc_ex.o
LOAD ./Drivers/STM32WLxx_HAL_Driver/stm32wlxx_hal_rtc.o
LOAD ./Drivers/STM32WLxx_HAL_Driver/stm32wlxx_hal_rtc_ex.o
LOAD ./Drivers/STM32WLxx_HAL_Driver/stm32wlxx_hal_subghz.o
LOAD ./Drivers/STM32WLxx_HAL_Driver/stm32wlxx_hal_tim.o
LOAD ./Drivers/STM32WLxx_HAL_Driver/stm32wlxx_hal_tim_ex.o
LOAD ./Drivers/STM32WLxx_HAL_Driver/stm32wlxx_hal_uart.o
LOAD ./Drivers/STM32WLxx_HAL_Driver/stm32wlxx_hal_uart_ex.o
LOAD ./Middlewares/SubGHz_Phy/radio.o
LOAD ./Middlewares/SubGHz_Phy/radio_driver.o
LOAD ./Middlewares/SubGHz_Phy/radio_fw.o
LOAD ./Utilities/stm32_adv_trace.o
LOAD ./Utilities/stm32_lpm.o
LOAD ./Utilities/stm32_mem.o
LOAD ./Utilities/stm32_seq.o
LOAD ./Utilities/stm32_systime.o
LOAD ./Utilities/stm32_timer.o
LOAD ./Utilities/stm32_tiny_sscanf.o
LOAD ./Utilities/stm32_tiny_vsnprintf.o
START GROUP
LOAD c:/st/stm32cubeide_1.8.0/stm32cubeide/plugins/com.st.stm32cube.ide.mcu.externaltools.gnu-tools-for-stm32.9-2020-q2-update.win32_2.0.0.202105311346/tools/bin/../lib/gcc/arm-none-eabi/9.3.1/../../../../arm-none-eabi/lib/thumb/v7e-m/nofp\libc_nano.a
LOAD c:/st/stm32cubeide_1.8.0/stm32cubeide/plugins/com.st.stm32cube.ide.mcu.externaltools.gnu-tools-for-stm32.9-2020-q2-update.win32_2.0.0.202105311346/tools/bin/../lib/gcc/arm-none-eabi/9.3.1/../../../../arm-none-eabi/lib/thumb/v7e-m/nofp\libm.a
END GROUP
START GROUP
LOAD c:/st/stm32cubeide_1.8.0/stm32cubeide/plugins/com.st.stm32cube.ide.mcu.externaltools.gnu-tools-for-stm32.9-2020-q2-update.win32_2.0.0.202105311346/tools/bin/../lib/gcc/arm-none-eabi/9.3.1/thumb/v7e-m/nofp\libgcc.a
LOAD c:/st/stm32cubeide_1.8.0/stm32cubeide/plugins/com.st.stm32cube.ide.mcu.externaltools.gnu-tools-for-stm32.9-2020-q2-update.win32_2.0.0.202105311346/tools/bin/../lib/gcc/arm-none-eabi/9.3.1/../../../../arm-none-eabi/lib/thumb/v7e-m/nofp\libc_nano.a
END GROUP
START GROUP
LOAD c:/st/stm32cubeide_1.8.0/stm32cubeide/plugins/com.st.stm32cube.ide.mcu.externaltools.gnu-tools-for-stm32.9-2020-q2-update.win32_2.0.0.202105311346/tools/bin/../lib/gcc/arm-none-eabi/9.3.1/thumb/v7e-m/nofp\libgcc.a
LOAD c:/st/stm32cubeide_1.8.0/stm32cubeide/plugins/com.st.stm32cube.ide.mcu.externaltools.gnu-tools-for-stm32.9-2020-q2-update.win32_2.0.0.202105311346/tools/bin/../lib/gcc/arm-none-eabi/9.3.1/../../../../arm-none-eabi/lib/thumb/v7e-m/nofp\libc_nano.a
LOAD c:/st/stm32cubeide_1.8.0/stm32cubeide/plugins/com.st.stm32cube.ide.mcu.externaltools.gnu-tools-for-stm32.9-2020-q2-update.win32_2.0.0.202105311346/tools/bin/../lib/gcc/arm-none-eabi/9.3.1/../../../../arm-none-eabi/lib/thumb/v7e-m/nofp\libnosys.a
END GROUP
START GROUP
LOAD c:/st/stm32cubeide_1.8.0/stm32cubeide/plugins/com.st.stm32cube.ide.mcu.externaltools.gnu-tools-for-stm32.9-2020-q2-update.win32_2.0.0.202105311346/tools/bin/../lib/gcc/arm-none-eabi/9.3.1/thumb/v7e-m/nofp\libgcc.a
LOAD c:/st/stm32cubeide_1.8.0/stm32cubeide/plugins/com.st.stm32cube.ide.mcu.externaltools.gnu-tools-for-stm32.9-2020-q2-update.win32_2.0.0.202105311346/tools/bin/../lib/gcc/arm-none-eabi/9.3.1/../../../../arm-none-eabi/lib/thumb/v7e-m/nofp\libc_nano.a
LOAD c:/st/stm32cubeide_1.8.0/stm32cubeide/plugins/com.st.stm32cube.ide.mcu.externaltools.gnu-tools-for-stm32.9-2020-q2-update.win32_2.0.0.202105311346/tools/bin/../lib/gcc/arm-none-eabi/9.3.1/../../../../arm-none-eabi/lib/thumb/v7e-m/nofp\libnosys.a
END GROUP
LOAD c:/st/stm32cubeide_1.8.0/stm32cubeide/plugins/com.st.stm32cube.ide.mcu.externaltools.gnu-tools-for-stm32.9-2020-q2-update.win32_2.0.0.202105311346/tools/bin/../lib/gcc/arm-none-eabi/9.3.1/thumb/v7e-m/nofp/crtend.o
LOAD c:/st/stm32cubeide_1.8.0/stm32cubeide/plugins/com.st.stm32cube.ide.mcu.externaltools.gnu-tools-for-stm32.9-2020-q2-update.win32_2.0.0.202105311346/tools/bin/../lib/gcc/arm-none-eabi/9.3.1/thumb/v7e-m/nofp/crtn.o
                0x0000000020008000                _estack = (ORIGIN (RAM1) + LENGTH (RAM1))
                0x0000000000000200                _Min_Heap_Size = 0x200
                0x0000000000000800                _Min_Stack_Size = 0x800

.isr_vector     0x0000000008000000      0x138
                0x0000000008000000                . = ALIGN (0x8)
 *(.isr_vector)
 .isr_vector    0x0000000008000000      0x138 ./Application/User/Startup/startup_stm32wl55jcix.o
                0x0000000008000000                g_pfnVectors
                0x0000000008000138                . = ALIGN (0x8)

.text           0x0000000008000140     0x95a8
                0x0000000008000140                . = ALIGN (0x8)
 *(.text)
 .text          0x0000000008000140       0x40 c:/st/stm32cubeide_1.8.0/stm32cubeide/plugins/com.st.stm32cube.ide.mcu.externaltools.gnu-tools-for-stm32.9-2020-q2-update.win32_2.0.0.202105311346/tools/bin/../lib/gcc/arm-none-eabi/9.3.1/thumb/v7e-m/nofp/crtbegin.o
 .text          0x0000000008000180       0x10 c:/st/stm32cubeide_1.8.0/stm32cubeide/plugins/com.st.stm32cube.ide.mcu.externaltools.gnu-tools-for-stm32.9-2020-q2-update.win32_2.0.0.202105311346/tools/bin/../lib/gcc/arm-none-eabi/9.3.1/../../../../arm-none-eabi/lib/thumb/v7e-m/nofp\libc_nano.a(lib_a-strlen.o)
                0x0000000008000180                strlen
 .text          0x0000000008000190       0xa0 c:/st/stm32cubeide_1.8.0/stm32cubeide/plugins/com.st.stm32cube.ide.mcu.externaltools.gnu-tools-for-stm32.9-2020-q2-update.win32_2.0.0.202105311346/tools/bin/../lib/gcc/arm-none-eabi/9.3.1/../../../../arm-none-eabi/lib/thumb/v7e-m/nofp\libc_nano.a(lib_a-memchr.o)
                0x0000000008000190                memchr
 .text          0x0000000008000230       0x30 c:/st/stm32cubeide_1.8.0/stm32cubeide/plugins/com.st.stm32cube.ide.mcu.externaltools.gnu-tools-for-stm32.9-2020-q2-update.win32_2.0.0.202105311346/tools/bin/../lib/gcc/arm-none-eabi/9.3.1/thumb/v7e-m/nofp\libgcc.a(_aeabi_uldivmod.o)
                0x0000000008000230                __aeabi_uldivmod
 .text          0x0000000008000260      0x2c0 c:/st/stm32cubeide_1.8.0/stm32cubeide/plugins/com.st.stm32cube.ide.mcu.externaltools.gnu-tools-for-stm32.9-2020-q2-update.win32_2.0.0.202105311346/tools/bin/../lib/gcc/arm-none-eabi/9.3.1/thumb/v7e-m/nofp\libgcc.a(_udivmoddi4.o)
                0x0000000008000260                __udivmoddi4
 .text          0x0000000008000520        0x4 c:/st/stm32cubeide_1.8.0/stm32cubeide/plugins/com.st.stm32cube.ide.mcu.externaltools.gnu-tools-for-stm32.9-2020-q2-update.win32_2.0.0.202105311346/tools/bin/../lib/gcc/arm-none-eabi/9.3.1/thumb/v7e-m/nofp\libgcc.a(_dvmd_tls.o)
                0x0000000008000520                __aeabi_idiv0
                0x0000000008000520                __aeabi_ldiv0
 *(.text*)
 .text.MX_DMA_Init
                0x0000000008000524       0x42 ./Application/User/Core/dma.o
                0x0000000008000524                MX_DMA_Init
 *fill*         0x0000000008000566        0x2 
 .text.MX_GPIO_Init
                0x0000000008000568       0xf0 ./Application/User/Core/gpio.o
                0x0000000008000568                MX_GPIO_Init
 .text.lcd_send_cmd
                0x0000000008000658       0x48 ./Application/User/Core/main.o
                0x0000000008000658                lcd_send_cmd
 .text.lcd_send_data
                0x00000000080006a0       0x48 ./Application/User/Core/main.o
                0x00000000080006a0                lcd_send_data
 .text.lcd_init
                0x00000000080006e8       0x76 ./Application/User/Core/main.o
                0x00000000080006e8                lcd_init
 .text.lcd_send_string
                0x000000000800075e       0x12 ./Application/User/Core/main.o
                0x000000000800075e                lcd_send_string
 .text.RSSI_Display
                0x0000000008000770       0x44 ./Application/User/Core/main.o
                0x0000000008000770                RSSI_Display
 .text.Error_Handler
                0x00000000080007b4        0x4 ./Application/User/Core/main.o
                0x00000000080007b4                Error_Handler
 .text.MX_I2C2_Init
                0x00000000080007b8       0x54 ./Application/User/Core/main.o
 .text.SystemClock_Config
                0x000000000800080c       0x8e ./Application/User/Core/main.o
                0x000000000800080c                SystemClock_Config
 *fill*         0x000000000800089a        0x2 
 .text.main     0x000000000800089c       0x54 ./Application/User/Core/main.o
                0x000000000800089c                main
 .text.MX_RTC_Init
                0x00000000080008f0       0x7c ./Application/User/Core/rtc.o
                0x00000000080008f0                MX_RTC_Init
 .text.HAL_RTC_MspInit
                0x000000000800096c       0x80 ./Application/User/Core/rtc.o
                0x000000000800096c                HAL_RTC_MspInit
 .text.PWR_EnterOffMode
                0x00000000080009ec        0x2 ./Application/User/Core/stm32_lpm_if.o
                0x00000000080009ec                PWR_EnterOffMode
 .text.PWR_ExitOffMode
                0x00000000080009ee        0x2 ./Application/User/Core/stm32_lpm_if.o
                0x00000000080009ee                PWR_ExitOffMode
 .text.PWR_EnterStopMode
                0x00000000080009f0       0x18 ./Application/User/Core/stm32_lpm_if.o
                0x00000000080009f0                PWR_EnterStopMode
 .text.PWR_ExitSleepMode
                0x0000000008000a08        0x8 ./Application/User/Core/stm32_lpm_if.o
                0x0000000008000a08                PWR_ExitSleepMode
 .text.PWR_ExitStopMode
                0x0000000008000a10        0xc ./Application/User/Core/stm32_lpm_if.o
                0x0000000008000a10                PWR_ExitStopMode
 .text.PWR_EnterSleepMode
                0x0000000008000a1c       0x10 ./Application/User/Core/stm32_lpm_if.o
                0x0000000008000a1c                PWR_EnterSleepMode
 .text.HAL_MspInit
                0x0000000008000a2c        0x2 ./Application/User/Core/stm32wlxx_hal_msp.o
                0x0000000008000a2c                HAL_MspInit
 *fill*         0x0000000008000a2e        0x2 
 .text.HAL_I2C_MspInit
                0x0000000008000a30       0x8c ./Application/User/Core/stm32wlxx_hal_msp.o
                0x0000000008000a30                HAL_I2C_MspInit
 .text.NMI_Handler
                0x0000000008000abc        0x2 ./Application/User/Core/stm32wlxx_it.o
                0x0000000008000abc                NMI_Handler
 .text.HardFault_Handler
                0x0000000008000abe        0x2 ./Application/User/Core/stm32wlxx_it.o
                0x0000000008000abe                HardFault_Handler
 .text.MemManage_Handler
                0x0000000008000ac0        0x2 ./Application/User/Core/stm32wlxx_it.o
                0x0000000008000ac0                MemManage_Handler
 .text.BusFault_Handler
                0x0000000008000ac2        0x2 ./Application/User/Core/stm32wlxx_it.o
                0x0000000008000ac2                BusFault_Handler
 .text.UsageFault_Handler
                0x0000000008000ac4        0x2 ./Application/User/Core/stm32wlxx_it.o
                0x0000000008000ac4                UsageFault_Handler
 .text.SVC_Handler
                0x0000000008000ac6        0x2 ./Application/User/Core/stm32wlxx_it.o
                0x0000000008000ac6                SVC_Handler
 .text.DebugMon_Handler
                0x0000000008000ac8        0x2 ./Application/User/Core/stm32wlxx_it.o
                0x0000000008000ac8                DebugMon_Handler
 .text.PendSV_Handler
                0x0000000008000aca        0x2 ./Application/User/Core/stm32wlxx_it.o
                0x0000000008000aca                PendSV_Handler
 .text.SysTick_Handler
                0x0000000008000acc        0x8 ./Application/User/Core/stm32wlxx_it.o
                0x0000000008000acc                SysTick_Handler
 .text.TAMP_STAMP_LSECSS_SSRU_IRQHandler
                0x0000000008000ad4       0x10 ./Application/User/Core/stm32wlxx_it.o
                0x0000000008000ad4                TAMP_STAMP_LSECSS_SSRU_IRQHandler
 .text.EXTI0_IRQHandler
                0x0000000008000ae4        0xa ./Application/User/Core/stm32wlxx_it.o
                0x0000000008000ae4                EXTI0_IRQHandler
 .text.EXTI1_IRQHandler
                0x0000000008000aee        0xa ./Application/User/Core/stm32wlxx_it.o
                0x0000000008000aee                EXTI1_IRQHandler
 .text.DMA1_Channel5_IRQHandler
                0x0000000008000af8       0x10 ./Application/User/Core/stm32wlxx_it.o
                0x0000000008000af8                DMA1_Channel5_IRQHandler
 .text.EXTI9_5_IRQHandler
                0x0000000008000b08        0xa ./Application/User/Core/stm32wlxx_it.o
                0x0000000008000b08                EXTI9_5_IRQHandler
 *fill*         0x0000000008000b12        0x2 
 .text.USART2_IRQHandler
                0x0000000008000b14       0x10 ./Application/User/Core/stm32wlxx_it.o
                0x0000000008000b14                USART2_IRQHandler
 .text.RTC_Alarm_IRQHandler
                0x0000000008000b24       0x10 ./Application/User/Core/stm32wlxx_it.o
                0x0000000008000b24                RTC_Alarm_IRQHandler
 .text.SUBGHZ_Radio_IRQHandler
                0x0000000008000b34       0x10 ./Application/User/Core/stm32wlxx_it.o
                0x0000000008000b34                SUBGHZ_Radio_IRQHandler
 .text.MX_SUBGHZ_Init
                0x0000000008000b44       0x1c ./Application/User/Core/subghz.o
                0x0000000008000b44                MX_SUBGHZ_Init
 .text.HAL_SUBGHZ_MspInit
                0x0000000008000b60       0x30 ./Application/User/Core/subghz.o
                0x0000000008000b60                HAL_SUBGHZ_MspInit
 .text.tiny_snprintf_like
                0x0000000008000b90       0x1c ./Application/User/Core/sys_app.o
 .text.TimestampNow
                0x0000000008000bac       0x30 ./Application/User/Core/sys_app.o
 .text.SystemApp_Init
                0x0000000008000bdc       0x4c ./Application/User/Core/sys_app.o
                0x0000000008000bdc                SystemApp_Init
 .text.UTIL_SEQ_Idle
                0x0000000008000c28        0x8 ./Application/User/Core/sys_app.o
                0x0000000008000c28                UTIL_SEQ_Idle
 .text.UTIL_ADV_TRACE_PreSendHook
                0x0000000008000c30        0xc ./Application/User/Core/sys_app.o
                0x0000000008000c30                UTIL_ADV_TRACE_PreSendHook
 .text.UTIL_ADV_TRACE_PostSendHook
                0x0000000008000c3c        0xc ./Application/User/Core/sys_app.o
                0x0000000008000c3c                UTIL_ADV_TRACE_PostSendHook
 .text.HAL_InitTick
                0x0000000008000c48        0x4 ./Application/User/Core/sys_app.o
                0x0000000008000c48                HAL_InitTick
 .text.HAL_GetTick
                0x0000000008000c4c       0x18 ./Application/User/Core/sys_app.o
                0x0000000008000c4c                HAL_GetTick
 .text.HAL_Delay
                0x0000000008000c64       0x12 ./Application/User/Core/sys_app.o
                0x0000000008000c64                HAL_Delay
 *fill*         0x0000000008000c76        0x2 
 .text.DBG_Init
                0x0000000008000c78       0x94 ./Application/User/Core/sys_debug.o
                0x0000000008000c78                DBG_Init
 .text._sbrk    0x0000000008000d0c       0x48 ./Application/User/Core/sysmem.o
                0x0000000008000d0c                _sbrk
 .text.TIMER_IF_SetTimerContext
                0x0000000008000d54       0x24 ./Application/User/Core/timer_if.o
                0x0000000008000d54                TIMER_IF_SetTimerContext
 .text.TIMER_IF_GetTimerContext
                0x0000000008000d78        0xc ./Application/User/Core/timer_if.o
                0x0000000008000d78                TIMER_IF_GetTimerContext
 .text.TIMER_IF_GetTimerElapsedTime
                0x0000000008000d84       0x24 ./Application/User/Core/timer_if.o
                0x0000000008000d84                TIMER_IF_GetTimerElapsedTime
 .text.TIMER_IF_GetTimerValue
                0x0000000008000da8       0x28 ./Application/User/Core/timer_if.o
                0x0000000008000da8                TIMER_IF_GetTimerValue
 .text.TIMER_IF_GetMinimumTimeout
                0x0000000008000dd0        0x4 ./Application/User/Core/timer_if.o
                0x0000000008000dd0                TIMER_IF_GetMinimumTimeout
 .text.TIMER_IF_Convert_ms2Tick
                0x0000000008000dd4       0x14 ./Application/User/Core/timer_if.o
                0x0000000008000dd4                TIMER_IF_Convert_ms2Tick
 .text.TIMER_IF_Convert_Tick2ms
                0x0000000008000de8       0x2c ./Application/User/Core/timer_if.o
                0x0000000008000de8                TIMER_IF_Convert_Tick2ms
 .text.TIMER_IF_StopTimer
                0x0000000008000e14       0x28 ./Application/User/Core/timer_if.o
                0x0000000008000e14                TIMER_IF_StopTimer
 .text.TIMER_IF_BkUp_Write_MSBticks
                0x0000000008000e3c       0x14 ./Application/User/Core/timer_if.o
 .text.TIMER_IF_Init
                0x0000000008000e50       0x48 ./Application/User/Core/timer_if.o
                0x0000000008000e50                TIMER_IF_Init
 .text.TIMER_IF_BkUp_Write_Seconds
                0x0000000008000e98       0x14 ./Application/User/Core/timer_if.o
                0x0000000008000e98                TIMER_IF_BkUp_Write_Seconds
 .text.TIMER_IF_BkUp_Write_SubSeconds
                0x0000000008000eac       0x14 ./Application/User/Core/timer_if.o
                0x0000000008000eac                TIMER_IF_BkUp_Write_SubSeconds
 .text.TIMER_IF_StartTimer
                0x0000000008000ec0       0x50 ./Application/User/Core/timer_if.o
                0x0000000008000ec0                TIMER_IF_StartTimer
 .text.TIMER_IF_BkUp_Read_MSBticks
                0x0000000008000f10       0x10 ./Application/User/Core/timer_if.o
 .text.TIMER_IF_GetTime
                0x0000000008000f20       0x40 ./Application/User/Core/timer_if.o
                0x0000000008000f20                TIMER_IF_GetTime
 .text.TIMER_IF_BkUp_Read_Seconds
                0x0000000008000f60       0x10 ./Application/User/Core/timer_if.o
                0x0000000008000f60                TIMER_IF_BkUp_Read_Seconds
 .text.TIMER_IF_BkUp_Read_SubSeconds
                0x0000000008000f70       0x10 ./Application/User/Core/timer_if.o
                0x0000000008000f70                TIMER_IF_BkUp_Read_SubSeconds
 .text.TIMER_IF_DelayMs
                0x0000000008000f80       0x40 ./Application/User/Core/timer_if.o
                0x0000000008000f80                TIMER_IF_DelayMs
 .text.HAL_RTC_AlarmAEventCallback
                0x0000000008000fc0        0x8 ./Application/User/Core/timer_if.o
                0x0000000008000fc0                HAL_RTC_AlarmAEventCallback
 .text.HAL_RTCEx_SSRUEventCallback
                0x0000000008000fc8        0xe ./Application/User/Core/timer_if.o
                0x0000000008000fc8                HAL_RTCEx_SSRUEventCallback
 *fill*         0x0000000008000fd6        0x2 
 .text.MX_USART2_UART_Init
                0x0000000008000fd8       0x68 ./Application/User/Core/usart.o
                0x0000000008000fd8                MX_USART2_UART_Init
 .text.HAL_UART_MspInit
                0x0000000008001040       0xe4 ./Application/User/Core/usart.o
                0x0000000008001040                HAL_UART_MspInit
 .text.HAL_UART_MspDeInit
                0x0000000008001124       0x38 ./Application/User/Core/usart.o
                0x0000000008001124                HAL_UART_MspDeInit
 .text.vcom_Init
                0x000000000800115c       0x28 ./Application/User/Core/usart_if.o
                0x000000000800115c                vcom_Init
 .text.vcom_DeInit
                0x0000000008001184       0x2c ./Application/User/Core/usart_if.o
                0x0000000008001184                vcom_DeInit
 .text.vcom_Trace_DMA
                0x00000000080011b0       0x14 ./Application/User/Core/usart_if.o
                0x00000000080011b0                vcom_Trace_DMA
 .text.vcom_ReceiveInit
                0x00000000080011c4       0x5c ./Application/User/Core/usart_if.o
                0x00000000080011c4                vcom_ReceiveInit
 .text.vcom_Resume
                0x0000000008001220       0x28 ./Application/User/Core/usart_if.o
                0x0000000008001220                vcom_Resume
 .text.HAL_UART_TxCpltCallback
                0x0000000008001248       0x20 ./Application/User/Core/usart_if.o
                0x0000000008001248                HAL_UART_TxCpltCallback
 .text.HAL_UART_RxCpltCallback
                0x0000000008001268       0x38 ./Application/User/Core/usart_if.o
                0x0000000008001268                HAL_UART_RxCpltCallback
 .text.Reset_Handler
                0x00000000080012a0       0x50 ./Application/User/Startup/startup_stm32wl55jcix.o
                0x00000000080012a0                Reset_Handler
 .text.Default_Handler
                0x00000000080012f0        0x2 ./Application/User/Startup/startup_stm32wl55jcix.o
                0x00000000080012f0                EXTI2_IRQHandler
                0x00000000080012f0                TIM1_CC_IRQHandler
                0x00000000080012f0                EXTI3_IRQHandler
                0x00000000080012f0                LPTIM2_IRQHandler
                0x00000000080012f0                I2C3_ER_IRQHandler
                0x00000000080012f0                LPTIM3_IRQHandler
                0x00000000080012f0                I2C2_EV_IRQHandler
                0x00000000080012f0                SPI1_IRQHandler
                0x00000000080012f0                DMA2_Channel2_IRQHandler
                0x00000000080012f0                DMA1_Channel4_IRQHandler
                0x00000000080012f0                PKA_IRQHandler
                0x00000000080012f0                TIM17_IRQHandler
                0x00000000080012f0                DMA1_Channel7_IRQHandler
                0x00000000080012f0                SUBGHZSPI_IRQHandler
                0x00000000080012f0                IPCC_C1_TX_IRQHandler
                0x00000000080012f0                DMA2_Channel1_IRQHandler
                0x00000000080012f0                I2C1_EV_IRQHandler
                0x00000000080012f0                DMAMUX1_OVR_IRQHandler
                0x00000000080012f0                DMA1_Channel6_IRQHandler
                0x00000000080012f0                TIM16_IRQHandler
                0x00000000080012f0                DMA2_Channel4_IRQHandler
                0x00000000080012f0                RCC_IRQHandler
                0x00000000080012f0                TIM1_TRG_COM_IRQHandler
                0x00000000080012f0                DMA1_Channel1_IRQHandler
                0x00000000080012f0                Default_Handler
                0x00000000080012f0                DMA2_Channel7_IRQHandler
                0x00000000080012f0                EXTI15_10_IRQHandler
                0x00000000080012f0                IPCC_C1_RX_IRQHandler
                0x00000000080012f0                ADC_IRQHandler
                0x00000000080012f0                C2SEV_PWR_C2H_IRQHandler
                0x00000000080012f0                I2C3_EV_IRQHandler
                0x00000000080012f0                RTC_WKUP_IRQHandler
                0x00000000080012f0                PVD_PVM_IRQHandler
                0x00000000080012f0                SPI2_IRQHandler
                0x00000000080012f0                DMA2_Channel5_IRQHandler
                0x00000000080012f0                EXTI4_IRQHandler
                0x00000000080012f0                RNG_IRQHandler
                0x00000000080012f0                DMA1_Channel3_IRQHandler
                0x00000000080012f0                COMP_IRQHandler
                0x00000000080012f0                HSEM_IRQHandler
                0x00000000080012f0                TIM1_UP_IRQHandler
                0x00000000080012f0                WWDG_IRQHandler
                0x00000000080012f0                LPUART1_IRQHandler
                0x00000000080012f0                DMA2_Channel6_IRQHandler
                0x00000000080012f0                TIM2_IRQHandler
                0x00000000080012f0                TIM1_BRK_IRQHandler
                0x00000000080012f0                DAC_IRQHandler
                0x00000000080012f0                AES_IRQHandler
                0x00000000080012f0                I2C2_ER_IRQHandler
                0x00000000080012f0                DMA1_Channel2_IRQHandler
                0x00000000080012f0                FLASH_IRQHandler
                0x00000000080012f0                USART1_IRQHandler
                0x00000000080012f0                I2C1_ER_IRQHandler
                0x00000000080012f0                LPTIM1_IRQHandler
                0x00000000080012f0                DMA2_Channel3_IRQHandler
 .text.MX_SubGHz_Phy_Init
                0x00000000080012f2        0xc ./Application/User/SubGHz_Phy/App/app_subghz_phy.o
                0x00000000080012f2                MX_SubGHz_Phy_Init
 .text.MX_SubGHz_Phy_Process
                0x00000000080012fe       0x14 ./Application/User/SubGHz_Phy/App/app_subghz_phy.o
                0x00000000080012fe                MX_SubGHz_Phy_Process
 *fill*         0x0000000008001312        0x2 
 .text.Per_Process
                0x0000000008001314      0x184 ./Application/User/SubGHz_Phy/App/subghz_phy_app.o
 .text.OnRxError
                0x0000000008001498       0x14 ./Application/User/SubGHz_Phy/App/subghz_phy_app.o
 .text.OnRxTimeout
                0x00000000080014ac       0x14 ./Application/User/SubGHz_Phy/App/subghz_phy_app.o
 .text.OnTxTimeout
                0x00000000080014c0       0x14 ./Application/User/SubGHz_Phy/App/subghz_phy_app.o
 .text.OnTxDone
                0x00000000080014d4       0x14 ./Application/User/SubGHz_Phy/App/subghz_phy_app.o
 .text.OnRxDone
                0x00000000080014e8       0x40 ./Application/User/SubGHz_Phy/App/subghz_phy_app.o
 .text.SubghzApp_Init
                0x0000000008001528      0x174 ./Application/User/SubGHz_Phy/App/subghz_phy_app.o
                0x0000000008001528                SubghzApp_Init
 .text.RBI_Init
                0x000000000800169c        0x8 ./Application/User/SubGHz_Phy/Target/radio_board_if.o
                0x000000000800169c                RBI_Init
 .text.RBI_ConfigRFSwitch
                0x00000000080016a4        0x8 ./Application/User/SubGHz_Phy/Target/radio_board_if.o
                0x00000000080016a4                RBI_ConfigRFSwitch
 .text.RBI_GetTxConfig
                0x00000000080016ac        0x8 ./Application/User/SubGHz_Phy/Target/radio_board_if.o
                0x00000000080016ac                RBI_GetTxConfig
 .text.RBI_IsTCXO
                0x00000000080016b4        0x8 ./Application/User/SubGHz_Phy/Target/radio_board_if.o
                0x00000000080016b4                RBI_IsTCXO
 .text.RBI_IsDCDC
                0x00000000080016bc        0x8 ./Application/User/SubGHz_Phy/Target/radio_board_if.o
                0x00000000080016bc                RBI_IsDCDC
 .text.RBI_GetRFOMaxPowerConfig
                0x00000000080016c4        0x8 ./Application/User/SubGHz_Phy/Target/radio_board_if.o
                0x00000000080016c4                RBI_GetRFOMaxPowerConfig
 .text.BSP_RADIO_Init
                0x00000000080016cc       0x80 ./Drivers/BSP/STM32WLxx_Nucleo/stm32wlxx_nucleo_radio.o
                0x00000000080016cc                BSP_RADIO_Init
 .text.BSP_RADIO_ConfigRFSwitch
                0x000000000800174c       0x9c ./Drivers/BSP/STM32WLxx_Nucleo/stm32wlxx_nucleo_radio.o
                0x000000000800174c                BSP_RADIO_ConfigRFSwitch
 .text.BSP_RADIO_GetTxConfig
                0x00000000080017e8        0x4 ./Drivers/BSP/STM32WLxx_Nucleo/stm32wlxx_nucleo_radio.o
                0x00000000080017e8                BSP_RADIO_GetTxConfig
 .text.BSP_RADIO_IsTCXO
                0x00000000080017ec        0x4 ./Drivers/BSP/STM32WLxx_Nucleo/stm32wlxx_nucleo_radio.o
                0x00000000080017ec                BSP_RADIO_IsTCXO
 .text.BSP_RADIO_IsDCDC
                0x00000000080017f0        0x4 ./Drivers/BSP/STM32WLxx_Nucleo/stm32wlxx_nucleo_radio.o
                0x00000000080017f0                BSP_RADIO_IsDCDC
 .text.BSP_RADIO_GetRFOMaxPowerConfig
                0x00000000080017f4        0xa ./Drivers/BSP/STM32WLxx_Nucleo/stm32wlxx_nucleo_radio.o
                0x00000000080017f4                BSP_RADIO_GetRFOMaxPowerConfig
 .text.SystemInit
                0x00000000080017fe        0x2 ./Drivers/CMSIS/system_stm32wlxx.o
                0x00000000080017fe                SystemInit
 .text.HAL_Init
                0x0000000008001800       0x2c ./Drivers/STM32WLxx_HAL_Driver/stm32wlxx_hal.o
                0x0000000008001800                HAL_Init
 .text.HAL_IncTick
                0x000000000800182c       0x18 ./Drivers/STM32WLxx_HAL_Driver/stm32wlxx_hal.o
                0x000000000800182c                HAL_IncTick
 .text.HAL_SuspendTick
                0x0000000008001844       0x10 ./Drivers/STM32WLxx_HAL_Driver/stm32wlxx_hal.o
                0x0000000008001844                HAL_SuspendTick
 .text.HAL_ResumeTick
                0x0000000008001854       0x10 ./Drivers/STM32WLxx_HAL_Driver/stm32wlxx_hal.o
                0x0000000008001854                HAL_ResumeTick
 .text.HAL_DBGMCU_EnableDBGSleepMode
                0x0000000008001864       0x10 ./Drivers/STM32WLxx_HAL_Driver/stm32wlxx_hal.o
                0x0000000008001864                HAL_DBGMCU_EnableDBGSleepMode
 .text.HAL_DBGMCU_EnableDBGStopMode
                0x0000000008001874       0x10 ./Drivers/STM32WLxx_HAL_Driver/stm32wlxx_hal.o
                0x0000000008001874                HAL_DBGMCU_EnableDBGStopMode
 .text.HAL_DBGMCU_EnableDBGStandbyMode
                0x0000000008001884       0x10 ./Drivers/STM32WLxx_HAL_Driver/stm32wlxx_hal.o
                0x0000000008001884                HAL_DBGMCU_EnableDBGStandbyMode
 .text.HAL_NVIC_SetPriorityGrouping
                0x0000000008001894       0x24 ./Drivers/STM32WLxx_HAL_Driver/stm32wlxx_hal_cortex.o
                0x0000000008001894                HAL_NVIC_SetPriorityGrouping
 .text.HAL_NVIC_SetPriority
                0x00000000080018b8       0x68 ./Drivers/STM32WLxx_HAL_Driver/stm32wlxx_hal_cortex.o
                0x00000000080018b8                HAL_NVIC_SetPriority
 .text.HAL_NVIC_EnableIRQ
                0x0000000008001920       0x1c ./Drivers/STM32WLxx_HAL_Driver/stm32wlxx_hal_cortex.o
                0x0000000008001920                HAL_NVIC_EnableIRQ
 .text.HAL_NVIC_DisableIRQ
                0x000000000800193c       0x24 ./Drivers/STM32WLxx_HAL_Driver/stm32wlxx_hal_cortex.o
                0x000000000800193c                HAL_NVIC_DisableIRQ
 .text.DMA_SetConfig
                0x0000000008001960       0x40 ./Drivers/STM32WLxx_HAL_Driver/stm32wlxx_hal_dma.o
 .text.DMA_CalcDMAMUXChannelBaseAndMask
                0x00000000080019a0       0x64 ./Drivers/STM32WLxx_HAL_Driver/stm32wlxx_hal_dma.o
 .text.DMA_CalcDMAMUXRequestGenBaseAndMask
                0x0000000008001a04       0x2c ./Drivers/STM32WLxx_HAL_Driver/stm32wlxx_hal_dma.o
 .text.HAL_DMA_Init
                0x0000000008001a30       0xe4 ./Drivers/STM32WLxx_HAL_Driver/stm32wlxx_hal_dma.o
                0x0000000008001a30                HAL_DMA_Init
 .text.HAL_DMA_DeInit
                0x0000000008001b14       0xb8 ./Drivers/STM32WLxx_HAL_Driver/stm32wlxx_hal_dma.o
                0x0000000008001b14                HAL_DMA_DeInit
 .text.HAL_DMA_Start_IT
                0x0000000008001bcc       0x98 ./Drivers/STM32WLxx_HAL_Driver/stm32wlxx_hal_dma.o
                0x0000000008001bcc                HAL_DMA_Start_IT
 .text.HAL_DMA_Abort
                0x0000000008001c64       0x74 ./Drivers/STM32WLxx_HAL_Driver/stm32wlxx_hal_dma.o
                0x0000000008001c64                HAL_DMA_Abort
 .text.HAL_DMA_Abort_IT
                0x0000000008001cd8       0x72 ./Drivers/STM32WLxx_HAL_Driver/stm32wlxx_hal_dma.o
                0x0000000008001cd8                HAL_DMA_Abort_IT
 *fill*         0x0000000008001d4a        0x2 
 .text.HAL_DMA_IRQHandler
                0x0000000008001d4c       0xe8 ./Drivers/STM32WLxx_HAL_Driver/stm32wlxx_hal_dma.o
                0x0000000008001d4c                HAL_DMA_IRQHandler
 .text.HAL_DMA_ConfigChannelAttributes
                0x0000000008001e34       0x26 ./Drivers/STM32WLxx_HAL_Driver/stm32wlxx_hal_dma.o
                0x0000000008001e34                HAL_DMA_ConfigChannelAttributes
 *fill*         0x0000000008001e5a        0x2 
 .text.HAL_GPIO_Init
                0x0000000008001e5c      0x170 ./Drivers/STM32WLxx_HAL_Driver/stm32wlxx_hal_gpio.o
                0x0000000008001e5c                HAL_GPIO_Init
 .text.HAL_GPIO_DeInit
                0x0000000008001fcc       0xf8 ./Drivers/STM32WLxx_HAL_Driver/stm32wlxx_hal_gpio.o
                0x0000000008001fcc                HAL_GPIO_DeInit
 .text.HAL_GPIO_WritePin
                0x00000000080020c4        0xa ./Drivers/STM32WLxx_HAL_Driver/stm32wlxx_hal_gpio.o
                0x00000000080020c4                HAL_GPIO_WritePin
 .text.HAL_GPIO_TogglePin
                0x00000000080020ce       0x12 ./Drivers/STM32WLxx_HAL_Driver/stm32wlxx_hal_gpio.o
                0x00000000080020ce                HAL_GPIO_TogglePin
 .text.HAL_GPIO_EXTI_Callback
                0x00000000080020e0        0x2 ./Drivers/STM32WLxx_HAL_Driver/stm32wlxx_hal_gpio.o
                0x00000000080020e0                HAL_GPIO_EXTI_Callback
 *fill*         0x00000000080020e2        0x2 
 .text.HAL_GPIO_EXTI_IRQHandler
                0x00000000080020e4       0x1c ./Drivers/STM32WLxx_HAL_Driver/stm32wlxx_hal_gpio.o
                0x00000000080020e4                HAL_GPIO_EXTI_IRQHandler
 .text.I2C_Flush_TXDR
                0x0000000008002100       0x22 ./Drivers/STM32WLxx_HAL_Driver/stm32wlxx_hal_i2c.o
 .text.I2C_TransferConfig
                0x0000000008002122       0x3a ./Drivers/STM32WLxx_HAL_Driver/stm32wlxx_hal_i2c.o
 .text.I2C_IsErrorOccurred
                0x000000000800215c      0x12c ./Drivers/STM32WLxx_HAL_Driver/stm32wlxx_hal_i2c.o
 .text.I2C_WaitOnTXISFlagUntilTimeout
                0x0000000008002288       0x56 ./Drivers/STM32WLxx_HAL_Driver/stm32wlxx_hal_i2c.o
 .text.I2C_WaitOnFlagUntilTimeout
                0x00000000080022de       0x56 ./Drivers/STM32WLxx_HAL_Driver/stm32wlxx_hal_i2c.o
 .text.I2C_WaitOnSTOPFlagUntilTimeout
                0x0000000008002334       0x50 ./Drivers/STM32WLxx_HAL_Driver/stm32wlxx_hal_i2c.o
 .text.HAL_I2C_Init
                0x0000000008002384       0xbc ./Drivers/STM32WLxx_HAL_Driver/stm32wlxx_hal_i2c.o
                0x0000000008002384                HAL_I2C_Init
 .text.HAL_I2C_Master_Transmit
                0x0000000008002440      0x17c ./Drivers/STM32WLxx_HAL_Driver/stm32wlxx_hal_i2c.o
                0x0000000008002440                HAL_I2C_Master_Transmit
 .text.HAL_I2CEx_ConfigAnalogFilter
                0x00000000080025bc       0x5c ./Drivers/STM32WLxx_HAL_Driver/stm32wlxx_hal_i2c_ex.o
                0x00000000080025bc                HAL_I2CEx_ConfigAnalogFilter
 .text.HAL_I2CEx_ConfigDigitalFilter
                0x0000000008002618       0x58 ./Drivers/STM32WLxx_HAL_Driver/stm32wlxx_hal_i2c_ex.o
                0x0000000008002618                HAL_I2CEx_ConfigDigitalFilter
 .text.HAL_PWR_EnableBkUpAccess
                0x0000000008002670       0x10 ./Drivers/STM32WLxx_HAL_Driver/stm32wlxx_hal_pwr.o
                0x0000000008002670                HAL_PWR_EnableBkUpAccess
 .text.HAL_PWR_EnterSLEEPMode
                0x0000000008002680       0x4c ./Drivers/STM32WLxx_HAL_Driver/stm32wlxx_hal_pwr.o
                0x0000000008002680                HAL_PWR_EnterSLEEPMode
 .text.HAL_PWREx_GetVoltageRange
                0x00000000080026cc       0x10 ./Drivers/STM32WLxx_HAL_Driver/stm32wlxx_hal_pwr_ex.o
                0x00000000080026cc                HAL_PWREx_GetVoltageRange
 .text.HAL_PWREx_EnableLowPowerRunMode
                0x00000000080026dc       0x10 ./Drivers/STM32WLxx_HAL_Driver/stm32wlxx_hal_pwr_ex.o
                0x00000000080026dc                HAL_PWREx_EnableLowPowerRunMode
 .text.HAL_PWREx_DisableLowPowerRunMode
                0x00000000080026ec       0x4c ./Drivers/STM32WLxx_HAL_Driver/stm32wlxx_hal_pwr_ex.o
                0x00000000080026ec                HAL_PWREx_DisableLowPowerRunMode
 .text.HAL_PWREx_EnterSTOP2Mode
                0x0000000008002738       0x3c ./Drivers/STM32WLxx_HAL_Driver/stm32wlxx_hal_pwr_ex.o
                0x0000000008002738                HAL_PWREx_EnterSTOP2Mode
 .text.RCC_SetFlashLatency
                0x0000000008002774       0xb8 ./Drivers/STM32WLxx_HAL_Driver/stm32wlxx_hal_rcc.o
 .text.RCC_SetFlashLatencyFromMSIRange
                0x000000000800282c       0x44 ./Drivers/STM32WLxx_HAL_Driver/stm32wlxx_hal_rcc.o
 .text.HAL_RCC_GetSysClockFreq
                0x0000000008002870      0x110 ./Drivers/STM32WLxx_HAL_Driver/stm32wlxx_hal_rcc.o
                0x0000000008002870                HAL_RCC_GetSysClockFreq
 .text.HAL_RCC_GetHCLKFreq
                0x0000000008002980       0x20 ./Drivers/STM32WLxx_HAL_Driver/stm32wlxx_hal_rcc.o
                0x0000000008002980                HAL_RCC_GetHCLKFreq
 .text.HAL_RCC_OscConfig
                0x00000000080029a0      0x678 ./Drivers/STM32WLxx_HAL_Driver/stm32wlxx_hal_rcc.o
                0x00000000080029a0                HAL_RCC_OscConfig
 .text.HAL_RCC_ClockConfig
                0x0000000008003018      0x268 ./Drivers/STM32WLxx_HAL_Driver/stm32wlxx_hal_rcc.o
                0x0000000008003018                HAL_RCC_ClockConfig
 .text.HAL_RCC_GetPCLK1Freq
                0x0000000008003280       0x20 ./Drivers/STM32WLxx_HAL_Driver/stm32wlxx_hal_rcc.o
                0x0000000008003280                HAL_RCC_GetPCLK1Freq
 .text.HAL_RCC_GetPCLK2Freq
                0x00000000080032a0       0x20 ./Drivers/STM32WLxx_HAL_Driver/stm32wlxx_hal_rcc.o
                0x00000000080032a0                HAL_RCC_GetPCLK2Freq
 .text.HAL_RCCEx_PeriphCLKConfig
                0x00000000080032c0      0x284 ./Drivers/STM32WLxx_HAL_Driver/stm32wlxx_hal_rcc_ex.o
                0x00000000080032c0                HAL_RCCEx_PeriphCLKConfig
 .text.HAL_RTC_DeactivateAlarm
                0x0000000008003544       0x80 ./Drivers/STM32WLxx_HAL_Driver/stm32wlxx_hal_rtc.o
                0x0000000008003544                HAL_RTC_DeactivateAlarm
 .text.HAL_RTC_AlarmIRQHandler
                0x00000000080035c4       0x40 ./Drivers/STM32WLxx_HAL_Driver/stm32wlxx_hal_rtc.o
                0x00000000080035c4                HAL_RTC_AlarmIRQHandler
 .text.HAL_RTC_WaitForSynchro
                0x0000000008003604       0x34 ./Drivers/STM32WLxx_HAL_Driver/stm32wlxx_hal_rtc.o
                0x0000000008003604                HAL_RTC_WaitForSynchro
 .text.RTC_EnterInitMode
                0x0000000008003638       0x4c ./Drivers/STM32WLxx_HAL_Driver/stm32wlxx_hal_rtc.o
                0x0000000008003638                RTC_EnterInitMode
 .text.RTC_ExitInitMode
                0x0000000008003684       0x4c ./Drivers/STM32WLxx_HAL_Driver/stm32wlxx_hal_rtc.o
                0x0000000008003684                RTC_ExitInitMode
 .text.HAL_RTC_Init
                0x00000000080036d0       0xa4 ./Drivers/STM32WLxx_HAL_Driver/stm32wlxx_hal_rtc.o
                0x00000000080036d0                HAL_RTC_Init
 .text.RTC_ByteToBcd2
                0x0000000008003774       0x16 ./Drivers/STM32WLxx_HAL_Driver/stm32wlxx_hal_rtc.o
                0x0000000008003774                RTC_ByteToBcd2
 *fill*         0x000000000800378a        0x2 
 .text.HAL_RTC_SetAlarm_IT
                0x000000000800378c      0x178 ./Drivers/STM32WLxx_HAL_Driver/stm32wlxx_hal_rtc.o
                0x000000000800378c                HAL_RTC_SetAlarm_IT
 .text.HAL_RTCEx_EnableBypassShadow
                0x0000000008003904       0x40 ./Drivers/STM32WLxx_HAL_Driver/stm32wlxx_hal_rtc_ex.o
                0x0000000008003904                HAL_RTCEx_EnableBypassShadow
 .text.HAL_RTCEx_SetSSRU_IT
                0x0000000008003944       0x58 ./Drivers/STM32WLxx_HAL_Driver/stm32wlxx_hal_rtc_ex.o
                0x0000000008003944                HAL_RTCEx_SetSSRU_IT
 .text.HAL_RTCEx_SSRUIRQHandler
                0x000000000800399c       0x28 ./Drivers/STM32WLxx_HAL_Driver/stm32wlxx_hal_rtc_ex.o
                0x000000000800399c                HAL_RTCEx_SSRUIRQHandler
 .text.HAL_RTCEx_AlarmBEventCallback
                0x00000000080039c4        0x2 ./Drivers/STM32WLxx_HAL_Driver/stm32wlxx_hal_rtc_ex.o
                0x00000000080039c4                HAL_RTCEx_AlarmBEventCallback
 .text.HAL_RTCEx_BKUPWrite
                0x00000000080039c6        0xe ./Drivers/STM32WLxx_HAL_Driver/stm32wlxx_hal_rtc_ex.o
                0x00000000080039c6                HAL_RTCEx_BKUPWrite
 .text.HAL_RTCEx_BKUPRead
                0x00000000080039d4        0xe ./Drivers/STM32WLxx_HAL_Driver/stm32wlxx_hal_rtc_ex.o
                0x00000000080039d4                HAL_RTCEx_BKUPRead
 *fill*         0x00000000080039e2        0x2 
 .text.SUBGHZSPI_Init
                0x00000000080039e4       0x24 ./Drivers/STM32WLxx_HAL_Driver/stm32wlxx_hal_subghz.o
                0x00000000080039e4                SUBGHZSPI_Init
 .text.HAL_SUBGHZ_Init
                0x0000000008003a08       0xb8 ./Drivers/STM32WLxx_HAL_Driver/stm32wlxx_hal_subghz.o
                0x0000000008003a08                HAL_SUBGHZ_Init
 .text.SUBGHZSPI_Transmit
                0x0000000008003ac0       0x7c ./Drivers/STM32WLxx_HAL_Driver/stm32wlxx_hal_subghz.o
                0x0000000008003ac0                SUBGHZSPI_Transmit
 .text.SUBGHZSPI_Receive
                0x0000000008003b3c       0x84 ./Drivers/STM32WLxx_HAL_Driver/stm32wlxx_hal_subghz.o
                0x0000000008003b3c                SUBGHZSPI_Receive
 .text.SUBGHZ_WaitOnBusy
                0x0000000008003bc0       0x58 ./Drivers/STM32WLxx_HAL_Driver/stm32wlxx_hal_subghz.o
                0x0000000008003bc0                SUBGHZ_WaitOnBusy
 .text.SUBGHZ_CheckDeviceReady
                0x0000000008003c18       0x54 ./Drivers/STM32WLxx_HAL_Driver/stm32wlxx_hal_subghz.o
                0x0000000008003c18                SUBGHZ_CheckDeviceReady
 .text.HAL_SUBGHZ_WriteRegisters
                0x0000000008003c6c       0xa0 ./Drivers/STM32WLxx_HAL_Driver/stm32wlxx_hal_subghz.o
                0x0000000008003c6c                HAL_SUBGHZ_WriteRegisters
 .text.HAL_SUBGHZ_ReadRegisters
                0x0000000008003d0c       0xa8 ./Drivers/STM32WLxx_HAL_Driver/stm32wlxx_hal_subghz.o
                0x0000000008003d0c                HAL_SUBGHZ_ReadRegisters
 .text.HAL_SUBGHZ_ExecSetCmd
                0x0000000008003db4       0xac ./Drivers/STM32WLxx_HAL_Driver/stm32wlxx_hal_subghz.o
                0x0000000008003db4                HAL_SUBGHZ_ExecSetCmd
 .text.HAL_SUBGHZ_ExecGetCmd
                0x0000000008003e60       0x98 ./Drivers/STM32WLxx_HAL_Driver/stm32wlxx_hal_subghz.o
                0x0000000008003e60                HAL_SUBGHZ_ExecGetCmd
 .text.HAL_SUBGHZ_IRQHandler
                0x0000000008003ef8       0xc0 ./Drivers/STM32WLxx_HAL_Driver/stm32wlxx_hal_subghz.o
                0x0000000008003ef8                HAL_SUBGHZ_IRQHandler
 .text.HAL_SUBGHZ_WriteBuffer
                0x0000000008003fb8       0x94 ./Drivers/STM32WLxx_HAL_Driver/stm32wlxx_hal_subghz.o
                0x0000000008003fb8                HAL_SUBGHZ_WriteBuffer
 .text.HAL_SUBGHZ_ReadBuffer
                0x000000000800404c       0xa0 ./Drivers/STM32WLxx_HAL_Driver/stm32wlxx_hal_subghz.o
                0x000000000800404c                HAL_SUBGHZ_ReadBuffer
 .text.UART_EndTxTransfer
                0x00000000080040ec       0x32 ./Drivers/STM32WLxx_HAL_Driver/stm32wlxx_hal_uart.o
 .text.UART_EndRxTransfer
                0x000000000800411e       0x56 ./Drivers/STM32WLxx_HAL_Driver/stm32wlxx_hal_uart.o
 .text.HAL_UART_Transmit_DMA
                0x0000000008004174       0xc0 ./Drivers/STM32WLxx_HAL_Driver/stm32wlxx_hal_uart.o
                0x0000000008004174                HAL_UART_Transmit_DMA
 .text.UART_DMATransmitCplt
                0x0000000008004234       0x48 ./Drivers/STM32WLxx_HAL_Driver/stm32wlxx_hal_uart.o
 .text.UART_EndTransmit_IT
                0x000000000800427c       0x24 ./Drivers/STM32WLxx_HAL_Driver/stm32wlxx_hal_uart.o
 .text.HAL_UART_TxHalfCpltCallback
                0x00000000080042a0        0x2 ./Drivers/STM32WLxx_HAL_Driver/stm32wlxx_hal_uart.o
                0x00000000080042a0                HAL_UART_TxHalfCpltCallback
 .text.UART_DMATxHalfCplt
                0x00000000080042a2        0xa ./Drivers/STM32WLxx_HAL_Driver/stm32wlxx_hal_uart.o
 .text.HAL_UART_ErrorCallback
                0x00000000080042ac        0x2 ./Drivers/STM32WLxx_HAL_Driver/stm32wlxx_hal_uart.o
                0x00000000080042ac                HAL_UART_ErrorCallback
 .text.UART_DMAError
                0x00000000080042ae       0x58 ./Drivers/STM32WLxx_HAL_Driver/stm32wlxx_hal_uart.o
 .text.UART_DMAAbortOnError
                0x0000000008004306       0x14 ./Drivers/STM32WLxx_HAL_Driver/stm32wlxx_hal_uart.o
 .text.HAL_UARTEx_RxEventCallback
                0x000000000800431a        0x2 ./Drivers/STM32WLxx_HAL_Driver/stm32wlxx_hal_uart.o
                0x000000000800431a                HAL_UARTEx_RxEventCallback
 .text.HAL_UART_IRQHandler
                0x000000000800431c      0x334 ./Drivers/STM32WLxx_HAL_Driver/stm32wlxx_hal_uart.o
                0x000000000800431c                HAL_UART_IRQHandler
 .text.UART_RxISR_8BIT
                0x0000000008004650       0xb2 ./Drivers/STM32WLxx_HAL_Driver/stm32wlxx_hal_uart.o
 .text.UART_RxISR_16BIT
                0x0000000008004702       0xb0 ./Drivers/STM32WLxx_HAL_Driver/stm32wlxx_hal_uart.o
 *fill*         0x00000000080047b2        0x2 
 .text.UART_RxISR_8BIT_FIFOEN
                0x00000000080047b4      0x1a0 ./Drivers/STM32WLxx_HAL_Driver/stm32wlxx_hal_uart.o
 .text.UART_RxISR_16BIT_FIFOEN
                0x0000000008004954      0x1a0 ./Drivers/STM32WLxx_HAL_Driver/stm32wlxx_hal_uart.o
 .text.UART_SetConfig
                0x0000000008004af4      0x2d4 ./Drivers/STM32WLxx_HAL_Driver/stm32wlxx_hal_uart.o
                0x0000000008004af4                UART_SetConfig
 .text.UART_AdvFeatureConfig
                0x0000000008004dc8       0xca ./Drivers/STM32WLxx_HAL_Driver/stm32wlxx_hal_uart.o
                0x0000000008004dc8                UART_AdvFeatureConfig
 .text.UART_WaitOnFlagUntilTimeout
                0x0000000008004e92       0xd8 ./Drivers/STM32WLxx_HAL_Driver/stm32wlxx_hal_uart.o
                0x0000000008004e92                UART_WaitOnFlagUntilTimeout
 .text.UART_CheckIdleState
                0x0000000008004f6a       0x74 ./Drivers/STM32WLxx_HAL_Driver/stm32wlxx_hal_uart.o
                0x0000000008004f6a                UART_CheckIdleState
 .text.HAL_UART_Init
                0x0000000008004fde       0x66 ./Drivers/STM32WLxx_HAL_Driver/stm32wlxx_hal_uart.o
                0x0000000008004fde                HAL_UART_Init
 .text.UART_Start_Receive_IT
                0x0000000008005044      0x148 ./Drivers/STM32WLxx_HAL_Driver/stm32wlxx_hal_uart.o
                0x0000000008005044                UART_Start_Receive_IT
 .text.HAL_UART_Receive_IT
                0x000000000800518c       0x5c ./Drivers/STM32WLxx_HAL_Driver/stm32wlxx_hal_uart.o
                0x000000000800518c                HAL_UART_Receive_IT
 .text.UARTEx_Wakeup_AddressConfig
                0x00000000080051e8       0x2e ./Drivers/STM32WLxx_HAL_Driver/stm32wlxx_hal_uart_ex.o
 *fill*         0x0000000008005216        0x2 
 .text.UARTEx_SetNbDataToProcess
                0x0000000008005218       0x4c ./Drivers/STM32WLxx_HAL_Driver/stm32wlxx_hal_uart_ex.o
 .text.HAL_UARTEx_WakeupCallback
                0x0000000008005264        0x2 ./Drivers/STM32WLxx_HAL_Driver/stm32wlxx_hal_uart_ex.o
                0x0000000008005264                HAL_UARTEx_WakeupCallback
 .text.HAL_UARTEx_RxFifoFullCallback
                0x0000000008005266        0x2 ./Drivers/STM32WLxx_HAL_Driver/stm32wlxx_hal_uart_ex.o
                0x0000000008005266                HAL_UARTEx_RxFifoFullCallback
 .text.HAL_UARTEx_TxFifoEmptyCallback
                0x0000000008005268        0x2 ./Drivers/STM32WLxx_HAL_Driver/stm32wlxx_hal_uart_ex.o
                0x0000000008005268                HAL_UARTEx_TxFifoEmptyCallback
 .text.HAL_UARTEx_StopModeWakeUpSourceConfig
                0x000000000800526a       0x82 ./Drivers/STM32WLxx_HAL_Driver/stm32wlxx_hal_uart_ex.o
                0x000000000800526a                HAL_UARTEx_StopModeWakeUpSourceConfig
 .text.HAL_UARTEx_EnableStopMode
                0x00000000080052ec       0x2e ./Drivers/STM32WLxx_HAL_Driver/stm32wlxx_hal_uart_ex.o
                0x00000000080052ec                HAL_UARTEx_EnableStopMode
 .text.HAL_UARTEx_EnableFifoMode
                0x000000000800531a       0x48 ./Drivers/STM32WLxx_HAL_Driver/stm32wlxx_hal_uart_ex.o
                0x000000000800531a                HAL_UARTEx_EnableFifoMode
 .text.HAL_UARTEx_SetTxFifoThreshold
                0x0000000008005362       0x4a ./Drivers/STM32WLxx_HAL_Driver/stm32wlxx_hal_uart_ex.o
                0x0000000008005362                HAL_UARTEx_SetTxFifoThreshold
 .text.HAL_UARTEx_SetRxFifoThreshold
                0x00000000080053ac       0x4a ./Drivers/STM32WLxx_HAL_Driver/stm32wlxx_hal_uart_ex.o
                0x00000000080053ac                HAL_UARTEx_SetRxFifoThreshold
 .text.RadioCheckRfFrequency
                0x00000000080053f6        0x4 ./Middlewares/SubGHz_Phy/radio.o
 *fill*         0x00000000080053fa        0x2 
 .text.RadioGetLoRaBandwidthInHz
                0x00000000080053fc       0x5c ./Middlewares/SubGHz_Phy/radio.o
 .text.RadioGetGfskTimeOnAirNumerator
                0x0000000008005458       0x26 ./Middlewares/SubGHz_Phy/radio.o
 .text.RadioGetLoRaTimeOnAirNumerator
                0x000000000800547e       0x92 ./Middlewares/SubGHz_Phy/radio.o
 .text.RadioTimeOnAir
                0x0000000008005510       0x74 ./Middlewares/SubGHz_Phy/radio.o
 .text.RadioOnTxTimeoutProcess
                0x0000000008005584       0x20 ./Middlewares/SubGHz_Phy/radio.o
 .text.RadioOnTxTimeoutIrq
                0x00000000080055a4        0x8 ./Middlewares/SubGHz_Phy/radio.o
 .text.RadioOnRxTimeoutProcess
                0x00000000080055ac       0x20 ./Middlewares/SubGHz_Phy/radio.o
 .text.RadioOnRxTimeoutIrq
                0x00000000080055cc        0x8 ./Middlewares/SubGHz_Phy/radio.o
 .text.payload_integration
                0x00000000080055d4       0xaa ./Middlewares/SubGHz_Phy/radio.o
 *fill*         0x000000000800567e        0x2 
 .text.RadioSetMaxPayloadLength
                0x0000000008005680       0x38 ./Middlewares/SubGHz_Phy/radio.o
 .text.RadioRead
                0x00000000080056b8        0x8 ./Middlewares/SubGHz_Phy/radio.o
 .text.RadioWrite
                0x00000000080056c0        0x8 ./Middlewares/SubGHz_Phy/radio.o
 .text.RadioTxCw
                0x00000000080056c8       0x12 ./Middlewares/SubGHz_Phy/radio.o
 *fill*         0x00000000080056da        0x2 
 .text.RadioTxPrbs
                0x00000000080056dc       0x2c ./Middlewares/SubGHz_Phy/radio.o
 .text.RadioSetRxDutyCycle
                0x0000000008005708       0x34 ./Middlewares/SubGHz_Phy/radio.o
 .text.RadioRxBoosted
                0x000000000800573c       0x70 ./Middlewares/SubGHz_Phy/radio.o
 .text.RadioStandby
                0x00000000080057ac        0xa ./Middlewares/SubGHz_Phy/radio.o
 .text.RadioGetStatus
                0x00000000080057b6       0x22 ./Middlewares/SubGHz_Phy/radio.o
 .text.RadioIrqProcess
                0x00000000080057d8      0x348 ./Middlewares/SubGHz_Phy/radio.o
 .text.RadioOnDioIrq
                0x0000000008005b20       0x14 ./Middlewares/SubGHz_Phy/radio.o
 .text.RadioGetWakeupTime
                0x0000000008005b34        0xa ./Middlewares/SubGHz_Phy/radio.o
 .text.RadioReadRegisters
                0x0000000008005b3e        0x8 ./Middlewares/SubGHz_Phy/radio.o
 .text.RadioWriteRegisters
                0x0000000008005b46        0x8 ./Middlewares/SubGHz_Phy/radio.o
 .text.RadioRssi
                0x0000000008005b4e        0xa ./Middlewares/SubGHz_Phy/radio.o
 .text.RadioSetTxContinuousWave
                0x0000000008005b58       0x38 ./Middlewares/SubGHz_Phy/radio.o
 .text.RadioSetChannel
                0x0000000008005b90        0x8 ./Middlewares/SubGHz_Phy/radio.o
 .text.RadioStartCad
                0x0000000008005b98       0x28 ./Middlewares/SubGHz_Phy/radio.o
 .text.RadioRx  0x0000000008005bc0       0x70 ./Middlewares/SubGHz_Phy/radio.o
 .text.RadioSleep
                0x0000000008005c30       0x12 ./Middlewares/SubGHz_Phy/radio.o
 *fill*         0x0000000008005c42        0x2 
 .text.RadioSend
                0x0000000008005c44      0x1a0 ./Middlewares/SubGHz_Phy/radio.o
 .text.RadioRandom
                0x0000000008005de4       0x14 ./Middlewares/SubGHz_Phy/radio.o
 .text.RadioSetModem
                0x0000000008005df8       0x7c ./Middlewares/SubGHz_Phy/radio.o
 .text.RadioSetTxGenericConfig
                0x0000000008005e74      0x310 ./Middlewares/SubGHz_Phy/radio.o
 .text.RadioSetRxGenericConfig
                0x0000000008006184      0x280 ./Middlewares/SubGHz_Phy/radio.o
 .text.RadioSetPublicNetwork
                0x0000000008006404       0x44 ./Middlewares/SubGHz_Phy/radio.o
 .text.RadioSetTxConfig
                0x0000000008006448      0x1a0 ./Middlewares/SubGHz_Phy/radio.o
 .text.RadioSetRxConfig
                0x00000000080065e8      0x2e4 ./Middlewares/SubGHz_Phy/radio.o
 .text.RadioIsChannelFree
                0x00000000080068cc       0x7c ./Middlewares/SubGHz_Phy/radio.o
 .text.RadioInit
                0x0000000008006948       0x98 ./Middlewares/SubGHz_Phy/radio.o
 .text.SUBGRF_WriteCommand
                0x00000000080069e0       0x20 ./Middlewares/SubGHz_Phy/radio_driver.o
 .text.SUBGRF_ReadCommand
                0x0000000008006a00       0x20 ./Middlewares/SubGHz_Phy/radio_driver.o
 .text.SUBGRF_GetOperatingMode
                0x0000000008006a20        0xc ./Middlewares/SubGHz_Phy/radio_driver.o
                0x0000000008006a20                SUBGRF_GetOperatingMode
 .text.SUBGRF_SetStandby
                0x0000000008006a2c       0x34 ./Middlewares/SubGHz_Phy/radio_driver.o
                0x0000000008006a2c                SUBGRF_SetStandby
 .text.SUBGRF_SetTx
                0x0000000008006a60       0x34 ./Middlewares/SubGHz_Phy/radio_driver.o
                0x0000000008006a60                SUBGRF_SetTx
 .text.SUBGRF_SetRx
                0x0000000008006a94       0x34 ./Middlewares/SubGHz_Phy/radio_driver.o
                0x0000000008006a94                SUBGRF_SetRx
 .text.SUBGRF_SetRxDutyCycle
                0x0000000008006ac8       0x48 ./Middlewares/SubGHz_Phy/radio_driver.o
                0x0000000008006ac8                SUBGRF_SetRxDutyCycle
 .text.SUBGRF_SetCad
                0x0000000008006b10       0x18 ./Middlewares/SubGHz_Phy/radio_driver.o
                0x0000000008006b10                SUBGRF_SetCad
 .text.SUBGRF_SetTxContinuousWave
                0x0000000008006b28        0xe ./Middlewares/SubGHz_Phy/radio_driver.o
                0x0000000008006b28                SUBGRF_SetTxContinuousWave
 .text.SUBGRF_SetTxInfinitePreamble
                0x0000000008006b36        0xe ./Middlewares/SubGHz_Phy/radio_driver.o
                0x0000000008006b36                SUBGRF_SetTxInfinitePreamble
 .text.SUBGRF_SetStopRxTimerOnPreambleDetect
                0x0000000008006b44       0x1a ./Middlewares/SubGHz_Phy/radio_driver.o
                0x0000000008006b44                SUBGRF_SetStopRxTimerOnPreambleDetect
 .text.SUBGRF_SetRegulatorMode
                0x0000000008006b5e       0x2c ./Middlewares/SubGHz_Phy/radio_driver.o
                0x0000000008006b5e                SUBGRF_SetRegulatorMode
 .text.SUBGRF_Calibrate
                0x0000000008006b8a       0x4e ./Middlewares/SubGHz_Phy/radio_driver.o
                0x0000000008006b8a                SUBGRF_Calibrate
 .text.SUBGRF_CalibrateImage
                0x0000000008006bd8       0x8c ./Middlewares/SubGHz_Phy/radio_driver.o
                0x0000000008006bd8                SUBGRF_CalibrateImage
 .text.SUBGRF_SetPaConfig
                0x0000000008006c64       0x26 ./Middlewares/SubGHz_Phy/radio_driver.o
                0x0000000008006c64                SUBGRF_SetPaConfig
 .text.SUBGRF_SetDioIrqParams
                0x0000000008006c8a       0x3a ./Middlewares/SubGHz_Phy/radio_driver.o
                0x0000000008006c8a                SUBGRF_SetDioIrqParams
 .text.SUBGRF_SetTcxoMode
                0x0000000008006cc4       0x32 ./Middlewares/SubGHz_Phy/radio_driver.o
                0x0000000008006cc4                SUBGRF_SetTcxoMode
 *fill*         0x0000000008006cf6        0x2 
 .text.SUBGRF_SetRfFrequency
                0x0000000008006cf8       0x58 ./Middlewares/SubGHz_Phy/radio_driver.o
                0x0000000008006cf8                SUBGRF_SetRfFrequency
 .text.SUBGRF_GetPacketType
                0x0000000008006d50        0xc ./Middlewares/SubGHz_Phy/radio_driver.o
                0x0000000008006d50                SUBGRF_GetPacketType
 .text.SUBGRF_SetBufferBaseAddress
                0x0000000008006d5c       0x1c ./Middlewares/SubGHz_Phy/radio_driver.o
                0x0000000008006d5c                SUBGRF_SetBufferBaseAddress
 .text.SUBGRF_GetRssiInst
                0x0000000008006d78       0x1c ./Middlewares/SubGHz_Phy/radio_driver.o
                0x0000000008006d78                SUBGRF_GetRssiInst
 .text.SUBGRF_GetPacketStatus
                0x0000000008006d94       0x78 ./Middlewares/SubGHz_Phy/radio_driver.o
                0x0000000008006d94                SUBGRF_GetPacketStatus
 .text.SUBGRF_WriteRegister
                0x0000000008006e0c       0x20 ./Middlewares/SubGHz_Phy/radio_driver.o
                0x0000000008006e0c                SUBGRF_WriteRegister
 .text.SUBGRF_SetRxBoosted
                0x0000000008006e2c       0x3c ./Middlewares/SubGHz_Phy/radio_driver.o
                0x0000000008006e2c                SUBGRF_SetRxBoosted
 .text.SUBGRF_SetLoRaSymbNumTimeout
                0x0000000008006e68       0x42 ./Middlewares/SubGHz_Phy/radio_driver.o
                0x0000000008006e68                SUBGRF_SetLoRaSymbNumTimeout
 *fill*         0x0000000008006eaa        0x2 
 .text.SUBGRF_SetPacketType
                0x0000000008006eac       0x30 ./Middlewares/SubGHz_Phy/radio_driver.o
                0x0000000008006eac                SUBGRF_SetPacketType
 .text.SUBGRF_SetModulationParams
                0x0000000008006edc      0x110 ./Middlewares/SubGHz_Phy/radio_driver.o
                0x0000000008006edc                SUBGRF_SetModulationParams
 .text.SUBGRF_ReadRegister
                0x0000000008006fec       0x20 ./Middlewares/SubGHz_Phy/radio_driver.o
                0x0000000008006fec                SUBGRF_ReadRegister
 .text.Radio_SMPS_Set
                0x000000000800700c       0x26 ./Middlewares/SubGHz_Phy/radio_driver.o
 *fill*         0x0000000008007032        0x2 
 .text.SUBGRF_Init
                0x0000000008007034       0x6c ./Middlewares/SubGHz_Phy/radio_driver.o
                0x0000000008007034                SUBGRF_Init
 .text.SUBGRF_SetSleep
                0x00000000080070a0       0x44 ./Middlewares/SubGHz_Phy/radio_driver.o
                0x00000000080070a0                SUBGRF_SetSleep
 .text.SUBGRF_SetWhiteningSeed
                0x00000000080070e4       0x32 ./Middlewares/SubGHz_Phy/radio_driver.o
                0x00000000080070e4                SUBGRF_SetWhiteningSeed
 .text.SUBGRF_SetTxParams
                0x0000000008007116      0x11a ./Middlewares/SubGHz_Phy/radio_driver.o
                0x0000000008007116                SUBGRF_SetTxParams
 .text.SUBGRF_GetRxBufferStatus
                0x0000000008007230       0x44 ./Middlewares/SubGHz_Phy/radio_driver.o
                0x0000000008007230                SUBGRF_GetRxBufferStatus
 .text.SUBGRF_WriteRegisters
                0x0000000008007274       0x20 ./Middlewares/SubGHz_Phy/radio_driver.o
                0x0000000008007274                SUBGRF_WriteRegisters
 .text.SUBGRF_SetSyncWord
                0x0000000008007294       0x12 ./Middlewares/SubGHz_Phy/radio_driver.o
                0x0000000008007294                SUBGRF_SetSyncWord
 .text.SUBGRF_SetCrcSeed
                0x00000000080072a6       0x28 ./Middlewares/SubGHz_Phy/radio_driver.o
                0x00000000080072a6                SUBGRF_SetCrcSeed
 .text.SUBGRF_SetCrcPolynomial
                0x00000000080072ce       0x28 ./Middlewares/SubGHz_Phy/radio_driver.o
                0x00000000080072ce                SUBGRF_SetCrcPolynomial
 *fill*         0x00000000080072f6        0x2 
 .text.SUBGRF_SetPacketParams
                0x00000000080072f8       0xe4 ./Middlewares/SubGHz_Phy/radio_driver.o
                0x00000000080072f8                SUBGRF_SetPacketParams
 .text.SUBGRF_ReadRegisters
                0x00000000080073dc       0x20 ./Middlewares/SubGHz_Phy/radio_driver.o
                0x00000000080073dc                SUBGRF_ReadRegisters
 .text.SUBGRF_GetRandom
                0x00000000080073fc       0x6a ./Middlewares/SubGHz_Phy/radio_driver.o
                0x00000000080073fc                SUBGRF_GetRandom
 *fill*         0x0000000008007466        0x2 
 .text.SUBGRF_WriteBuffer
                0x0000000008007468       0x20 ./Middlewares/SubGHz_Phy/radio_driver.o
                0x0000000008007468                SUBGRF_WriteBuffer
 .text.SUBGRF_SetPayload
                0x0000000008007488        0xe ./Middlewares/SubGHz_Phy/radio_driver.o
                0x0000000008007488                SUBGRF_SetPayload
 .text.SUBGRF_SendPayload
                0x0000000008007496       0x10 ./Middlewares/SubGHz_Phy/radio_driver.o
                0x0000000008007496                SUBGRF_SendPayload
 *fill*         0x00000000080074a6        0x2 
 .text.SUBGRF_ReadBuffer
                0x00000000080074a8       0x20 ./Middlewares/SubGHz_Phy/radio_driver.o
                0x00000000080074a8                SUBGRF_ReadBuffer
 .text.SUBGRF_GetPayload
                0x00000000080074c8       0x34 ./Middlewares/SubGHz_Phy/radio_driver.o
                0x00000000080074c8                SUBGRF_GetPayload
 .text.SUBGRF_SetSwitch
                0x00000000080074fc       0x28 ./Middlewares/SubGHz_Phy/radio_driver.o
                0x00000000080074fc                SUBGRF_SetSwitch
 .text.SUBGRF_SetRfTxPower
                0x0000000008007524       0x2e ./Middlewares/SubGHz_Phy/radio_driver.o
                0x0000000008007524                SUBGRF_SetRfTxPower
 .text.SUBGRF_GetRadioWakeUpTime
                0x0000000008007552        0x4 ./Middlewares/SubGHz_Phy/radio_driver.o
                0x0000000008007552                SUBGRF_GetRadioWakeUpTime
 *fill*         0x0000000008007556        0x2 
 .text.HAL_SUBGHZ_TxCpltCallback
                0x0000000008007558       0x10 ./Middlewares/SubGHz_Phy/radio_driver.o
                0x0000000008007558                HAL_SUBGHZ_TxCpltCallback
 .text.HAL_SUBGHZ_RxCpltCallback
                0x0000000008007568       0x10 ./Middlewares/SubGHz_Phy/radio_driver.o
                0x0000000008007568                HAL_SUBGHZ_RxCpltCallback
 .text.HAL_SUBGHZ_CRCErrorCallback
                0x0000000008007578       0x10 ./Middlewares/SubGHz_Phy/radio_driver.o
                0x0000000008007578                HAL_SUBGHZ_CRCErrorCallback
 .text.HAL_SUBGHZ_CADStatusCallback
                0x0000000008007588       0x24 ./Middlewares/SubGHz_Phy/radio_driver.o
                0x0000000008007588                HAL_SUBGHZ_CADStatusCallback
 .text.HAL_SUBGHZ_RxTxTimeoutCallback
                0x00000000080075ac       0x14 ./Middlewares/SubGHz_Phy/radio_driver.o
                0x00000000080075ac                HAL_SUBGHZ_RxTxTimeoutCallback
 .text.HAL_SUBGHZ_HeaderErrorCallback
                0x00000000080075c0       0x10 ./Middlewares/SubGHz_Phy/radio_driver.o
                0x00000000080075c0                HAL_SUBGHZ_HeaderErrorCallback
 .text.HAL_SUBGHZ_PreambleDetectedCallback
                0x00000000080075d0       0x10 ./Middlewares/SubGHz_Phy/radio_driver.o
                0x00000000080075d0                HAL_SUBGHZ_PreambleDetectedCallback
 .text.HAL_SUBGHZ_SyncWordValidCallback
                0x00000000080075e0       0x10 ./Middlewares/SubGHz_Phy/radio_driver.o
                0x00000000080075e0                HAL_SUBGHZ_SyncWordValidCallback
 .text.HAL_SUBGHZ_HeaderValidCallback
                0x00000000080075f0       0x10 ./Middlewares/SubGHz_Phy/radio_driver.o
                0x00000000080075f0                HAL_SUBGHZ_HeaderValidCallback
 .text.SUBGRF_GetFskBandwidthRegValue
                0x0000000008007600       0x34 ./Middlewares/SubGHz_Phy/radio_driver.o
                0x0000000008007600                SUBGRF_GetFskBandwidthRegValue
 .text.SUBGRF_GetCFO
                0x0000000008007634       0x88 ./Middlewares/SubGHz_Phy/radio_driver.o
                0x0000000008007634                SUBGRF_GetCFO
 .text.RFW_WhiteInitState
                0x00000000080076bc        0x4 ./Middlewares/SubGHz_Phy/radio_fw.o
 .text.RFW_WhiteSetState
                0x00000000080076c0        0x6 ./Middlewares/SubGHz_Phy/radio_fw.o
 .text.RFW_CrcInitState
                0x00000000080076c6        0x8 ./Middlewares/SubGHz_Phy/radio_fw.o
 .text.RFW_CrcSetState
                0x00000000080076ce        0x6 ./Middlewares/SubGHz_Phy/radio_fw.o
 .text.RFW_WhiteRun
                0x00000000080076d4       0x32 ./Middlewares/SubGHz_Phy/radio_fw.o
 *fill*         0x0000000008007706        0x2 
 .text.RFW_PollRxBytes
                0x0000000008007708       0x54 ./Middlewares/SubGHz_Phy/radio_fw.o
 .text.RFW_ReceiveLongPacket
                0x000000000800775c       0xa4 ./Middlewares/SubGHz_Phy/radio_fw.o
                0x000000000800775c                RFW_ReceiveLongPacket
 .text.RFW_Init
                0x0000000008007800       0xc8 ./Middlewares/SubGHz_Phy/radio_fw.o
                0x0000000008007800                RFW_Init
 .text.RFW_DeInit
                0x00000000080078c8        0xc ./Middlewares/SubGHz_Phy/radio_fw.o
                0x00000000080078c8                RFW_DeInit
 .text.RFW_Is_Init
                0x00000000080078d4        0xc ./Middlewares/SubGHz_Phy/radio_fw.o
                0x00000000080078d4                RFW_Is_Init
 .text.RFW_Is_LongPacketModeEnabled
                0x00000000080078e0        0xc ./Middlewares/SubGHz_Phy/radio_fw.o
                0x00000000080078e0                RFW_Is_LongPacketModeEnabled
 .text.RFW_SetAntSwitch
                0x00000000080078ec        0xc ./Middlewares/SubGHz_Phy/radio_fw.o
                0x00000000080078ec                RFW_SetAntSwitch
 .text.RFW_ReceiveInit
                0x00000000080078f8       0x2c ./Middlewares/SubGHz_Phy/radio_fw.o
                0x00000000080078f8                RFW_ReceiveInit
 .text.RFW_DeInit_TxLongPacket
                0x0000000008007924       0x22 ./Middlewares/SubGHz_Phy/radio_fw.o
                0x0000000008007924                RFW_DeInit_TxLongPacket
 *fill*         0x0000000008007946        0x2 
 .text.RFW_SetRadioModem
                0x0000000008007948        0xc ./Middlewares/SubGHz_Phy/radio_fw.o
                0x0000000008007948                RFW_SetRadioModem
 .text.RFW_CrcRun1Byte
                0x0000000008007954       0x32 ./Middlewares/SubGHz_Phy/radio_fw.o
                0x0000000008007954                RFW_CrcRun1Byte
 .text.RFW_CrcRun
                0x0000000008007986       0x48 ./Middlewares/SubGHz_Phy/radio_fw.o
 *fill*         0x00000000080079ce        0x2 
 .text.RFW_TransmitLongPacket
                0x00000000080079d0      0x240 ./Middlewares/SubGHz_Phy/radio_fw.o
                0x00000000080079d0                RFW_TransmitLongPacket
 .text.RFW_TransmitLongPacket_TxChunkProcess
                0x0000000008007c10      0x148 ./Middlewares/SubGHz_Phy/radio_fw.o
 .text.RFW_TransmitLongPacket_NewTxChunkTimerEvent
                0x0000000008007d58        0x8 ./Middlewares/SubGHz_Phy/radio_fw.o
 .text.RFW_GetPayload
                0x0000000008007d60      0x13c ./Middlewares/SubGHz_Phy/radio_fw.o
 .text.RFW_GetPayloadProcess
                0x0000000008007e9c      0x19c ./Middlewares/SubGHz_Phy/radio_fw.o
 .text.RFW_GetPayloadTimerEvent
                0x0000000008008038        0x8 ./Middlewares/SubGHz_Phy/radio_fw.o
 .text.RFW_TransmitInit
                0x0000000008008040       0xcc ./Middlewares/SubGHz_Phy/radio_fw.o
                0x0000000008008040                RFW_TransmitInit
 .text.RFW_GetPacketLength
                0x000000000800810c       0x84 ./Middlewares/SubGHz_Phy/radio_fw.o
 .text.RFW_ReceivePayload
                0x0000000008008190       0xc4 ./Middlewares/SubGHz_Phy/radio_fw.o
                0x0000000008008190                RFW_ReceivePayload
 .text.TRACE_AllocateBufer
                0x0000000008008254       0x7c ./Utilities/stm32_adv_trace.o
 .text.TRACE_Lock
                0x00000000080082d0       0x18 ./Utilities/stm32_adv_trace.o
 .text.TRACE_UnLock
                0x00000000080082e8       0x18 ./Utilities/stm32_adv_trace.o
 .text.TRACE_IsLocked
                0x0000000008008300       0x10 ./Utilities/stm32_adv_trace.o
 .text.UTIL_ADV_TRACE_Init
                0x0000000008008310       0x34 ./Utilities/stm32_adv_trace.o
                0x0000000008008310                UTIL_ADV_TRACE_Init
 .text.UTIL_ADV_TRACE_RegisterTimeStampFunction
                0x0000000008008344        0xc ./Utilities/stm32_adv_trace.o
                0x0000000008008344                UTIL_ADV_TRACE_RegisterTimeStampFunction
 .text.UTIL_ADV_TRACE_SetVerboseLevel
                0x0000000008008350        0xc ./Utilities/stm32_adv_trace.o
                0x0000000008008350                UTIL_ADV_TRACE_SetVerboseLevel
 .text.TRACE_Send
                0x000000000800835c       0x9c ./Utilities/stm32_adv_trace.o
 .text.UTIL_ADV_TRACE_COND_FSend
                0x00000000080083f8       0xc8 ./Utilities/stm32_adv_trace.o
                0x00000000080083f8                UTIL_ADV_TRACE_COND_FSend
 .text.TRACE_TxCpltCallback
                0x00000000080084c0       0xac ./Utilities/stm32_adv_trace.o
 .text.UTIL_LPM_Init
                0x000000000800856c       0x14 ./Utilities/stm32_lpm.o
                0x000000000800856c                UTIL_LPM_Init
 .text.UTIL_LPM_SetStopMode
                0x0000000008008580       0x2c ./Utilities/stm32_lpm.o
                0x0000000008008580                UTIL_LPM_SetStopMode
 .text.UTIL_LPM_SetOffMode
                0x00000000080085ac       0x2c ./Utilities/stm32_lpm.o
                0x00000000080085ac                UTIL_LPM_SetOffMode
 .text.UTIL_LPM_EnterLowPower
                0x00000000080085d8       0x48 ./Utilities/stm32_lpm.o
                0x00000000080085d8                UTIL_LPM_EnterLowPower
 .text.UTIL_MEM_cpy_8
                0x0000000008008620       0x14 ./Utilities/stm32_mem.o
                0x0000000008008620                UTIL_MEM_cpy_8
 .text.UTIL_MEM_set_8
                0x0000000008008634       0x10 ./Utilities/stm32_mem.o
                0x0000000008008634                UTIL_MEM_set_8
 .text.UTIL_SEQ_SetTask
                0x0000000008008644       0x2c ./Utilities/stm32_seq.o
                0x0000000008008644                UTIL_SEQ_SetTask
 .text.UTIL_SEQ_PreIdle
                0x0000000008008670        0x2 ./Utilities/stm32_seq.o
                0x0000000008008670                UTIL_SEQ_PreIdle
 .text.UTIL_SEQ_PostIdle
                0x0000000008008672        0x2 ./Utilities/stm32_seq.o
                0x0000000008008672                UTIL_SEQ_PostIdle
 .text.SEQ_BitPosition
                0x0000000008008674       0x3c ./Utilities/stm32_seq.o
                0x0000000008008674                SEQ_BitPosition
 .text.UTIL_SEQ_Run
                0x00000000080086b0      0x124 ./Utilities/stm32_seq.o
                0x00000000080086b0                UTIL_SEQ_Run
 .text.UTIL_SEQ_RegTask
                0x00000000080087d4       0x20 ./Utilities/stm32_seq.o
                0x00000000080087d4                UTIL_SEQ_RegTask
 .text.SysTimeAdd
                0x00000000080087f4       0x3a ./Utilities/stm32_systime.o
                0x00000000080087f4                SysTimeAdd
 *fill*         0x000000000800882e        0x2 
 .text.SysTimeGet
                0x0000000008008830       0x40 ./Utilities/stm32_systime.o
                0x0000000008008830                SysTimeGet
 .text.UTIL_TIMER_Init
                0x0000000008008870       0x18 ./Utilities/stm32_timer.o
                0x0000000008008870                UTIL_TIMER_Init
 .text.UTIL_TIMER_Create
                0x0000000008008888       0x3c ./Utilities/stm32_timer.o
                0x0000000008008888                UTIL_TIMER_Create
 .text.UTIL_TIMER_GetCurrentTime
                0x00000000080088c4       0x14 ./Utilities/stm32_timer.o
                0x00000000080088c4                UTIL_TIMER_GetCurrentTime
 .text.UTIL_TIMER_GetElapsedTime
                0x00000000080088d8       0x20 ./Utilities/stm32_timer.o
                0x00000000080088d8                UTIL_TIMER_GetElapsedTime
 .text.TimerExists
                0x00000000080088f8       0x1c ./Utilities/stm32_timer.o
                0x00000000080088f8                TimerExists
 .text.TimerSetTimeout
                0x0000000008008914       0x30 ./Utilities/stm32_timer.o
                0x0000000008008914                TimerSetTimeout
 .text.UTIL_TIMER_Stop
                0x0000000008008944       0x6c ./Utilities/stm32_timer.o
                0x0000000008008944                UTIL_TIMER_Stop
 .text.TimerInsertTimer
                0x00000000080089b0       0x3c ./Utilities/stm32_timer.o
                0x00000000080089b0                TimerInsertTimer
 .text.TimerInsertNewHeadTimer
                0x00000000080089ec       0x1c ./Utilities/stm32_timer.o
                0x00000000080089ec                TimerInsertNewHeadTimer
 .text.UTIL_TIMER_Start
                0x0000000008008a08       0x8c ./Utilities/stm32_timer.o
                0x0000000008008a08                UTIL_TIMER_Start
 .text.UTIL_TIMER_SetPeriod
                0x0000000008008a94       0x34 ./Utilities/stm32_timer.o
                0x0000000008008a94                UTIL_TIMER_SetPeriod
 .text.UTIL_TIMER_IRQ_Handler
                0x0000000008008ac8       0x8c ./Utilities/stm32_timer.o
                0x0000000008008ac8                UTIL_TIMER_IRQ_Handler
 .text.ee_skip_atoi
                0x0000000008008b54       0x24 ./Utilities/stm32_tiny_vsnprintf.o
 .text.ee_number
                0x0000000008008b78      0x10c ./Utilities/stm32_tiny_vsnprintf.o
 .text.tiny_vsnprintf_like
                0x0000000008008c84      0x18c ./Utilities/stm32_tiny_vsnprintf.o
                0x0000000008008c84                tiny_vsnprintf_like
 .text.__errno  0x0000000008008e10        0xc c:/st/stm32cubeide_1.8.0/stm32cubeide/plugins/com.st.stm32cube.ide.mcu.externaltools.gnu-tools-for-stm32.9-2020-q2-update.win32_2.0.0.202105311346/tools/bin/../lib/gcc/arm-none-eabi/9.3.1/../../../../arm-none-eabi/lib/thumb/v7e-m/nofp\libc_nano.a(lib_a-errno.o)
                0x0000000008008e10                __errno
 .text.__libc_init_array
                0x0000000008008e1c       0x48 c:/st/stm32cubeide_1.8.0/stm32cubeide/plugins/com.st.stm32cube.ide.mcu.externaltools.gnu-tools-for-stm32.9-2020-q2-update.win32_2.0.0.202105311346/tools/bin/../lib/gcc/arm-none-eabi/9.3.1/../../../../arm-none-eabi/lib/thumb/v7e-m/nofp\libc_nano.a(lib_a-init.o)
                0x0000000008008e1c                __libc_init_array
 .text.memcpy   0x0000000008008e64       0x1c c:/st/stm32cubeide_1.8.0/stm32cubeide/plugins/com.st.stm32cube.ide.mcu.externaltools.gnu-tools-for-stm32.9-2020-q2-update.win32_2.0.0.202105311346/tools/bin/../lib/gcc/arm-none-eabi/9.3.1/../../../../arm-none-eabi/lib/thumb/v7e-m/nofp\libc_nano.a(lib_a-memcpy-stub.o)
                0x0000000008008e64                memcpy
 .text.memset   0x0000000008008e80       0x10 c:/st/stm32cubeide_1.8.0/stm32cubeide/plugins/com.st.stm32cube.ide.mcu.externaltools.gnu-tools-for-stm32.9-2020-q2-update.win32_2.0.0.202105311346/tools/bin/../lib/gcc/arm-none-eabi/9.3.1/../../../../arm-none-eabi/lib/thumb/v7e-m/nofp\libc_nano.a(lib_a-memset.o)
                0x0000000008008e80                memset
 .text.sprintf  0x0000000008008e90       0x40 c:/st/stm32cubeide_1.8.0/stm32cubeide/plugins/com.st.stm32cube.ide.mcu.externaltools.gnu-tools-for-stm32.9-2020-q2-update.win32_2.0.0.202105311346/tools/bin/../lib/gcc/arm-none-eabi/9.3.1/../../../../arm-none-eabi/lib/thumb/v7e-m/nofp\libc_nano.a(lib_a-sprintf.o)
                0x0000000008008e90                siprintf
                0x0000000008008e90                sprintf
 .text.__ssputs_r
                0x0000000008008ed0       0xb6 c:/st/stm32cubeide_1.8.0/stm32cubeide/plugins/com.st.stm32cube.ide.mcu.externaltools.gnu-tools-for-stm32.9-2020-q2-update.win32_2.0.0.202105311346/tools/bin/../lib/gcc/arm-none-eabi/9.3.1/../../../../arm-none-eabi/lib/thumb/v7e-m/nofp\libc_nano.a(lib_a-nano-svfprintf.o)
                0x0000000008008ed0                __ssputs_r
 *fill*         0x0000000008008f86        0x2 
 .text._svfprintf_r
                0x0000000008008f88      0x200 c:/st/stm32cubeide_1.8.0/stm32cubeide/plugins/com.st.stm32cube.ide.mcu.externaltools.gnu-tools-for-stm32.9-2020-q2-update.win32_2.0.0.202105311346/tools/bin/../lib/gcc/arm-none-eabi/9.3.1/../../../../arm-none-eabi/lib/thumb/v7e-m/nofp\libc_nano.a(lib_a-nano-svfprintf.o)
                0x0000000008008f88                _svfiprintf_r
                0x0000000008008f88                _svfprintf_r
 .text._printf_common
                0x0000000008009188       0xda c:/st/stm32cubeide_1.8.0/stm32cubeide/plugins/com.st.stm32cube.ide.mcu.externaltools.gnu-tools-for-stm32.9-2020-q2-update.win32_2.0.0.202105311346/tools/bin/../lib/gcc/arm-none-eabi/9.3.1/../../../../arm-none-eabi/lib/thumb/v7e-m/nofp\libc_nano.a(lib_a-nano-vfprintf_i.o)
                0x0000000008009188                _printf_common
 *fill*         0x0000000008009262        0x2 
 .text._printf_i
                0x0000000008009264      0x24c c:/st/stm32cubeide_1.8.0/stm32cubeide/plugins/com.st.stm32cube.ide.mcu.externaltools.gnu-tools-for-stm32.9-2020-q2-update.win32_2.0.0.202105311346/tools/bin/../lib/gcc/arm-none-eabi/9.3.1/../../../../arm-none-eabi/lib/thumb/v7e-m/nofp\libc_nano.a(lib_a-nano-vfprintf_i.o)
                0x0000000008009264                _printf_i
 .text.memmove  0x00000000080094b0       0x34 c:/st/stm32cubeide_1.8.0/stm32cubeide/plugins/com.st.stm32cube.ide.mcu.externaltools.gnu-tools-for-stm32.9-2020-q2-update.win32_2.0.0.202105311346/tools/bin/../lib/gcc/arm-none-eabi/9.3.1/../../../../arm-none-eabi/lib/thumb/v7e-m/nofp\libc_nano.a(lib_a-memmove.o)
                0x00000000080094b0                memmove
 .text._free_r  0x00000000080094e4       0x9c c:/st/stm32cubeide_1.8.0/stm32cubeide/plugins/com.st.stm32cube.ide.mcu.externaltools.gnu-tools-for-stm32.9-2020-q2-update.win32_2.0.0.202105311346/tools/bin/../lib/gcc/arm-none-eabi/9.3.1/../../../../arm-none-eabi/lib/thumb/v7e-m/nofp\libc_nano.a(lib_a-nano-freer.o)
                0x00000000080094e4                _free_r
 .text._malloc_r
                0x0000000008009580       0xb4 c:/st/stm32cubeide_1.8.0/stm32cubeide/plugins/com.st.stm32cube.ide.mcu.externaltools.gnu-tools-for-stm32.9-2020-q2-update.win32_2.0.0.202105311346/tools/bin/../lib/gcc/arm-none-eabi/9.3.1/../../../../arm-none-eabi/lib/thumb/v7e-m/nofp\libc_nano.a(lib_a-nano-mallocr.o)
                0x0000000008009580                _malloc_r
 .text._realloc_r
                0x0000000008009634       0x4c c:/st/stm32cubeide_1.8.0/stm32cubeide/plugins/com.st.stm32cube.ide.mcu.externaltools.gnu-tools-for-stm32.9-2020-q2-update.win32_2.0.0.202105311346/tools/bin/../lib/gcc/arm-none-eabi/9.3.1/../../../../arm-none-eabi/lib/thumb/v7e-m/nofp\libc_nano.a(lib_a-nano-reallocr.o)
                0x0000000008009634                _realloc_r
 .text._sbrk_r  0x0000000008009680       0x20 c:/st/stm32cubeide_1.8.0/stm32cubeide/plugins/com.st.stm32cube.ide.mcu.externaltools.gnu-tools-for-stm32.9-2020-q2-update.win32_2.0.0.202105311346/tools/bin/../lib/gcc/arm-none-eabi/9.3.1/../../../../arm-none-eabi/lib/thumb/v7e-m/nofp\libc_nano.a(lib_a-sbrkr.o)
                0x0000000008009680                _sbrk_r
 .text.__malloc_lock
                0x00000000080096a0        0xc c:/st/stm32cubeide_1.8.0/stm32cubeide/plugins/com.st.stm32cube.ide.mcu.externaltools.gnu-tools-for-stm32.9-2020-q2-update.win32_2.0.0.202105311346/tools/bin/../lib/gcc/arm-none-eabi/9.3.1/../../../../arm-none-eabi/lib/thumb/v7e-m/nofp\libc_nano.a(lib_a-mlock.o)
                0x00000000080096a0                __malloc_lock
 .text.__malloc_unlock
                0x00000000080096ac        0xc c:/st/stm32cubeide_1.8.0/stm32cubeide/plugins/com.st.stm32cube.ide.mcu.externaltools.gnu-tools-for-stm32.9-2020-q2-update.win32_2.0.0.202105311346/tools/bin/../lib/gcc/arm-none-eabi/9.3.1/../../../../arm-none-eabi/lib/thumb/v7e-m/nofp\libc_nano.a(lib_a-mlock.o)
                0x00000000080096ac                __malloc_unlock
 .text._malloc_usable_size_r
                0x00000000080096b8       0x10 c:/st/stm32cubeide_1.8.0/stm32cubeide/plugins/com.st.stm32cube.ide.mcu.externaltools.gnu-tools-for-stm32.9-2020-q2-update.win32_2.0.0.202105311346/tools/bin/../lib/gcc/arm-none-eabi/9.3.1/../../../../arm-none-eabi/lib/thumb/v7e-m/nofp\libc_nano.a(lib_a-nano-msizer.o)
                0x00000000080096b8                _malloc_usable_size_r
 .text.__retarget_lock_acquire_recursive
                0x00000000080096c8        0x2 c:/st/stm32cubeide_1.8.0/stm32cubeide/plugins/com.st.stm32cube.ide.mcu.externaltools.gnu-tools-for-stm32.9-2020-q2-update.win32_2.0.0.202105311346/tools/bin/../lib/gcc/arm-none-eabi/9.3.1/../../../../arm-none-eabi/lib/thumb/v7e-m/nofp\libc_nano.a(lib_a-lock.o)
                0x00000000080096c8                __retarget_lock_acquire_recursive
 .text.__retarget_lock_release_recursive
                0x00000000080096ca        0x2 c:/st/stm32cubeide_1.8.0/stm32cubeide/plugins/com.st.stm32cube.ide.mcu.externaltools.gnu-tools-for-stm32.9-2020-q2-update.win32_2.0.0.202105311346/tools/bin/../lib/gcc/arm-none-eabi/9.3.1/../../../../arm-none-eabi/lib/thumb/v7e-m/nofp\libc_nano.a(lib_a-lock.o)
                0x00000000080096ca                __retarget_lock_release_recursive
 *(.glue_7)
 .glue_7        0x00000000080096cc        0x0 linker stubs
 *(.glue_7t)
 .glue_7t       0x00000000080096cc        0x0 linker stubs
 *(.eh_frame)
 .eh_frame      0x00000000080096cc        0x0 c:/st/stm32cubeide_1.8.0/stm32cubeide/plugins/com.st.stm32cube.ide.mcu.externaltools.gnu-tools-for-stm32.9-2020-q2-update.win32_2.0.0.202105311346/tools/bin/../lib/gcc/arm-none-eabi/9.3.1/thumb/v7e-m/nofp/crtbegin.o
 *(.init)
 .init          0x00000000080096cc        0x4 c:/st/stm32cubeide_1.8.0/stm32cubeide/plugins/com.st.stm32cube.ide.mcu.externaltools.gnu-tools-for-stm32.9-2020-q2-update.win32_2.0.0.202105311346/tools/bin/../lib/gcc/arm-none-eabi/9.3.1/thumb/v7e-m/nofp/crti.o
                0x00000000080096cc                _init
 .init          0x00000000080096d0        0x8 c:/st/stm32cubeide_1.8.0/stm32cubeide/plugins/com.st.stm32cube.ide.mcu.externaltools.gnu-tools-for-stm32.9-2020-q2-update.win32_2.0.0.202105311346/tools/bin/../lib/gcc/arm-none-eabi/9.3.1/thumb/v7e-m/nofp/crtn.o
 *(.fini)
 .fini          0x00000000080096d8        0x4 c:/st/stm32cubeide_1.8.0/stm32cubeide/plugins/com.st.stm32cube.ide.mcu.externaltools.gnu-tools-for-stm32.9-2020-q2-update.win32_2.0.0.202105311346/tools/bin/../lib/gcc/arm-none-eabi/9.3.1/thumb/v7e-m/nofp/crti.o
                0x00000000080096d8                _fini
 .fini          0x00000000080096dc        0x8 c:/st/stm32cubeide_1.8.0/stm32cubeide/plugins/com.st.stm32cube.ide.mcu.externaltools.gnu-tools-for-stm32.9-2020-q2-update.win32_2.0.0.202105311346/tools/bin/../lib/gcc/arm-none-eabi/9.3.1/thumb/v7e-m/nofp/crtn.o
                0x00000000080096e8                . = ALIGN (0x8)
 *fill*         0x00000000080096e4        0x4 
                0x00000000080096e8                _etext = .

.vfp11_veneer   0x00000000080096e8        0x0
 .vfp11_veneer  0x00000000080096e8        0x0 linker stubs

.v4_bx          0x00000000080096e8        0x0
 .v4_bx         0x00000000080096e8        0x0 linker stubs

.iplt           0x00000000080096e8        0x0
 .iplt          0x00000000080096e8        0x0 c:/st/stm32cubeide_1.8.0/stm32cubeide/plugins/com.st.stm32cube.ide.mcu.externaltools.gnu-tools-for-stm32.9-2020-q2-update.win32_2.0.0.202105311346/tools/bin/../lib/gcc/arm-none-eabi/9.3.1/thumb/v7e-m/nofp/crtbegin.o

.rodata         0x00000000080096e8      0x680
                0x00000000080096e8                . = ALIGN (0x8)
 *(.rodata)
 .rodata        0x00000000080096e8       0x1c ./Drivers/STM32WLxx_HAL_Driver/stm32wlxx_hal_rcc.o
 .rodata        0x0000000008009704       0x10 ./Middlewares/SubGHz_Phy/radio.o
 .rodata        0x0000000008009714       0x11 ./Middlewares/SubGHz_Phy/radio_driver.o
 *(.rodata*)
 *fill*         0x0000000008009725        0x3 
 .rodata.RSSI_Display.str1.4
                0x0000000008009728        0x9 ./Application/User/Core/main.o
 *fill*         0x0000000008009731        0x3 
 .rodata.main.str1.4
                0x0000000008009734        0xe ./Application/User/Core/main.o
 *fill*         0x0000000008009742        0x2 
 .rodata.UTIL_PowerDriver
                0x0000000008009744       0x18 ./Application/User/Core/stm32_lpm_if.o
                0x0000000008009744                UTIL_PowerDriver
 .rodata.TimestampNow.str1.4
                0x000000000800975c        0x9 ./Application/User/Core/sys_app.o
 *fill*         0x0000000008009765        0x3 
 .rodata.UTIL_SYSTIMDriver
                0x0000000008009768       0x14 ./Application/User/Core/timer_if.o
                0x0000000008009768                UTIL_SYSTIMDriver
 .rodata.UTIL_TimerDriver
                0x000000000800977c       0x2c ./Application/User/Core/timer_if.o
                0x000000000800977c                UTIL_TimerDriver
 .rodata.UTIL_TraceDriver
                0x00000000080097a8       0x10 ./Application/User/Core/usart_if.o
                0x00000000080097a8                UTIL_TraceDriver
 .rodata.Per_Process.str1.4
                0x00000000080097b8       0x76 ./Application/User/SubGHz_Phy/App/subghz_phy_app.o
 *fill*         0x000000000800982e        0x2 
 .rodata.SubghzApp_Init.str1.4
                0x0000000008009830       0xae ./Application/User/SubGHz_Phy/App/subghz_phy_app.o
 *fill*         0x00000000080098de        0x2 
 .rodata.AHBPrescTable
                0x00000000080098e0       0x40 ./Drivers/CMSIS/system_stm32wlxx.o
                0x00000000080098e0                AHBPrescTable
 .rodata.APBPrescTable
                0x0000000008009920       0x20 ./Drivers/CMSIS/system_stm32wlxx.o
                0x0000000008009920                APBPrescTable
 .rodata.MSIRangeTable
                0x0000000008009940       0x40 ./Drivers/CMSIS/system_stm32wlxx.o
                0x0000000008009940                MSIRangeTable
 .rodata.UARTPrescTable
                0x0000000008009980       0x18 ./Drivers/STM32WLxx_HAL_Driver/stm32wlxx_hal_uart.o
                0x0000000008009980                UARTPrescTable
 .rodata.denominator.10078
                0x0000000008009998        0x8 ./Drivers/STM32WLxx_HAL_Driver/stm32wlxx_hal_uart_ex.o
 .rodata.numerator.10077
                0x00000000080099a0        0x8 ./Drivers/STM32WLxx_HAL_Driver/stm32wlxx_hal_uart_ex.o
 .rodata.RadioIrqProcess.str1.4
                0x00000000080099a8       0x54 ./Middlewares/SubGHz_Phy/radio.o
 .rodata.RadioSend.str1.4
                0x00000000080099fc       0x15 ./Middlewares/SubGHz_Phy/radio.o
 *fill*         0x0000000008009a11        0x3 
 .rodata.Bandwidths
                0x0000000008009a14        0x3 ./Middlewares/SubGHz_Phy/radio.o
                0x0000000008009a14                Bandwidths
 *fill*         0x0000000008009a17        0x1 
 .rodata.Radio  0x0000000008009a18       0x84 ./Middlewares/SubGHz_Phy/radio.o
                0x0000000008009a18                Radio
 .rodata.FskBandwidths
                0x0000000008009a9c       0xb0 ./Middlewares/SubGHz_Phy/radio_driver.o
 .rodata.RFW_TransmitLongPacket.str1.4
                0x0000000008009b4c       0x1e ./Middlewares/SubGHz_Phy/radio_fw.o
 *fill*         0x0000000008009b6a        0x2 
 .rodata.RFW_TransmitLongPacket_TxChunkProcess.str1.4
                0x0000000008009b6c       0x7b ./Middlewares/SubGHz_Phy/radio_fw.o
 *fill*         0x0000000008009be7        0x1 
 .rodata.RFW_GetPayload.str1.4
                0x0000000008009be8       0x31 ./Middlewares/SubGHz_Phy/radio_fw.o
 *fill*         0x0000000008009c19        0x3 
 .rodata.RFW_GetPayloadProcess.str1.4
                0x0000000008009c1c       0x84 ./Middlewares/SubGHz_Phy/radio_fw.o
 .rodata.RFW_TransmitInit.str1.4
                0x0000000008009ca0       0x15 ./Middlewares/SubGHz_Phy/radio_fw.o
 .rodata.RFW_GetPacketLength.str1.4
                0x0000000008009ca0       0x14 ./Middlewares/SubGHz_Phy/radio_fw.o
 .rodata.RFW_ReceivePayload.str1.4
                0x0000000008009cb4       0x15 ./Middlewares/SubGHz_Phy/radio_fw.o
 *fill*         0x0000000008009cc9        0x3 
 .rodata.SEQ_clz_table_4bit
                0x0000000008009ccc       0x10 ./Utilities/stm32_seq.o
                0x0000000008009ccc                SEQ_clz_table_4bit
 .rodata.ee_number.str1.4
                0x0000000008009cdc       0x4d ./Utilities/stm32_tiny_vsnprintf.o
 *fill*         0x0000000008009d29        0x3 
 .rodata.tiny_vsnprintf_like.str1.4
                0x0000000008009d2c        0x7 ./Utilities/stm32_tiny_vsnprintf.o
 .rodata._svfprintf_r.str1.1
                0x0000000008009d33       0x11 c:/st/stm32cubeide_1.8.0/stm32cubeide/plugins/com.st.stm32cube.ide.mcu.externaltools.gnu-tools-for-stm32.9-2020-q2-update.win32_2.0.0.202105311346/tools/bin/../lib/gcc/arm-none-eabi/9.3.1/../../../../arm-none-eabi/lib/thumb/v7e-m/nofp\libc_nano.a(lib_a-nano-svfprintf.o)
 .rodata._printf_i.str1.1
                0x0000000008009d44       0x22 c:/st/stm32cubeide_1.8.0/stm32cubeide/plugins/com.st.stm32cube.ide.mcu.externaltools.gnu-tools-for-stm32.9-2020-q2-update.win32_2.0.0.202105311346/tools/bin/../lib/gcc/arm-none-eabi/9.3.1/../../../../arm-none-eabi/lib/thumb/v7e-m/nofp\libc_nano.a(lib_a-nano-vfprintf_i.o)
                0x0000000008009d68                . = ALIGN (0x8)
 *fill*         0x0000000008009d66        0x2 

.ARM.extab      0x0000000008009d68        0x0
                0x0000000008009d68                . = ALIGN (0x8)
 *(.ARM.extab* .gnu.linkonce.armextab.*)
                0x0000000008009d68                . = ALIGN (0x8)

.ARM            0x0000000008009d68        0x8
                0x0000000008009d68                . = ALIGN (0x8)
                0x0000000008009d68                __exidx_start = .
 *(.ARM.exidx*)
 .ARM.exidx     0x0000000008009d68        0x8 c:/st/stm32cubeide_1.8.0/stm32cubeide/plugins/com.st.stm32cube.ide.mcu.externaltools.gnu-tools-for-stm32.9-2020-q2-update.win32_2.0.0.202105311346/tools/bin/../lib/gcc/arm-none-eabi/9.3.1/thumb/v7e-m/nofp\libgcc.a(_udivmoddi4.o)
                0x0000000008009d70                __exidx_end = .
                0x0000000008009d70                . = ALIGN (0x8)

.rel.dyn        0x0000000008009d70        0x0
 .rel.iplt      0x0000000008009d70        0x0 c:/st/stm32cubeide_1.8.0/stm32cubeide/plugins/com.st.stm32cube.ide.mcu.externaltools.gnu-tools-for-stm32.9-2020-q2-update.win32_2.0.0.202105311346/tools/bin/../lib/gcc/arm-none-eabi/9.3.1/thumb/v7e-m/nofp/crtbegin.o

.preinit_array  0x0000000008009d70        0x0
                0x0000000008009d70                . = ALIGN (0x8)