Archive member included to satisfy reference by file (symbol)

c:/st/stm32cubeide_1.8.0/stm32cubeide/plugins/com.st.stm32cube.ide.mcu.externaltools.gnu-tools-for-stm32.9-2020-q2-update.win32_2.0.0.202105311346/tools/bin/../lib/gcc/arm-none-eabi/9.3.1/../../../../arm-none-eabi/lib/thumb/v7e-m/nofp\libc_nano.a(lib_a-errno.o)
                              ./Application/User/Core/syscalls.o (__errno)
c:/st/stm32cubeide_1.8.0/stm32cubeide/plugins/com.st.stm32cube.ide.mcu.externaltools.gnu-tools-for-stm32.9-2020-q2-update.win32_2.0.0.202105311346/tools/bin/../lib/gcc/arm-none-eabi/9.3.1/../../../../arm-none-eabi/lib/thumb/v7e-m/nofp\libc_nano.a(lib_a-exit.o)
                              c:/st/stm32cubeide_1.8.0/stm32cubeide/plugins/com.st.stm32cube.ide.mcu.externaltools.gnu-tools-for-stm32.9-2020-q2-update.win32_2.0.0.202105311346/tools/bin/../lib/gcc/arm-none-eabi/9.3.1/../../../../arm-none-eabi/lib/thumb/v7e-m/nofp/crt0.o (exit)
c:/st/stm32cubeide_1.8.0/stm32cubeide/plugins/com.st.stm32cube.ide.mcu.externaltools.gnu-tools-for-stm32.9-2020-q2-update.win32_2.0.0.202105311346/tools/bin/../lib/gcc/arm-none-eabi/9.3.1/../../../../arm-none-eabi/lib/thumb/v7e-m/nofp\libc_nano.a(lib_a-impure.o)
                              c:/st/stm32cubeide_1.8.0/stm32cubeide/plugins/com.st.stm32cube.ide.mcu.externaltools.gnu-tools-for-stm32.9-2020-q2-update.win32_2.0.0.202105311346/tools/bin/../lib/gcc/arm-none-eabi/9.3.1/../../../../arm-none-eabi/lib/thumb/v7e-m/nofp\libc_nano.a(lib_a-exit.o) (_global_impure_ptr)
c:/st/stm32cubeide_1.8.0/stm32cubeide/plugins/com.st.stm32cube.ide.mcu.externaltools.gnu-tools-for-stm32.9-2020-q2-update.win32_2.0.0.202105311346/tools/bin/../lib/gcc/arm-none-eabi/9.3.1/../../../../arm-none-eabi/lib/thumb/v7e-m/nofp\libc_nano.a(lib_a-init.o)
                              c:/st/stm32cubeide_1.8.0/stm32cubeide/plugins/com.st.stm32cube.ide.mcu.externaltools.gnu-tools-for-stm32.9-2020-q2-update.win32_2.0.0.202105311346/tools/bin/../lib/gcc/arm-none-eabi/9.3.1/../../../../arm-none-eabi/lib/thumb/v7e-m/nofp/crt0.o (__libc_init_array)
c:/st/stm32cubeide_1.8.0/stm32cubeide/plugins/com.st.stm32cube.ide.mcu.externaltools.gnu-tools-for-stm32.9-2020-q2-update.win32_2.0.0.202105311346/tools/bin/../lib/gcc/arm-none-eabi/9.3.1/../../../../arm-none-eabi/lib/thumb/v7e-m/nofp\libc_nano.a(lib_a-memcpy-stub.o)
                              ./Application/User/SubGHz_Phy/App/subghz_phy_app.o (memcpy)
c:/st/stm32cubeide_1.8.0/stm32cubeide/plugins/com.st.stm32cube.ide.mcu.externaltools.gnu-tools-for-stm32.9-2020-q2-update.win32_2.0.0.202105311346/tools/bin/../lib/gcc/arm-none-eabi/9.3.1/../../../../arm-none-eabi/lib/thumb/v7e-m/nofp\libc_nano.a(lib_a-memset.o)
                              c:/st/stm32cubeide_1.8.0/stm32cubeide/plugins/com.st.stm32cube.ide.mcu.externaltools.gnu-tools-for-stm32.9-2020-q2-update.win32_2.0.0.202105311346/tools/bin/../lib/gcc/arm-none-eabi/9.3.1/../../../../arm-none-eabi/lib/thumb/v7e-m/nofp/crt0.o (memset)
c:/st/stm32cubeide_1.8.0/stm32cubeide/plugins/com.st.stm32cube.ide.mcu.externaltools.gnu-tools-for-stm32.9-2020-q2-update.win32_2.0.0.202105311346/tools/bin/../lib/gcc/arm-none-eabi/9.3.1/../../../../arm-none-eabi/lib/thumb/v7e-m/nofp\libc_nano.a(lib_a-strlen.o)
                              ./Application/User/Core/sys_app.o (strlen)
c:/st/stm32cubeide_1.8.0/stm32cubeide/plugins/com.st.stm32cube.ide.mcu.externaltools.gnu-tools-for-stm32.9-2020-q2-update.win32_2.0.0.202105311346/tools/bin/../lib/gcc/arm-none-eabi/9.3.1/thumb/v7e-m/nofp\libgcc.a(_aeabi_ldivmod.o)
                              ./Application/User/Core/timer_if.o (__aeabi_ldivmod)
c:/st/stm32cubeide_1.8.0/stm32cubeide/plugins/com.st.stm32cube.ide.mcu.externaltools.gnu-tools-for-stm32.9-2020-q2-update.win32_2.0.0.202105311346/tools/bin/../lib/gcc/arm-none-eabi/9.3.1/thumb/v7e-m/nofp\libgcc.a(_aeabi_uldivmod.o)
                              ./Application/User/Core/timer_if.o (__aeabi_uldivmod)
c:/st/stm32cubeide_1.8.0/stm32cubeide/plugins/com.st.stm32cube.ide.mcu.externaltools.gnu-tools-for-stm32.9-2020-q2-update.win32_2.0.0.202105311346/tools/bin/../lib/gcc/arm-none-eabi/9.3.1/thumb/v7e-m/nofp\libgcc.a(_udivmoddi4.o)
                              c:/st/stm32cubeide_1.8.0/stm32cubeide/plugins/com.st.stm32cube.ide.mcu.externaltools.gnu-tools-for-stm32.9-2020-q2-update.win32_2.0.0.202105311346/tools/bin/../lib/gcc/arm-none-eabi/9.3.1/thumb/v7e-m/nofp\libgcc.a(_aeabi_ldivmod.o) (__udivmoddi4)
c:/st/stm32cubeide_1.8.0/stm32cubeide/plugins/com.st.stm32cube.ide.mcu.externaltools.gnu-tools-for-stm32.9-2020-q2-update.win32_2.0.0.202105311346/tools/bin/../lib/gcc/arm-none-eabi/9.3.1/thumb/v7e-m/nofp\libgcc.a(_dvmd_tls.o)
                              c:/st/stm32cubeide_1.8.0/stm32cubeide/plugins/com.st.stm32cube.ide.mcu.externaltools.gnu-tools-for-stm32.9-2020-q2-update.win32_2.0.0.202105311346/tools/bin/../lib/gcc/arm-none-eabi/9.3.1/thumb/v7e-m/nofp\libgcc.a(_aeabi_ldivmod.o) (__aeabi_ldiv0)

Allocating common symbols
[...]
Memory Configuration

Name             Origin             Length             Attributes
ROM              0x0000000008000000 0x0000000000040000 xr
RAM1             0x0000000020000000 0x0000000000008000 xrw
RAM2             0x0000000020008000 0x0000000000008000 xrw
*default*        0x0000000000000000 0xffffffffffffffff

Linker script and memory map

LOAD c:/st/stm32cubeide_1.8.0/stm32cubeide/plugins/com.st.stm32cube.ide.mcu.externaltools.gnu-tools-for-stm32.9-2020-q2-update.win32_2.0.0.202105311346/tools/bin/../lib/gcc/arm-none-eabi/9.3.1/thumb/v7e-m/nofp/crti.o
LOAD c:/st/stm32cubeide_1.8.0/stm32cubeide/plugins/com.st.stm32cube.ide.mcu.externaltools.gnu-tools-for-stm32.9-2020-q2-update.win32_2.0.0.202105311346/tools/bin/../lib/gcc/arm-none-eabi/9.3.1/thumb/v7e-m/nofp/crtbegin.o
LOAD c:/st/stm32cubeide_1.8.0/stm32cubeide/plugins/com.st.stm32cube.ide.mcu.externaltools.gnu-tools-for-stm32.9-2020-q2-update.win32_2.0.0.202105311346/tools/bin/../lib/gcc/arm-none-eabi/9.3.1/../../../../arm-none-eabi/lib/thumb/v7e-m/nofp/crt0.o
LOAD ./Application/User/Core/dma.o
LOAD ./Application/User/Core/gpio.o
LOAD ./Application/User/Core/main.o
LOAD ./Application/User/Core/rtc.o
LOAD ./Application/User/Core/stm32_lpm_if.o
LOAD ./Application/User/Core/stm32wlxx_hal_msp.o
LOAD ./Application/User/Core/stm32wlxx_it.o
LOAD ./Application/User/Core/subghz.o
LOAD ./Application/User/Core/sys_app.o
LOAD ./Application/User/Core/sys_debug.o
LOAD ./Application/User/Core/syscalls.o
LOAD ./Application/User/Core/sysmem.o
LOAD ./Application/User/Core/timer_if.o
LOAD ./Application/User/Core/usart.o
LOAD ./Application/User/Core/usart_if.o
LOAD ./Application/User/Startup/startup_stm32wl55jcix.o
LOAD ./Application/User/SubGHz_Phy/App/app_subghz_phy.o
LOAD ./Application/User/SubGHz_Phy/App/subghz_phy_app.o
LOAD ./Application/User/SubGHz_Phy/Target/radio_board_if.o
LOAD ./Drivers/BSP/STM32WLxx_Nucleo/stm32wlxx_nucleo.o
LOAD ./Drivers/BSP/STM32WLxx_Nucleo/stm32wlxx_nucleo_radio.o
LOAD ./Drivers/CMSIS/system_stm32wlxx.o
LOAD ./Drivers/STM32WLxx_HAL_Driver/stm32wlxx_hal.o
LOAD ./Drivers/STM32WLxx_HAL_Driver/stm32wlxx_hal_cortex.o
LOAD ./Drivers/STM32WLxx_HAL_Driver/stm32wlxx_hal_dma.o
LOAD ./Drivers/STM32WLxx_HAL_Driver/stm32wlxx_hal_dma_ex.o
LOAD ./Drivers/STM32WLxx_HAL_Driver/stm32wlxx_hal_exti.o
LOAD ./Drivers/STM32WLxx_HAL_Driver/stm32wlxx_hal_flash.o
LOAD ./Drivers/STM32WLxx_HAL_Driver/stm32wlxx_hal_flash_ex.o
LOAD ./Drivers/STM32WLxx_HAL_Driver/stm32wlxx_hal_gpio.o
LOAD ./Drivers/STM32WLxx_HAL_Driver/stm32wlxx_hal_i2c.o
LOAD ./Drivers/STM32WLxx_HAL_Driver/stm32wlxx_hal_i2c_ex.o
LOAD ./Drivers/STM32WLxx_HAL_Driver/stm32wlxx_hal_pwr.o
LOAD ./Drivers/STM32WLxx_HAL_Driver/stm32wlxx_hal_pwr_ex.o
LOAD ./Drivers/STM32WLxx_HAL_Driver/stm32wlxx_hal_rcc.o
LOAD ./Drivers/STM32WLxx_HAL_Driver/stm32wlxx_hal_rcc_ex.o
LOAD ./Drivers/STM32WLxx_HAL_Driver/stm32wlxx_hal_rtc.o
LOAD ./Drivers/STM32WLxx_HAL_Driver/stm32wlxx_hal_rtc_ex.o
LOAD ./Drivers/STM32WLxx_HAL_Driver/stm32wlxx_hal_subghz.o
LOAD ./Drivers/STM32WLxx_HAL_Driver/stm32wlxx_hal_tim.o
LOAD ./Drivers/STM32WLxx_HAL_Driver/stm32wlxx_hal_tim_ex.o
LOAD ./Drivers/STM32WLxx_HAL_Driver/stm32wlxx_hal_uart.o
LOAD ./Drivers/STM32WLxx_HAL_Driver/stm32wlxx_hal_uart_ex.o
LOAD ./Middlewares/SubGHz_Phy/radio.o
LOAD ./Middlewares/SubGHz_Phy/radio_driver.o
LOAD ./Middlewares/SubGHz_Phy/radio_fw.o
LOAD ./Utilities/stm32_adv_trace.o
LOAD ./Utilities/stm32_lpm.o
LOAD ./Utilities/stm32_mem.o
LOAD ./Utilities/stm32_seq.o
LOAD ./Utilities/stm32_systime.o
LOAD ./Utilities/stm32_timer.o
LOAD ./Utilities/stm32_tiny_sscanf.o
LOAD ./Utilities/stm32_tiny_vsnprintf.o
START GROUP
LOAD c:/st/stm32cubeide_1.8.0/stm32cubeide/plugins/com.st.stm32cube.ide.mcu.externaltools.gnu-tools-for-stm32.9-2020-q2-update.win32_2.0.0.202105311346/tools/bin/../lib/gcc/arm-none-eabi/9.3.1/../../../../arm-none-eabi/lib/thumb/v7e-m/nofp\libc_nano.a
LOAD c:/st/stm32cubeide_1.8.0/stm32cubeide/plugins/com.st.stm32cube.ide.mcu.externaltools.gnu-tools-for-stm32.9-2020-q2-update.win32_2.0.0.202105311346/tools/bin/../lib/gcc/arm-none-eabi/9.3.1/../../../../arm-none-eabi/lib/thumb/v7e-m/nofp\libm.a
END GROUP
START GROUP
LOAD c:/st/stm32cubeide_1.8.0/stm32cubeide/plugins/com.st.stm32cube.ide.mcu.externaltools.gnu-tools-for-stm32.9-2020-q2-update.win32_2.0.0.202105311346/tools/bin/../lib/gcc/arm-none-eabi/9.3.1/thumb/v7e-m/nofp\libgcc.a
LOAD c:/st/stm32cubeide_1.8.0/stm32cubeide/plugins/com.st.stm32cube.ide.mcu.externaltools.gnu-tools-for-stm32.9-2020-q2-update.win32_2.0.0.202105311346/tools/bin/../lib/gcc/arm-none-eabi/9.3.1/../../../../arm-none-eabi/lib/thumb/v7e-m/nofp\libc_nano.a
END GROUP
START GROUP
LOAD c:/st/stm32cubeide_1.8.0/stm32cubeide/plugins/com.st.stm32cube.ide.mcu.externaltools.gnu-tools-for-stm32.9-2020-q2-update.win32_2.0.0.202105311346/tools/bin/../lib/gcc/arm-none-eabi/9.3.1/thumb/v7e-m/nofp\libgcc.a
LOAD c:/st/stm32cubeide_1.8.0/stm32cubeide/plugins/com.st.stm32cube.ide.mcu.externaltools.gnu-tools-for-stm32.9-2020-q2-update.win32_2.0.0.202105311346/tools/bin/../lib/gcc/arm-none-eabi/9.3.1/../../../../arm-none-eabi/lib/thumb/v7e-m/nofp\libc_nano.a
LOAD c:/st/stm32cubeide_1.8.0/stm32cubeide/plugins/com.st.stm32cube.ide.mcu.externaltools.gnu-tools-for-stm32.9-2020-q2-update.win32_2.0.0.202105311346/tools/bin/../lib/gcc/arm-none-eabi/9.3.1/../../../../arm-none-eabi/lib/thumb/v7e-m/nofp\libnosys.a
END GROUP
START GROUP
LOAD c:/st/stm32cubeide_1.8.0/stm32cubeide/plugins/com.st.stm32cube.ide.mcu.externaltools.gnu-tools-for-stm32.9-2020-q2-update.win32_2.0.0.202105311346/tools/bin/../lib/gcc/arm-none-eabi/9.3.1/thumb/v7e-m/nofp\libgcc.a
LOAD c:/st/stm32cubeide_1.8.0/stm32cubeide/plugins/com.st.stm32cube.ide.mcu.externaltools.gnu-tools-for-stm32.9-2020-q2-update.win32_2.0.0.202105311346/tools/bin/../lib/gcc/arm-none-eabi/9.3.1/../../../../arm-none-eabi/lib/thumb/v7e-m/nofp\libc_nano.a
LOAD c:/st/stm32cubeide_1.8.0/stm32cubeide/plugins/com.st.stm32cube.ide.mcu.externaltools.gnu-tools-for-stm32.9-2020-q2-update.win32_2.0.0.202105311346/tools/bin/../lib/gcc/arm-none-eabi/9.3.1/../../../../arm-none-eabi/lib/thumb/v7e-m/nofp\libnosys.a
END GROUP
LOAD c:/st/stm32cubeide_1.8.0/stm32cubeide/plugins/com.st.stm32cube.ide.mcu.externaltools.gnu-tools-for-stm32.9-2020-q2-update.win32_2.0.0.202105311346/tools/bin/../lib/gcc/arm-none-eabi/9.3.1/thumb/v7e-m/nofp/crtend.o
LOAD c:/st/stm32cubeide_1.8.0/stm32cubeide/plugins/com.st.stm32cube.ide.mcu.externaltools.gnu-tools-for-stm32.9-2020-q2-update.win32_2.0.0.202105311346/tools/bin/../lib/gcc/arm-none-eabi/9.3.1/thumb/v7e-m/nofp/crtn.o
                0x0000000020008000                _estack = (ORIGIN (RAM1) + LENGTH (RAM1))
                0x0000000000000200                _Min_Heap_Size = 0x200
                0x0000000000000800                _Min_Stack_Size = 0x800

.isr_vector     0x0000000008000000      0x138
                0x0000000008000000                . = ALIGN (0x8)
 *(.isr_vector)
 .isr_vector    0x0000000008000000      0x138 ./Application/User/Startup/startup_stm32wl55jcix.o
                0x0000000008000000                g_pfnVectors
                0x0000000008000138                . = ALIGN (0x8)

.text           0x0000000008000138     0x79b0
                0x0000000008000138                . = ALIGN (0x8)
 *(.text)
 .text          0x0000000008000138       0x40 c:/st/stm32cubeide_1.8.0/stm32cubeide/plugins/com.st.stm32cube.ide.mcu.externaltools.gnu-tools-for-stm32.9-2020-q2-update.win32_2.0.0.202105311346/tools/bin/../lib/gcc/arm-none-eabi/9.3.1/thumb/v7e-m/nofp/crtbegin.o
 .text          0x0000000008000178       0x10 c:/st/stm32cubeide_1.8.0/stm32cubeide/plugins/com.st.stm32cube.ide.mcu.externaltools.gnu-tools-for-stm32.9-2020-q2-update.win32_2.0.0.202105311346/tools/bin/../lib/gcc/arm-none-eabi/9.3.1/../../../../arm-none-eabi/lib/thumb/v7e-m/nofp\libc_nano.a(lib_a-strlen.o)
                0x0000000008000178                strlen
 .text          0x0000000008000188       0x30 c:/st/stm32cubeide_1.8.0/stm32cubeide/plugins/com.st.stm32cube.ide.mcu.externaltools.gnu-tools-for-stm32.9-2020-q2-update.win32_2.0.0.202105311346/tools/bin/../lib/gcc/arm-none-eabi/9.3.1/thumb/v7e-m/nofp\libgcc.a(_aeabi_uldivmod.o)
                0x0000000008000188                __aeabi_uldivmod
 .text          0x00000000080001b8      0x2c0 c:/st/stm32cubeide_1.8.0/stm32cubeide/plugins/com.st.stm32cube.ide.mcu.externaltools.gnu-tools-for-stm32.9-2020-q2-update.win32_2.0.0.202105311346/tools/bin/../lib/gcc/arm-none-eabi/9.3.1/thumb/v7e-m/nofp\libgcc.a(_udivmoddi4.o)
                0x00000000080001b8                __udivmoddi4
 .text          0x0000000008000478        0x4 c:/st/stm32cubeide_1.8.0/stm32cubeide/plugins/com.st.stm32cube.ide.mcu.externaltools.gnu-tools-for-stm32.9-2020-q2-update.win32_2.0.0.202105311346/tools/bin/../lib/gcc/arm-none-eabi/9.3.1/thumb/v7e-m/nofp\libgcc.a(_dvmd_tls.o)
                0x0000000008000478                __aeabi_idiv0
                0x0000000008000478                __aeabi_ldiv0
 *(.text*)
 .text.MX_DMA_Init
                0x000000000800047c       0x40 ./Application/User/Core/dma.o
                0x000000000800047c                MX_DMA_Init
 .text.LL_AHB2_GRP1_EnableClock
                0x00000000080004bc       0x18 ./Application/User/Core/gpio.o
 .text.MX_GPIO_Init
                0x00000000080004d4       0xc4 ./Application/User/Core/gpio.o
                0x00000000080004d4                MX_GPIO_Init
 .text.lcd_send_cmd
                0x0000000008000598       0x44 ./Application/User/Core/main.o
                0x0000000008000598                lcd_send_cmd
 .text.lcd_send_data
                0x00000000080005dc       0x44 ./Application/User/Core/main.o
                0x00000000080005dc                lcd_send_data
 .text.lcd_init
                0x0000000008000620       0x78 ./Application/User/Core/main.o
                0x0000000008000620                lcd_init
 .text.lcd_send_string
                0x0000000008000698       0x12 ./Application/User/Core/main.o
                0x0000000008000698                lcd_send_string
 *fill*         0x00000000080006aa        0x2 
 .text.RSSI_Display
                0x00000000080006ac       0x30 ./Application/User/Core/main.o
                0x00000000080006ac                RSSI_Display
 .text.SystemClock_Config
                0x00000000080006dc       0x8c ./Application/User/Core/main.o
                0x00000000080006dc                SystemClock_Config
 .text.startup.main
                0x0000000008000768       0xa4 ./Application/User/Core/main.o
                0x0000000008000768                main
 .text.Error_Handler
                0x000000000800080c        0x4 ./Application/User/Core/main.o
                0x000000000800080c                Error_Handler
 .text.MX_RTC_Init
                0x0000000008000810       0x74 ./Application/User/Core/rtc.o
                0x0000000008000810                MX_RTC_Init
 .text.HAL_RTC_MspInit
                0x0000000008000884       0x7c ./Application/User/Core/rtc.o
                0x0000000008000884                HAL_RTC_MspInit
 .text.PWR_EnterOffMode
                0x0000000008000900        0x2 ./Application/User/Core/stm32_lpm_if.o
                0x0000000008000900                PWR_EnterOffMode
 *fill*         0x0000000008000902        0x2 
 .text.PWR_EnterStopMode
                0x0000000008000904       0x1c ./Application/User/Core/stm32_lpm_if.o
                0x0000000008000904                PWR_EnterStopMode
 .text.PWR_ExitSleepMode
                0x0000000008000920        0x4 ./Application/User/Core/stm32_lpm_if.o
                0x0000000008000920                PWR_ExitSleepMode
 .text.PWR_ExitStopMode
                0x0000000008000924        0xe ./Application/User/Core/stm32_lpm_if.o
                0x0000000008000924                PWR_ExitStopMode
 .text.PWR_EnterSleepMode
                0x0000000008000932       0x12 ./Application/User/Core/stm32_lpm_if.o
                0x0000000008000932                PWR_EnterSleepMode
 .text.PWR_ExitOffMode
                0x0000000008000944        0x2 ./Application/User/Core/stm32_lpm_if.o
                0x0000000008000944                PWR_ExitOffMode
 .text.HAL_MspInit
                0x0000000008000946        0x2 ./Application/User/Core/stm32wlxx_hal_msp.o
                0x0000000008000946                HAL_MspInit
 .text.HAL_I2C_MspInit
                0x0000000008000948       0x88 ./Application/User/Core/stm32wlxx_hal_msp.o
                0x0000000008000948                HAL_I2C_MspInit
 .text.NMI_Handler
                0x00000000080009d0        0x2 ./Application/User/Core/stm32wlxx_it.o
                0x00000000080009d0                NMI_Handler
 .text.HardFault_Handler
                0x00000000080009d2        0x2 ./Application/User/Core/stm32wlxx_it.o
                0x00000000080009d2                HardFault_Handler
 .text.MemManage_Handler
                0x00000000080009d4        0x2 ./Application/User/Core/stm32wlxx_it.o
                0x00000000080009d4                MemManage_Handler
 .text.BusFault_Handler
                0x00000000080009d6        0x2 ./Application/User/Core/stm32wlxx_it.o
                0x00000000080009d6                BusFault_Handler
 .text.UsageFault_Handler
                0x00000000080009d8        0x2 ./Application/User/Core/stm32wlxx_it.o
                0x00000000080009d8                UsageFault_Handler
 .text.SVC_Handler
                0x00000000080009da        0x2 ./Application/User/Core/stm32wlxx_it.o
                0x00000000080009da                SVC_Handler
 .text.DebugMon_Handler
                0x00000000080009dc        0x2 ./Application/User/Core/stm32wlxx_it.o
                0x00000000080009dc                DebugMon_Handler
 .text.PendSV_Handler
                0x00000000080009de        0x2 ./Application/User/Core/stm32wlxx_it.o
                0x00000000080009de                PendSV_Handler
 .text.SysTick_Handler
                0x00000000080009e0        0x4 ./Application/User/Core/stm32wlxx_it.o
                0x00000000080009e0                SysTick_Handler
 .text.TAMP_STAMP_LSECSS_SSRU_IRQHandler
                0x00000000080009e4        0xc ./Application/User/Core/stm32wlxx_it.o
                0x00000000080009e4                TAMP_STAMP_LSECSS_SSRU_IRQHandler
 .text.EXTI0_IRQHandler
                0x00000000080009f0        0x6 ./Application/User/Core/stm32wlxx_it.o
                0x00000000080009f0                EXTI0_IRQHandler
 .text.EXTI1_IRQHandler
                0x00000000080009f6        0x6 ./Application/User/Core/stm32wlxx_it.o
                0x00000000080009f6                EXTI1_IRQHandler
 .text.DMA1_Channel5_IRQHandler
                0x00000000080009fc        0xc ./Application/User/Core/stm32wlxx_it.o
                0x00000000080009fc                DMA1_Channel5_IRQHandler
 .text.EXTI9_5_IRQHandler
                0x0000000008000a08        0x6 ./Application/User/Core/stm32wlxx_it.o
                0x0000000008000a08                EXTI9_5_IRQHandler
 *fill*         0x0000000008000a0e        0x2 
 .text.USART2_IRQHandler
                0x0000000008000a10        0xc ./Application/User/Core/stm32wlxx_it.o
                0x0000000008000a10                USART2_IRQHandler
 .text.RTC_Alarm_IRQHandler
                0x0000000008000a1c        0xc ./Application/User/Core/stm32wlxx_it.o
                0x0000000008000a1c                RTC_Alarm_IRQHandler
 .text.SUBGHZ_Radio_IRQHandler
                0x0000000008000a28        0xc ./Application/User/Core/stm32wlxx_it.o
                0x0000000008000a28                SUBGHZ_Radio_IRQHandler
 .text.MX_SUBGHZ_Init
                0x0000000008000a34       0x1c ./Application/User/Core/subghz.o
                0x0000000008000a34                MX_SUBGHZ_Init
 .text.HAL_SUBGHZ_MspInit
                0x0000000008000a50       0x2e ./Application/User/Core/subghz.o
                0x0000000008000a50                HAL_SUBGHZ_MspInit
 *fill*         0x0000000008000a7e        0x2 
 .text.tiny_snprintf_like.constprop.0
                0x0000000008000a80       0x20 ./Application/User/Core/sys_app.o
 .text.TimestampNow
                0x0000000008000aa0       0x30 ./Application/User/Core/sys_app.o
 .text.SystemApp_Init
                0x0000000008000ad0       0x4c ./Application/User/Core/sys_app.o
                0x0000000008000ad0                SystemApp_Init
 .text.UTIL_SEQ_Idle
                0x0000000008000b1c        0x4 ./Application/User/Core/sys_app.o
                0x0000000008000b1c                UTIL_SEQ_Idle
 .text.UTIL_ADV_TRACE_PreSendHook
                0x0000000008000b20        0x8 ./Application/User/Core/sys_app.o
                0x0000000008000b20                UTIL_ADV_TRACE_PreSendHook
 .text.UTIL_ADV_TRACE_PostSendHook
                0x0000000008000b28        0x8 ./Application/User/Core/sys_app.o
                0x0000000008000b28                UTIL_ADV_TRACE_PostSendHook
 .text.HAL_InitTick
                0x0000000008000b30        0x4 ./Application/User/Core/sys_app.o
                0x0000000008000b30                HAL_InitTick
 .text.HAL_GetTick
                0x0000000008000b34       0x10 ./Application/User/Core/sys_app.o
                0x0000000008000b34                HAL_GetTick
 .text.HAL_Delay
                0x0000000008000b44        0xc ./Application/User/Core/sys_app.o
                0x0000000008000b44                HAL_Delay
 .text.DBG_Init
                0x0000000008000b50       0x94 ./Application/User/Core/sys_debug.o
                0x0000000008000b50                DBG_Init
 .text.TIMER_IF_GetTimerContext
                0x0000000008000be4        0xc ./Application/User/Core/timer_if.o
                0x0000000008000be4                TIMER_IF_GetTimerContext
 .text.TIMER_IF_GetMinimumTimeout
                0x0000000008000bf0        0x4 ./Application/User/Core/timer_if.o
                0x0000000008000bf0                TIMER_IF_GetMinimumTimeout
 .text.TIMER_IF_Convert_ms2Tick
                0x0000000008000bf4       0x14 ./Application/User/Core/timer_if.o
                0x0000000008000bf4                TIMER_IF_Convert_ms2Tick
 .text.TIMER_IF_Convert_Tick2ms
                0x0000000008000c08       0x10 ./Application/User/Core/timer_if.o
                0x0000000008000c08                TIMER_IF_Convert_Tick2ms
 .text.GetTimerTicks
                0x0000000008000c18       0x14 ./Application/User/Core/timer_if.o
 .text.TIMER_IF_SetTimerContext
                0x0000000008000c2c       0x10 ./Application/User/Core/timer_if.o
                0x0000000008000c2c                TIMER_IF_SetTimerContext
 .text.TIMER_IF_GetTimerElapsedTime
                0x0000000008000c3c       0x14 ./Application/User/Core/timer_if.o
                0x0000000008000c3c                TIMER_IF_GetTimerElapsedTime
 .text.TIMER_IF_GetTimerValue
                0x0000000008000c50       0x10 ./Application/User/Core/timer_if.o
                0x0000000008000c50                TIMER_IF_GetTimerValue
 .text.TIMER_IF_StopTimer
                0x0000000008000c60       0x28 ./Application/User/Core/timer_if.o
                0x0000000008000c60                TIMER_IF_StopTimer
 .text.TIMER_IF_BkUp_Write_Seconds
                0x0000000008000c88       0x10 ./Application/User/Core/timer_if.o
                0x0000000008000c88                TIMER_IF_BkUp_Write_Seconds
 .text.TIMER_IF_BkUp_Write_SubSeconds
                0x0000000008000c98       0x10 ./Application/User/Core/timer_if.o
                0x0000000008000c98                TIMER_IF_BkUp_Write_SubSeconds
 .text.TIMER_IF_StartTimer
                0x0000000008000ca8       0x50 ./Application/User/Core/timer_if.o
                0x0000000008000ca8                TIMER_IF_StartTimer
 .text.TIMER_IF_GetTime
                0x0000000008000cf8       0x38 ./Application/User/Core/timer_if.o
                0x0000000008000cf8                TIMER_IF_GetTime
 .text.TIMER_IF_BkUp_Read_Seconds
                0x0000000008000d30        0xc ./Application/User/Core/timer_if.o
                0x0000000008000d30                TIMER_IF_BkUp_Read_Seconds
 .text.TIMER_IF_BkUp_Read_SubSeconds
                0x0000000008000d3c        0xc ./Application/User/Core/timer_if.o
                0x0000000008000d3c                TIMER_IF_BkUp_Read_SubSeconds
 .text.TIMER_IF_Init
                0x0000000008000d48       0x48 ./Application/User/Core/timer_if.o
                0x0000000008000d48                TIMER_IF_Init
 .text.TIMER_IF_DelayMs
                0x0000000008000d90       0x2a ./Application/User/Core/timer_if.o
                0x0000000008000d90                TIMER_IF_DelayMs
 .text.HAL_RTC_AlarmAEventCallback
                0x0000000008000dba        0x4 ./Application/User/Core/timer_if.o
                0x0000000008000dba                HAL_RTC_AlarmAEventCallback
 *fill*         0x0000000008000dbe        0x2 
 .text.HAL_RTCEx_SSRUEventCallback
                0x0000000008000dc0       0x20 ./Application/User/Core/timer_if.o
                0x0000000008000dc0                HAL_RTCEx_SSRUEventCallback
 .text.MX_USART2_UART_Init
                0x0000000008000de0       0x64 ./Application/User/Core/usart.o
                0x0000000008000de0                MX_USART2_UART_Init
 .text.HAL_UART_MspInit
                0x0000000008000e44       0xdc ./Application/User/Core/usart.o
                0x0000000008000e44                HAL_UART_MspInit
 .text.HAL_UART_MspDeInit
                0x0000000008000f20       0x38 ./Application/User/Core/usart.o
                0x0000000008000f20                HAL_UART_MspDeInit
 .text.vcom_Trace_DMA
                0x0000000008000f58       0x14 ./Application/User/Core/usart_if.o
                0x0000000008000f58                vcom_Trace_DMA
 .text.vcom_ReceiveInit
                0x0000000008000f6c       0x54 ./Application/User/Core/usart_if.o
                0x0000000008000f6c                vcom_ReceiveInit
 .text.vcom_Init
                0x0000000008000fc0       0x28 ./Application/User/Core/usart_if.o
                0x0000000008000fc0                vcom_Init
 .text.vcom_DeInit
                0x0000000008000fe8       0x2c ./Application/User/Core/usart_if.o
                0x0000000008000fe8                vcom_DeInit
 .text.vcom_Resume
                0x0000000008001014       0x28 ./Application/User/Core/usart_if.o
                0x0000000008001014                vcom_Resume
 .text.HAL_UART_TxCpltCallback
                0x000000000800103c       0x1c ./Application/User/Core/usart_if.o
                0x000000000800103c                HAL_UART_TxCpltCallback
 .text.HAL_UART_RxCpltCallback
                0x0000000008001058       0x3c ./Application/User/Core/usart_if.o
                0x0000000008001058                HAL_UART_RxCpltCallback
 .text.Reset_Handler
                0x0000000008001094       0x50 ./Application/User/Startup/startup_stm32wl55jcix.o
                0x0000000008001094                Reset_Handler
 .text.Default_Handler
                0x00000000080010e4        0x2 ./Application/User/Startup/startup_stm32wl55jcix.o
                0x00000000080010e4                EXTI2_IRQHandler
                0x00000000080010e4                TIM1_CC_IRQHandler
                0x00000000080010e4                EXTI3_IRQHandler
                0x00000000080010e4                LPTIM2_IRQHandler
                0x00000000080010e4                I2C3_ER_IRQHandler
                0x00000000080010e4                LPTIM3_IRQHandler
                0x00000000080010e4                I2C2_EV_IRQHandler
                0x00000000080010e4                SPI1_IRQHandler
                0x00000000080010e4                DMA2_Channel2_IRQHandler
                0x00000000080010e4                DMA1_Channel4_IRQHandler
                0x00000000080010e4                PKA_IRQHandler
                0x00000000080010e4                TIM17_IRQHandler
                0x00000000080010e4                DMA1_Channel7_IRQHandler
                0x00000000080010e4                SUBGHZSPI_IRQHandler
                0x00000000080010e4                IPCC_C1_TX_IRQHandler
                0x00000000080010e4                DMA2_Channel1_IRQHandler
                0x00000000080010e4                I2C1_EV_IRQHandler
                0x00000000080010e4                DMAMUX1_OVR_IRQHandler
                0x00000000080010e4                DMA1_Channel6_IRQHandler
                0x00000000080010e4                TIM16_IRQHandler
                0x00000000080010e4                DMA2_Channel4_IRQHandler
                0x00000000080010e4                RCC_IRQHandler
                0x00000000080010e4                TIM1_TRG_COM_IRQHandler
                0x00000000080010e4                DMA1_Channel1_IRQHandler
                0x00000000080010e4                Default_Handler
                0x00000000080010e4                DMA2_Channel7_IRQHandler
                0x00000000080010e4                EXTI15_10_IRQHandler
                0x00000000080010e4                IPCC_C1_RX_IRQHandler
                0x00000000080010e4                ADC_IRQHandler
                0x00000000080010e4                C2SEV_PWR_C2H_IRQHandler
                0x00000000080010e4                I2C3_EV_IRQHandler
                0x00000000080010e4                RTC_WKUP_IRQHandler
                0x00000000080010e4                PVD_PVM_IRQHandler
                0x00000000080010e4                SPI2_IRQHandler
                0x00000000080010e4                DMA2_Channel5_IRQHandler
                0x00000000080010e4                EXTI4_IRQHandler
                0x00000000080010e4                RNG_IRQHandler
                0x00000000080010e4                DMA1_Channel3_IRQHandler
                0x00000000080010e4                COMP_IRQHandler
                0x00000000080010e4                HSEM_IRQHandler
                0x00000000080010e4                TIM1_UP_IRQHandler
                0x00000000080010e4                WWDG_IRQHandler
                0x00000000080010e4                LPUART1_IRQHandler
                0x00000000080010e4                DMA2_Channel6_IRQHandler
                0x00000000080010e4                TIM2_IRQHandler
                0x00000000080010e4                TIM1_BRK_IRQHandler
                0x00000000080010e4                DAC_IRQHandler
                0x00000000080010e4                AES_IRQHandler
                0x00000000080010e4                I2C2_ER_IRQHandler
                0x00000000080010e4                DMA1_Channel2_IRQHandler
                0x00000000080010e4                FLASH_IRQHandler
                0x00000000080010e4                USART1_IRQHandler
                0x00000000080010e4                I2C1_ER_IRQHandler
                0x00000000080010e4                LPTIM1_IRQHandler
                0x00000000080010e4                DMA2_Channel3_IRQHandler
 .text.MX_SubGHz_Phy_Init
                0x00000000080010e6        0xe ./Application/User/SubGHz_Phy/App/app_subghz_phy.o
                0x00000000080010e6                MX_SubGHz_Phy_Init
 .text.MX_SubGHz_Phy_Process
                0x00000000080010f4       0x16 ./Application/User/SubGHz_Phy/App/app_subghz_phy.o
                0x00000000080010f4                MX_SubGHz_Phy_Process
 *fill*         0x000000000800110a        0x2 
 .text.Per_Process
                0x000000000800110c      0x170 ./Application/User/SubGHz_Phy/App/subghz_phy_app.o
 .text.OnRxError
                0x000000000800127c       0x10 ./Application/User/SubGHz_Phy/App/subghz_phy_app.o
 .text.OnRxTimeout
                0x000000000800128c       0x10 ./Application/User/SubGHz_Phy/App/subghz_phy_app.o
 .text.OnTxTimeout
                0x000000000800129c       0x10 ./Application/User/SubGHz_Phy/App/subghz_phy_app.o
 .text.OnTxDone
                0x00000000080012ac       0x10 ./Application/User/SubGHz_Phy/App/subghz_phy_app.o
 .text.OnRxDone
                0x00000000080012bc       0x40 ./Application/User/SubGHz_Phy/App/subghz_phy_app.o
 .text.SubghzApp_Init
                0x00000000080012fc      0x154 ./Application/User/SubGHz_Phy/App/subghz_phy_app.o
                0x00000000080012fc                SubghzApp_Init
 .text.RBI_Init
                0x0000000008001450        0x4 ./Application/User/SubGHz_Phy/Target/radio_board_if.o
                0x0000000008001450                RBI_Init
 .text.RBI_ConfigRFSwitch
                0x0000000008001454        0x4 ./Application/User/SubGHz_Phy/Target/radio_board_if.o
                0x0000000008001454                RBI_ConfigRFSwitch
 .text.RBI_GetTxConfig
                0x0000000008001458        0x4 ./Application/User/SubGHz_Phy/Target/radio_board_if.o
                0x0000000008001458                RBI_GetTxConfig
 .text.RBI_IsTCXO
                0x000000000800145c        0x4 ./Application/User/SubGHz_Phy/Target/radio_board_if.o
                0x000000000800145c                RBI_IsTCXO
 .text.RBI_IsDCDC
                0x0000000008001460        0x4 ./Application/User/SubGHz_Phy/Target/radio_board_if.o
                0x0000000008001460                RBI_IsDCDC
 .text.RBI_GetRFOMaxPowerConfig
                0x0000000008001464        0x4 ./Application/User/SubGHz_Phy/Target/radio_board_if.o
                0x0000000008001464                RBI_GetRFOMaxPowerConfig
 .text.BSP_RADIO_Init
                0x0000000008001468       0x80 ./Drivers/BSP/STM32WLxx_Nucleo/stm32wlxx_nucleo_radio.o
                0x0000000008001468                BSP_RADIO_Init
 .text.BSP_RADIO_ConfigRFSwitch
                0x00000000080014e8       0x68 ./Drivers/BSP/STM32WLxx_Nucleo/stm32wlxx_nucleo_radio.o
                0x00000000080014e8                BSP_RADIO_ConfigRFSwitch
 .text.BSP_RADIO_GetTxConfig
                0x0000000008001550        0x4 ./Drivers/BSP/STM32WLxx_Nucleo/stm32wlxx_nucleo_radio.o
                0x0000000008001550                BSP_RADIO_GetTxConfig
 .text.BSP_RADIO_IsTCXO
                0x0000000008001554        0x4 ./Drivers/BSP/STM32WLxx_Nucleo/stm32wlxx_nucleo_radio.o
                0x0000000008001554                BSP_RADIO_IsTCXO
 .text.BSP_RADIO_IsDCDC
                0x0000000008001558        0x4 ./Drivers/BSP/STM32WLxx_Nucleo/stm32wlxx_nucleo_radio.o
                0x0000000008001558                BSP_RADIO_IsDCDC
 .text.BSP_RADIO_GetRFOMaxPowerConfig
                0x000000000800155c        0xa ./Drivers/BSP/STM32WLxx_Nucleo/stm32wlxx_nucleo_radio.o
                0x000000000800155c                BSP_RADIO_GetRFOMaxPowerConfig
 .text.SystemInit
                0x0000000008001566        0x2 ./Drivers/CMSIS/system_stm32wlxx.o
                0x0000000008001566                SystemInit
 .text.HAL_Init
                0x0000000008001568       0x2c ./Drivers/STM32WLxx_HAL_Driver/stm32wlxx_hal.o
                0x0000000008001568                HAL_Init
 .text.HAL_IncTick
                0x0000000008001594       0x18 ./Drivers/STM32WLxx_HAL_Driver/stm32wlxx_hal.o
                0x0000000008001594                HAL_IncTick
 .text.HAL_SuspendTick
                0x00000000080015ac       0x10 ./Drivers/STM32WLxx_HAL_Driver/stm32wlxx_hal.o
                0x00000000080015ac                HAL_SuspendTick
 .text.HAL_ResumeTick
                0x00000000080015bc       0x10 ./Drivers/STM32WLxx_HAL_Driver/stm32wlxx_hal.o
                0x00000000080015bc                HAL_ResumeTick
 .text.HAL_DBGMCU_EnableDBGSleepMode
                0x00000000080015cc       0x10 ./Drivers/STM32WLxx_HAL_Driver/stm32wlxx_hal.o
                0x00000000080015cc                HAL_DBGMCU_EnableDBGSleepMode
 .text.HAL_DBGMCU_EnableDBGStopMode
                0x00000000080015dc       0x10 ./Drivers/STM32WLxx_HAL_Driver/stm32wlxx_hal.o
                0x00000000080015dc                HAL_DBGMCU_EnableDBGStopMode
 .text.HAL_DBGMCU_EnableDBGStandbyMode
                0x00000000080015ec       0x10 ./Drivers/STM32WLxx_HAL_Driver/stm32wlxx_hal.o
                0x00000000080015ec                HAL_DBGMCU_EnableDBGStandbyMode
 .text.HAL_NVIC_SetPriorityGrouping
                0x00000000080015fc       0x24 ./Drivers/STM32WLxx_HAL_Driver/stm32wlxx_hal_cortex.o
                0x00000000080015fc                HAL_NVIC_SetPriorityGrouping
 .text.HAL_NVIC_SetPriority
                0x0000000008001620       0x64 ./Drivers/STM32WLxx_HAL_Driver/stm32wlxx_hal_cortex.o
                0x0000000008001620                HAL_NVIC_SetPriority
 .text.HAL_NVIC_EnableIRQ
                0x0000000008001684       0x1c ./Drivers/STM32WLxx_HAL_Driver/stm32wlxx_hal_cortex.o
                0x0000000008001684                HAL_NVIC_EnableIRQ
 .text.HAL_NVIC_DisableIRQ
                0x00000000080016a0       0x28 ./Drivers/STM32WLxx_HAL_Driver/stm32wlxx_hal_cortex.o
                0x00000000080016a0                HAL_NVIC_DisableIRQ
 .text.DMA_SetConfig
                0x00000000080016c8       0x34 ./Drivers/STM32WLxx_HAL_Driver/stm32wlxx_hal_dma.o
 .text.DMA_CalcDMAMUXChannelBaseAndMask
                0x00000000080016fc       0x4c ./Drivers/STM32WLxx_HAL_Driver/stm32wlxx_hal_dma.o
 .text.HAL_DMA_Init
                0x0000000008001748       0xe4 ./Drivers/STM32WLxx_HAL_Driver/stm32wlxx_hal_dma.o
                0x0000000008001748                HAL_DMA_Init
 .text.HAL_DMA_DeInit
                0x000000000800182c       0xb0 ./Drivers/STM32WLxx_HAL_Driver/stm32wlxx_hal_dma.o
                0x000000000800182c                HAL_DMA_DeInit
 .text.HAL_DMA_Start_IT
                0x00000000080018dc       0x8a ./Drivers/STM32WLxx_HAL_Driver/stm32wlxx_hal_dma.o
                0x00000000080018dc                HAL_DMA_Start_IT
 .text.HAL_DMA_Abort
                0x0000000008001966       0x6a ./Drivers/STM32WLxx_HAL_Driver/stm32wlxx_hal_dma.o
                0x0000000008001966                HAL_DMA_Abort
 .text.HAL_DMA_Abort_IT
                0x00000000080019d0       0x6e ./Drivers/STM32WLxx_HAL_Driver/stm32wlxx_hal_dma.o
                0x00000000080019d0                HAL_DMA_Abort_IT
 *fill*         0x0000000008001a3e        0x2 
 .text.HAL_DMA_IRQHandler
                0x0000000008001a40       0xac ./Drivers/STM32WLxx_HAL_Driver/stm32wlxx_hal_dma.o
                0x0000000008001a40                HAL_DMA_IRQHandler
 .text.HAL_DMA_ConfigChannelAttributes
                0x0000000008001aec       0x20 ./Drivers/STM32WLxx_HAL_Driver/stm32wlxx_hal_dma.o
                0x0000000008001aec                HAL_DMA_ConfigChannelAttributes
 .text.HAL_GPIO_Init
                0x0000000008001b0c      0x158 ./Drivers/STM32WLxx_HAL_Driver/stm32wlxx_hal_gpio.o
                0x0000000008001b0c                HAL_GPIO_Init
 .text.HAL_GPIO_DeInit
                0x0000000008001c64       0xe8 ./Drivers/STM32WLxx_HAL_Driver/stm32wlxx_hal_gpio.o
                0x0000000008001c64                HAL_GPIO_DeInit
 .text.HAL_GPIO_WritePin
                0x0000000008001d4c        0xa ./Drivers/STM32WLxx_HAL_Driver/stm32wlxx_hal_gpio.o
                0x0000000008001d4c                HAL_GPIO_WritePin
 .text.HAL_GPIO_TogglePin
                0x0000000008001d56       0x12 ./Drivers/STM32WLxx_HAL_Driver/stm32wlxx_hal_gpio.o
                0x0000000008001d56                HAL_GPIO_TogglePin
 .text.HAL_GPIO_EXTI_Callback
                0x0000000008001d68        0x2 ./Drivers/STM32WLxx_HAL_Driver/stm32wlxx_hal_gpio.o
                0x0000000008001d68                HAL_GPIO_EXTI_Callback
 *fill*         0x0000000008001d6a        0x2 
 .text.HAL_GPIO_EXTI_IRQHandler
                0x0000000008001d6c       0x18 ./Drivers/STM32WLxx_HAL_Driver/stm32wlxx_hal_gpio.o
                0x0000000008001d6c                HAL_GPIO_EXTI_IRQHandler
 .text.I2C_Flush_TXDR
                0x0000000008001d84       0x1c ./Drivers/STM32WLxx_HAL_Driver/stm32wlxx_hal_i2c.o
 .text.I2C_TransferConfig
                0x0000000008001da0       0x2c ./Drivers/STM32WLxx_HAL_Driver/stm32wlxx_hal_i2c.o
 .text.I2C_IsErrorOccurred
                0x0000000008001dcc      0x116 ./Drivers/STM32WLxx_HAL_Driver/stm32wlxx_hal_i2c.o
 .text.I2C_WaitOnTXISFlagUntilTimeout
                0x0000000008001ee2       0x4e ./Drivers/STM32WLxx_HAL_Driver/stm32wlxx_hal_i2c.o
 .text.I2C_WaitOnSTOPFlagUntilTimeout
                0x0000000008001f30       0x4a ./Drivers/STM32WLxx_HAL_Driver/stm32wlxx_hal_i2c.o
 .text.I2C_WaitOnFlagUntilTimeout
                0x0000000008001f7a       0x54 ./Drivers/STM32WLxx_HAL_Driver/stm32wlxx_hal_i2c.o
 .text.HAL_I2C_Init
                0x0000000008001fce       0xa2 ./Drivers/STM32WLxx_HAL_Driver/stm32wlxx_hal_i2c.o
                0x0000000008001fce                HAL_I2C_Init
 .text.HAL_I2C_Master_Transmit
                0x0000000008002070      0x12c ./Drivers/STM32WLxx_HAL_Driver/stm32wlxx_hal_i2c.o
                0x0000000008002070                HAL_I2C_Master_Transmit
 .text.HAL_I2CEx_ConfigAnalogFilter
                0x000000000800219c       0x4c ./Drivers/STM32WLxx_HAL_Driver/stm32wlxx_hal_i2c_ex.o
                0x000000000800219c                HAL_I2CEx_ConfigAnalogFilter
 .text.HAL_I2CEx_ConfigDigitalFilter
                0x00000000080021e8       0x4a ./Drivers/STM32WLxx_HAL_Driver/stm32wlxx_hal_i2c_ex.o
                0x00000000080021e8                HAL_I2CEx_ConfigDigitalFilter
 *fill*         0x0000000008002232        0x2 
 .text.HAL_PWR_EnableBkUpAccess
                0x0000000008002234       0x10 ./Drivers/STM32WLxx_HAL_Driver/stm32wlxx_hal_pwr.o
                0x0000000008002234                HAL_PWR_EnableBkUpAccess
 .text.HAL_PWR_EnterSLEEPMode
                0x0000000008002244       0x40 ./Drivers/STM32WLxx_HAL_Driver/stm32wlxx_hal_pwr.o
                0x0000000008002244                HAL_PWR_EnterSLEEPMode
 .text.HAL_PWREx_GetVoltageRange
                0x0000000008002284       0x10 ./Drivers/STM32WLxx_HAL_Driver/stm32wlxx_hal_pwr_ex.o
                0x0000000008002284                HAL_PWREx_GetVoltageRange
 .text.HAL_PWREx_EnableLowPowerRunMode
                0x0000000008002294       0x10 ./Drivers/STM32WLxx_HAL_Driver/stm32wlxx_hal_pwr_ex.o
                0x0000000008002294                HAL_PWREx_EnableLowPowerRunMode
 .text.HAL_PWREx_DisableLowPowerRunMode
                0x00000000080022a4       0x44 ./Drivers/STM32WLxx_HAL_Driver/stm32wlxx_hal_pwr_ex.o
                0x00000000080022a4                HAL_PWREx_DisableLowPowerRunMode
 .text.HAL_PWREx_EnterSTOP2Mode
                0x00000000080022e8       0x38 ./Drivers/STM32WLxx_HAL_Driver/stm32wlxx_hal_pwr_ex.o
                0x00000000080022e8                HAL_PWREx_EnterSTOP2Mode
 .text.LL_RCC_HSE_IsReady
                0x0000000008002320        0xc ./Drivers/STM32WLxx_HAL_Driver/stm32wlxx_hal_rcc.o
 .text.LL_RCC_HSI_IsReady
                0x000000000800232c        0xc ./Drivers/STM32WLxx_HAL_Driver/stm32wlxx_hal_rcc.o
 .text.LL_RCC_MSI_IsReady
                0x0000000008002338        0xc ./Drivers/STM32WLxx_HAL_Driver/stm32wlxx_hal_rcc.o
 .text.LL_RCC_MSI_SetCalibTrimming
                0x0000000008002344       0x12 ./Drivers/STM32WLxx_HAL_Driver/stm32wlxx_hal_rcc.o
 .text.LL_RCC_PLL_IsReady
                0x0000000008002356        0xc ./Drivers/STM32WLxx_HAL_Driver/stm32wlxx_hal_rcc.o
 *fill*         0x0000000008002362        0x2 
 .text.RCC_SetFlashLatencyFromMSIRange
                0x0000000008002364       0xd4 ./Drivers/STM32WLxx_HAL_Driver/stm32wlxx_hal_rcc.o
 .text.HAL_RCC_GetSysClockFreq
                0x0000000008002438       0xdc ./Drivers/STM32WLxx_HAL_Driver/stm32wlxx_hal_rcc.o
                0x0000000008002438                HAL_RCC_GetSysClockFreq
 .text.HAL_RCC_GetHCLKFreq
                0x0000000008002514       0x20 ./Drivers/STM32WLxx_HAL_Driver/stm32wlxx_hal_rcc.o
                0x0000000008002514                HAL_RCC_GetHCLKFreq
 .text.HAL_RCC_OscConfig
                0x0000000008002534      0x540 ./Drivers/STM32WLxx_HAL_Driver/stm32wlxx_hal_rcc.o
                0x0000000008002534                HAL_RCC_OscConfig
 .text.HAL_RCC_ClockConfig
                0x0000000008002a74      0x1f0 ./Drivers/STM32WLxx_HAL_Driver/stm32wlxx_hal_rcc.o
                0x0000000008002a74                HAL_RCC_ClockConfig
 .text.HAL_RCC_GetPCLK1Freq
                0x0000000008002c64       0x20 ./Drivers/STM32WLxx_HAL_Driver/stm32wlxx_hal_rcc.o
                0x0000000008002c64                HAL_RCC_GetPCLK1Freq
 .text.HAL_RCC_GetPCLK2Freq
                0x0000000008002c84       0x20 ./Drivers/STM32WLxx_HAL_Driver/stm32wlxx_hal_rcc.o
                0x0000000008002c84                HAL_RCC_GetPCLK2Freq
 .text.LL_RCC_LSE_IsReady
                0x0000000008002ca4        0xe ./Drivers/STM32WLxx_HAL_Driver/stm32wlxx_hal_rcc_ex.o
 .text.LL_RCC_SetI2CClockSource
                0x0000000008002cb2       0x20 ./Drivers/STM32WLxx_HAL_Driver/stm32wlxx_hal_rcc_ex.o
 .text.LL_RCC_SetLPTIMClockSource
                0x0000000008002cd2       0x1a ./Drivers/STM32WLxx_HAL_Driver/stm32wlxx_hal_rcc_ex.o
 .text.HAL_RCCEx_PeriphCLKConfig
                0x0000000008002cec      0x1ac ./Drivers/STM32WLxx_HAL_Driver/stm32wlxx_hal_rcc_ex.o
                0x0000000008002cec                HAL_RCCEx_PeriphCLKConfig
 .text.HAL_RTC_DeactivateAlarm
                0x0000000008002e98       0x78 ./Drivers/STM32WLxx_HAL_Driver/stm32wlxx_hal_rtc.o
                0x0000000008002e98                HAL_RTC_DeactivateAlarm
 .text.HAL_RTC_AlarmIRQHandler
                0x0000000008002f10       0x34 ./Drivers/STM32WLxx_HAL_Driver/stm32wlxx_hal_rtc.o
                0x0000000008002f10                HAL_RTC_AlarmIRQHandler
 .text.HAL_RTC_WaitForSynchro
                0x0000000008002f44       0x30 ./Drivers/STM32WLxx_HAL_Driver/stm32wlxx_hal_rtc.o
                0x0000000008002f44                HAL_RTC_WaitForSynchro
 .text.RTC_EnterInitMode
                0x0000000008002f74       0x50 ./Drivers/STM32WLxx_HAL_Driver/stm32wlxx_hal_rtc.o
                0x0000000008002f74                RTC_EnterInitMode
 .text.RTC_ExitInitMode
                0x0000000008002fc4       0x48 ./Drivers/STM32WLxx_HAL_Driver/stm32wlxx_hal_rtc.o
                0x0000000008002fc4                RTC_ExitInitMode
 .text.HAL_RTC_Init
                0x000000000800300c       0xa0 ./Drivers/STM32WLxx_HAL_Driver/stm32wlxx_hal_rtc.o
                0x000000000800300c                HAL_RTC_Init
 .text.RTC_ByteToBcd2
                0x00000000080030ac       0x16 ./Drivers/STM32WLxx_HAL_Driver/stm32wlxx_hal_rtc.o
                0x00000000080030ac                RTC_ByteToBcd2
 *fill*         0x00000000080030c2        0x2 
 .text.HAL_RTC_SetAlarm_IT
                0x00000000080030c4      0x154 ./Drivers/STM32WLxx_HAL_Driver/stm32wlxx_hal_rtc.o
                0x00000000080030c4                HAL_RTC_SetAlarm_IT
 .text.HAL_RTCEx_EnableBypassShadow
                0x0000000008003218       0x3c ./Drivers/STM32WLxx_HAL_Driver/stm32wlxx_hal_rtc_ex.o
                0x0000000008003218                HAL_RTCEx_EnableBypassShadow
 .text.HAL_RTCEx_SetSSRU_IT
                0x0000000008003254       0x4c ./Drivers/STM32WLxx_HAL_Driver/stm32wlxx_hal_rtc_ex.o
                0x0000000008003254                HAL_RTCEx_SetSSRU_IT
 .text.HAL_RTCEx_SSRUIRQHandler
                0x00000000080032a0       0x20 ./Drivers/STM32WLxx_HAL_Driver/stm32wlxx_hal_rtc_ex.o
                0x00000000080032a0                HAL_RTCEx_SSRUIRQHandler
 .text.HAL_RTCEx_AlarmBEventCallback
                0x00000000080032c0        0x2 ./Drivers/STM32WLxx_HAL_Driver/stm32wlxx_hal_rtc_ex.o
                0x00000000080032c0                HAL_RTCEx_AlarmBEventCallback
 .text.HAL_RTCEx_BKUPWrite
                0x00000000080032c2        0xe ./Drivers/STM32WLxx_HAL_Driver/stm32wlxx_hal_rtc_ex.o
                0x00000000080032c2                HAL_RTCEx_BKUPWrite
 .text.HAL_RTCEx_BKUPRead
                0x00000000080032d0        0xe ./Drivers/STM32WLxx_HAL_Driver/stm32wlxx_hal_rtc_ex.o
                0x00000000080032d0                HAL_RTCEx_BKUPRead
 *fill*         0x00000000080032de        0x2 
 .text.LL_PWR_UnselectSUBGHZSPI_NSS
                0x00000000080032e0       0x14 ./Drivers/STM32WLxx_HAL_Driver/stm32wlxx_hal_subghz.o
 .text.LL_PWR_SelectSUBGHZSPI_NSS
                0x00000000080032f4       0x14 ./Drivers/STM32WLxx_HAL_Driver/stm32wlxx_hal_subghz.o
 .text.SUBGHZSPI_Init
                0x0000000008003308       0x24 ./Drivers/STM32WLxx_HAL_Driver/stm32wlxx_hal_subghz.o
                0x0000000008003308                SUBGHZSPI_Init
 .text.HAL_SUBGHZ_Init
                0x000000000800332c       0xa0 ./Drivers/STM32WLxx_HAL_Driver/stm32wlxx_hal_subghz.o
                0x000000000800332c                HAL_SUBGHZ_Init
 .text.SUBGHZSPI_Transmit
                0x00000000080033cc       0x70 ./Drivers/STM32WLxx_HAL_Driver/stm32wlxx_hal_subghz.o
                0x00000000080033cc                SUBGHZSPI_Transmit
 .text.SUBGHZSPI_Receive
                0x000000000800343c       0x74 ./Drivers/STM32WLxx_HAL_Driver/stm32wlxx_hal_subghz.o
                0x000000000800343c                SUBGHZSPI_Receive
 .text.SUBGHZ_WaitOnBusy
                0x00000000080034b0       0x48 ./Drivers/STM32WLxx_HAL_Driver/stm32wlxx_hal_subghz.o
                0x00000000080034b0                SUBGHZ_WaitOnBusy
 .text.SUBGHZ_CheckDeviceReady
                0x00000000080034f8       0x38 ./Drivers/STM32WLxx_HAL_Driver/stm32wlxx_hal_subghz.o
                0x00000000080034f8                SUBGHZ_CheckDeviceReady
 .text.HAL_SUBGHZ_WriteRegisters
                0x0000000008003530       0x72 ./Drivers/STM32WLxx_HAL_Driver/stm32wlxx_hal_subghz.o
                0x0000000008003530                HAL_SUBGHZ_WriteRegisters
 .text.HAL_SUBGHZ_ReadRegisters
                0x00000000080035a2       0x76 ./Drivers/STM32WLxx_HAL_Driver/stm32wlxx_hal_subghz.o
                0x00000000080035a2                HAL_SUBGHZ_ReadRegisters
 .text.HAL_SUBGHZ_ExecSetCmd
                0x0000000008003618       0x70 ./Drivers/STM32WLxx_HAL_Driver/stm32wlxx_hal_subghz.o
                0x0000000008003618                HAL_SUBGHZ_ExecSetCmd
 .text.HAL_SUBGHZ_WriteBuffer
                0x0000000008003688       0x66 ./Drivers/STM32WLxx_HAL_Driver/stm32wlxx_hal_subghz.o
                0x0000000008003688                HAL_SUBGHZ_WriteBuffer
 .text.HAL_SUBGHZ_ReadBuffer
                0x00000000080036ee       0x6e ./Drivers/STM32WLxx_HAL_Driver/stm32wlxx_hal_subghz.o
                0x00000000080036ee                HAL_SUBGHZ_ReadBuffer
 .text.HAL_SUBGHZ_ExecGetCmd
                0x000000000800375c       0x66 ./Drivers/STM32WLxx_HAL_Driver/stm32wlxx_hal_subghz.o
                0x000000000800375c                HAL_SUBGHZ_ExecGetCmd
 .text.HAL_SUBGHZ_IRQHandler
                0x00000000080037c2       0x94 ./Drivers/STM32WLxx_HAL_Driver/stm32wlxx_hal_subghz.o
                0x00000000080037c2                HAL_SUBGHZ_IRQHandler
 .text.UART_EndTxTransfer
                0x0000000008003856       0x34 ./Drivers/STM32WLxx_HAL_Driver/stm32wlxx_hal_uart.o
 *fill*         0x000000000800388a        0x2 
 .text.UART_EndRxTransfer
                0x000000000800388c       0x58 ./Drivers/STM32WLxx_HAL_Driver/stm32wlxx_hal_uart.o
 .text.HAL_UART_Transmit_DMA
                0x00000000080038e4       0xa8 ./Drivers/STM32WLxx_HAL_Driver/stm32wlxx_hal_uart.o
                0x00000000080038e4                HAL_UART_Transmit_DMA
 .text.UART_DMATransmitCplt
                0x000000000800398c       0x46 ./Drivers/STM32WLxx_HAL_Driver/stm32wlxx_hal_uart.o
 .text.HAL_UART_TxHalfCpltCallback
                0x00000000080039d2        0x2 ./Drivers/STM32WLxx_HAL_Driver/stm32wlxx_hal_uart.o
                0x00000000080039d2                HAL_UART_TxHalfCpltCallback
 .text.UART_DMATxHalfCplt
                0x00000000080039d4        0xa ./Drivers/STM32WLxx_HAL_Driver/stm32wlxx_hal_uart.o
 .text.HAL_UART_ErrorCallback
                0x00000000080039de        0x2 ./Drivers/STM32WLxx_HAL_Driver/stm32wlxx_hal_uart.o
                0x00000000080039de                HAL_UART_ErrorCallback
 .text.UART_DMAError
                0x00000000080039e0       0x4a ./Drivers/STM32WLxx_HAL_Driver/stm32wlxx_hal_uart.o
 .text.UART_DMAAbortOnError
                0x0000000008003a2a       0x14 ./Drivers/STM32WLxx_HAL_Driver/stm32wlxx_hal_uart.o
 .text.HAL_UARTEx_RxEventCallback
                0x0000000008003a3e        0x2 ./Drivers/STM32WLxx_HAL_Driver/stm32wlxx_hal_uart.o
                0x0000000008003a3e                HAL_UARTEx_RxEventCallback
 .text.HAL_UART_IRQHandler
                0x0000000008003a40      0x2e8 ./Drivers/STM32WLxx_HAL_Driver/stm32wlxx_hal_uart.o
                0x0000000008003a40                HAL_UART_IRQHandler
 .text.UART_RxISR_8BIT.part.0
                0x0000000008003d28       0x68 ./Drivers/STM32WLxx_HAL_Driver/stm32wlxx_hal_uart.o
 .text.UART_RxISR_16BIT
                0x0000000008003d90       0x3c ./Drivers/STM32WLxx_HAL_Driver/stm32wlxx_hal_uart.o
 .text.UART_RxISR_8BIT
                0x0000000008003dcc       0x44 ./Drivers/STM32WLxx_HAL_Driver/stm32wlxx_hal_uart.o
 .text.UART_RxISR_8BIT_FIFOEN
                0x0000000008003e10      0x17c ./Drivers/STM32WLxx_HAL_Driver/stm32wlxx_hal_uart.o
 .text.UART_RxISR_16BIT_FIFOEN
                0x0000000008003f8c      0x178 ./Drivers/STM32WLxx_HAL_Driver/stm32wlxx_hal_uart.o
 .text.UART_SetConfig
                0x0000000008004104      0x234 ./Drivers/STM32WLxx_HAL_Driver/stm32wlxx_hal_uart.o
                0x0000000008004104                UART_SetConfig
 .text.UART_AdvFeatureConfig
                0x0000000008004338       0xa8 ./Drivers/STM32WLxx_HAL_Driver/stm32wlxx_hal_uart.o
                0x0000000008004338                UART_AdvFeatureConfig
 .text.UART_WaitOnFlagUntilTimeout
                0x00000000080043e0       0xc4 ./Drivers/STM32WLxx_HAL_Driver/stm32wlxx_hal_uart.o
                0x00000000080043e0                UART_WaitOnFlagUntilTimeout
 .text.UART_CheckIdleState
                0x00000000080044a4       0x68 ./Drivers/STM32WLxx_HAL_Driver/stm32wlxx_hal_uart.o
                0x00000000080044a4                UART_CheckIdleState
 .text.HAL_UART_Init
                0x000000000800450c       0x60 ./Drivers/STM32WLxx_HAL_Driver/stm32wlxx_hal_uart.o
                0x000000000800450c                HAL_UART_Init
 .text.UART_Start_Receive_IT
                0x000000000800456c      0x124 ./Drivers/STM32WLxx_HAL_Driver/stm32wlxx_hal_uart.o
                0x000000000800456c                UART_Start_Receive_IT
 .text.HAL_UART_Receive_IT
                0x0000000008004690       0x54 ./Drivers/STM32WLxx_HAL_Driver/stm32wlxx_hal_uart.o
                0x0000000008004690                HAL_UART_Receive_IT
 .text.UARTEx_SetNbDataToProcess
                0x00000000080046e4       0x44 ./Drivers/STM32WLxx_HAL_Driver/stm32wlxx_hal_uart_ex.o
 .text.HAL_UARTEx_WakeupCallback
                0x0000000008004728        0x2 ./Drivers/STM32WLxx_HAL_Driver/stm32wlxx_hal_uart_ex.o
                0x0000000008004728                HAL_UARTEx_WakeupCallback
 .text.HAL_UARTEx_RxFifoFullCallback
                0x000000000800472a        0x2 ./Drivers/STM32WLxx_HAL_Driver/stm32wlxx_hal_uart_ex.o
                0x000000000800472a                HAL_UARTEx_RxFifoFullCallback
 .text.HAL_UARTEx_TxFifoEmptyCallback
                0x000000000800472c        0x2 ./Drivers/STM32WLxx_HAL_Driver/stm32wlxx_hal_uart_ex.o
                0x000000000800472c                HAL_UARTEx_TxFifoEmptyCallback
 .text.HAL_UARTEx_StopModeWakeUpSourceConfig
                0x000000000800472e       0x8e ./Drivers/STM32WLxx_HAL_Driver/stm32wlxx_hal_uart_ex.o
                0x000000000800472e                HAL_UARTEx_StopModeWakeUpSourceConfig
 .text.HAL_UARTEx_EnableStopMode
                0x00000000080047bc       0x2c ./Drivers/STM32WLxx_HAL_Driver/stm32wlxx_hal_uart_ex.o
                0x00000000080047bc                HAL_UARTEx_EnableStopMode
 .text.HAL_UARTEx_EnableFifoMode
                0x00000000080047e8       0x46 ./Drivers/STM32WLxx_HAL_Driver/stm32wlxx_hal_uart_ex.o
                0x00000000080047e8                HAL_UARTEx_EnableFifoMode
 .text.HAL_UARTEx_SetTxFifoThreshold
                0x000000000800482e       0x48 ./Drivers/STM32WLxx_HAL_Driver/stm32wlxx_hal_uart_ex.o
                0x000000000800482e                HAL_UARTEx_SetTxFifoThreshold
 .text.HAL_UARTEx_SetRxFifoThreshold
                0x0000000008004876       0x48 ./Drivers/STM32WLxx_HAL_Driver/stm32wlxx_hal_uart_ex.o
                0x0000000008004876                HAL_UARTEx_SetRxFifoThreshold
 .text.RadioCheckRfFrequency
                0x00000000080048be        0x4 ./Middlewares/SubGHz_Phy/radio.o
 *fill*         0x00000000080048c2        0x2 
 .text.RadioOnTxTimeoutIrq
                0x00000000080048c4       0x20 ./Middlewares/SubGHz_Phy/radio.o
 .text.RadioOnRxTimeoutIrq
                0x00000000080048e4       0x20 ./Middlewares/SubGHz_Phy/radio.o
 .text.RadioRead
                0x0000000008004904        0x4 ./Middlewares/SubGHz_Phy/radio.o
 .text.RadioWrite
                0x0000000008004908        0x4 ./Middlewares/SubGHz_Phy/radio.o
 .text.RadioTxCw
                0x000000000800490c       0x14 ./Middlewares/SubGHz_Phy/radio.o
 .text.RadioSetRxDutyCycle
                0x0000000008004920       0x38 ./Middlewares/SubGHz_Phy/radio.o
 .text.RadioStandby
                0x0000000008004958        0x6 ./Middlewares/SubGHz_Phy/radio.o
 *fill*         0x000000000800495e        0x2 
 .text.RadioGetStatus
                0x0000000008004960       0x1c ./Middlewares/SubGHz_Phy/radio.o
 .text.RadioGetWakeupTime
                0x000000000800497c        0xa ./Middlewares/SubGHz_Phy/radio.o
 .text.RadioReadRegisters
                0x0000000008004986        0x4 ./Middlewares/SubGHz_Phy/radio.o
 .text.RadioWriteRegisters
                0x000000000800498a        0x4 ./Middlewares/SubGHz_Phy/radio.o
 .text.RadioRssi
                0x000000000800498e        0xa ./Middlewares/SubGHz_Phy/radio.o
 .text.RadioSetTxContinuousWave
                0x0000000008004998       0x38 ./Middlewares/SubGHz_Phy/radio.o
 .text.RadioSetChannel
                0x00000000080049d0        0x4 ./Middlewares/SubGHz_Phy/radio.o
 .text.RadioStartCad
                0x00000000080049d4       0x28 ./Middlewares/SubGHz_Phy/radio.o
 .text.RadioSleep
                0x00000000080049fc       0x14 ./Middlewares/SubGHz_Phy/radio.o
 .text.RadioRandom
                0x0000000008004a10       0x16 ./Middlewares/SubGHz_Phy/radio.o
 *fill*         0x0000000008004a26        0x2 
 .text.RadioInit
                0x0000000008004a28       0x94 ./Middlewares/SubGHz_Phy/radio.o
 .text.RadioTimeOnAir
                0x0000000008004abc       0xec ./Middlewares/SubGHz_Phy/radio.o
 .text.RadioSetMaxPayloadLength
                0x0000000008004ba8       0x2c ./Middlewares/SubGHz_Phy/radio.o
 .text.RadioRxBoosted
                0x0000000008004bd4       0x68 ./Middlewares/SubGHz_Phy/radio.o
 .text.RadioRx  0x0000000008004c3c       0x68 ./Middlewares/SubGHz_Phy/radio.o
 .text.RadioSetPublicNetwork
                0x0000000008004ca4       0x3c ./Middlewares/SubGHz_Phy/radio.o
 .text.RadioSetModem
                0x0000000008004ce0       0x4c ./Middlewares/SubGHz_Phy/radio.o
 .text.RadioSetTxGenericConfig
                0x0000000008004d2c      0x280 ./Middlewares/SubGHz_Phy/radio.o
 .text.RadioSetRxGenericConfig
                0x0000000008004fac      0x20c ./Middlewares/SubGHz_Phy/radio.o
 .text.RadioSetTxConfig
                0x00000000080051b8      0x17c ./Middlewares/SubGHz_Phy/radio.o
 .text.RadioSetRxConfig
                0x0000000008005334      0x2cc ./Middlewares/SubGHz_Phy/radio.o
 .text.RadioIsChannelFree
                0x0000000008005600       0x7c ./Middlewares/SubGHz_Phy/radio.o
 .text.RadioSend
                0x000000000800567c      0x1c0 ./Middlewares/SubGHz_Phy/radio.o
 .text.RadioTxPrbs
                0x000000000800583c       0x30 ./Middlewares/SubGHz_Phy/radio.o
 .text.RadioIrqProcess
                0x000000000800586c      0x2cc ./Middlewares/SubGHz_Phy/radio.o
 .text.RadioOnDioIrq
                0x0000000008005b38       0x10 ./Middlewares/SubGHz_Phy/radio.o
 .text.SUBGRF_WriteCommand
                0x0000000008005b48       0x20 ./Middlewares/SubGHz_Phy/radio_driver.o
 .text.SUBGRF_ReadCommand
                0x0000000008005b68       0x20 ./Middlewares/SubGHz_Phy/radio_driver.o
 .text.SUBGRF_GetOperatingMode
                0x0000000008005b88        0xc ./Middlewares/SubGHz_Phy/radio_driver.o
                0x0000000008005b88                SUBGRF_GetOperatingMode
 .text.SUBGRF_SetStandby
                0x0000000008005b94       0x2c ./Middlewares/SubGHz_Phy/radio_driver.o
                0x0000000008005b94                SUBGRF_SetStandby
 .text.SUBGRF_SetTx
                0x0000000008005bc0       0x2c ./Middlewares/SubGHz_Phy/radio_driver.o
                0x0000000008005bc0                SUBGRF_SetTx
 .text.SUBGRF_SetRx
                0x0000000008005bec       0x2c ./Middlewares/SubGHz_Phy/radio_driver.o
                0x0000000008005bec                SUBGRF_SetRx
 .text.SUBGRF_SetRxDutyCycle
                0x0000000008005c18       0x38 ./Middlewares/SubGHz_Phy/radio_driver.o
                0x0000000008005c18                SUBGRF_SetRxDutyCycle
 .text.SUBGRF_SetCad
                0x0000000008005c50       0x18 ./Middlewares/SubGHz_Phy/radio_driver.o
                0x0000000008005c50                SUBGRF_SetCad
 .text.SUBGRF_SetTxContinuousWave
                0x0000000008005c68        0xa ./Middlewares/SubGHz_Phy/radio_driver.o
                0x0000000008005c68                SUBGRF_SetTxContinuousWave
 .text.SUBGRF_SetTxInfinitePreamble
                0x0000000008005c72        0xa ./Middlewares/SubGHz_Phy/radio_driver.o
                0x0000000008005c72                SUBGRF_SetTxInfinitePreamble
 .text.SUBGRF_SetStopRxTimerOnPreambleDetect
                0x0000000008005c7c       0x18 ./Middlewares/SubGHz_Phy/radio_driver.o
                0x0000000008005c7c                SUBGRF_SetStopRxTimerOnPreambleDetect
 .text.SUBGRF_SetRegulatorMode
                0x0000000008005c94       0x22 ./Middlewares/SubGHz_Phy/radio_driver.o
                0x0000000008005c94                SUBGRF_SetRegulatorMode
 .text.SUBGRF_Calibrate
                0x0000000008005cb6       0x1c ./Middlewares/SubGHz_Phy/radio_driver.o
                0x0000000008005cb6                SUBGRF_Calibrate
 *fill*         0x0000000008005cd2        0x2 
 .text.SUBGRF_CalibrateImage
                0x0000000008005cd4       0x64 ./Middlewares/SubGHz_Phy/radio_driver.o
                0x0000000008005cd4                SUBGRF_CalibrateImage
 .text.SUBGRF_SetPaConfig
                0x0000000008005d38       0x24 ./Middlewares/SubGHz_Phy/radio_driver.o
                0x0000000008005d38                SUBGRF_SetPaConfig
 .text.SUBGRF_SetDioIrqParams
                0x0000000008005d5c       0x2a ./Middlewares/SubGHz_Phy/radio_driver.o
                0x0000000008005d5c                SUBGRF_SetDioIrqParams
 .text.SUBGRF_SetTcxoMode
                0x0000000008005d86       0x28 ./Middlewares/SubGHz_Phy/radio_driver.o
                0x0000000008005d86                SUBGRF_SetTcxoMode
 *fill*         0x0000000008005dae        0x2 
 .text.SUBGRF_SetRfFrequency
                0x0000000008005db0       0x3c ./Middlewares/SubGHz_Phy/radio_driver.o
                0x0000000008005db0                SUBGRF_SetRfFrequency
 .text.SUBGRF_SetBufferBaseAddress
                0x0000000008005dec       0x1a ./Middlewares/SubGHz_Phy/radio_driver.o
                0x0000000008005dec                SUBGRF_SetBufferBaseAddress
 .text.SUBGRF_GetRssiInst
                0x0000000008005e06       0x1a ./Middlewares/SubGHz_Phy/radio_driver.o
                0x0000000008005e06                SUBGRF_GetRssiInst
 .text.SUBGRF_GetPacketStatus
                0x0000000008005e20       0x78 ./Middlewares/SubGHz_Phy/radio_driver.o
                0x0000000008005e20                SUBGRF_GetPacketStatus
 .text.SUBGRF_WriteRegister
                0x0000000008005e98       0x20 ./Middlewares/SubGHz_Phy/radio_driver.o
                0x0000000008005e98                SUBGRF_WriteRegister
 .text.SUBGRF_SetRxBoosted
                0x0000000008005eb8       0x38 ./Middlewares/SubGHz_Phy/radio_driver.o
                0x0000000008005eb8                SUBGRF_SetRxBoosted
 .text.SUBGRF_SetLoRaSymbNumTimeout
                0x0000000008005ef0       0x30 ./Middlewares/SubGHz_Phy/radio_driver.o
                0x0000000008005ef0                SUBGRF_SetLoRaSymbNumTimeout
 .text.SUBGRF_SetPacketType
                0x0000000008005f20       0x2c ./Middlewares/SubGHz_Phy/radio_driver.o
                0x0000000008005f20                SUBGRF_SetPacketType
 .text.SUBGRF_SetModulationParams
                0x0000000008005f4c       0xd8 ./Middlewares/SubGHz_Phy/radio_driver.o
                0x0000000008005f4c                SUBGRF_SetModulationParams
 .text.SUBGRF_ReadRegister
                0x0000000008006024       0x20 ./Middlewares/SubGHz_Phy/radio_driver.o
                0x0000000008006024                SUBGRF_ReadRegister
 .text.Radio_SMPS_Set
                0x0000000008006044       0x28 ./Middlewares/SubGHz_Phy/radio_driver.o
 .text.SUBGRF_Init
                0x000000000800606c       0x6c ./Middlewares/SubGHz_Phy/radio_driver.o
                0x000000000800606c                SUBGRF_Init
 .text.SUBGRF_SetSleep
                0x00000000080060d8       0x34 ./Middlewares/SubGHz_Phy/radio_driver.o
                0x00000000080060d8                SUBGRF_SetSleep
 .text.SUBGRF_SetWhiteningSeed
                0x000000000800610c       0x38 ./Middlewares/SubGHz_Phy/radio_driver.o
                0x000000000800610c                SUBGRF_SetWhiteningSeed
 .text.SUBGRF_SetTxParams
                0x0000000008006144       0xf2 ./Middlewares/SubGHz_Phy/radio_driver.o
                0x0000000008006144                SUBGRF_SetTxParams
 *fill*         0x0000000008006236        0x2 
 .text.SUBGRF_GetRxBufferStatus
                0x0000000008006238       0x44 ./Middlewares/SubGHz_Phy/radio_driver.o
                0x0000000008006238                SUBGRF_GetRxBufferStatus
 .text.SUBGRF_WriteRegisters
                0x000000000800627c       0x20 ./Middlewares/SubGHz_Phy/radio_driver.o
                0x000000000800627c                SUBGRF_WriteRegisters
 .text.SUBGRF_SetSyncWord
                0x000000000800629c       0x12 ./Middlewares/SubGHz_Phy/radio_driver.o
                0x000000000800629c                SUBGRF_SetSyncWord
 *fill*         0x00000000080062ae        0x2 
 .text.SUBGRF_SetCrcSeed
                0x00000000080062b0       0x24 ./Middlewares/SubGHz_Phy/radio_driver.o
                0x00000000080062b0                SUBGRF_SetCrcSeed
 .text.SUBGRF_SetCrcPolynomial
                0x00000000080062d4       0x24 ./Middlewares/SubGHz_Phy/radio_driver.o
                0x00000000080062d4                SUBGRF_SetCrcPolynomial
 .text.SUBGRF_SetPacketParams
                0x00000000080062f8       0xc8 ./Middlewares/SubGHz_Phy/radio_driver.o
                0x00000000080062f8                SUBGRF_SetPacketParams
 .text.SUBGRF_ReadRegisters
                0x00000000080063c0       0x20 ./Middlewares/SubGHz_Phy/radio_driver.o
                0x00000000080063c0                SUBGRF_ReadRegisters
 .text.SUBGRF_GetRandom
                0x00000000080063e0       0x68 ./Middlewares/SubGHz_Phy/radio_driver.o
                0x00000000080063e0                SUBGRF_GetRandom
 .text.SUBGRF_WriteBuffer
                0x0000000008006448       0x20 ./Middlewares/SubGHz_Phy/radio_driver.o
                0x0000000008006448                SUBGRF_WriteBuffer
 .text.SUBGRF_SetPayload
                0x0000000008006468        0xa ./Middlewares/SubGHz_Phy/radio_driver.o
                0x0000000008006468                SUBGRF_SetPayload
 .text.SUBGRF_SendPayload
                0x0000000008006472       0x12 ./Middlewares/SubGHz_Phy/radio_driver.o
                0x0000000008006472                SUBGRF_SendPayload
 .text.SUBGRF_ReadBuffer
                0x0000000008006484       0x20 ./Middlewares/SubGHz_Phy/radio_driver.o
                0x0000000008006484                SUBGRF_ReadBuffer
 .text.SUBGRF_GetPayload
                0x00000000080064a4       0x32 ./Middlewares/SubGHz_Phy/radio_driver.o
                0x00000000080064a4                SUBGRF_GetPayload
 .text.SUBGRF_SetSwitch
                0x00000000080064d6       0x2c ./Middlewares/SubGHz_Phy/radio_driver.o
                0x00000000080064d6                SUBGRF_SetSwitch
 .text.SUBGRF_SetRfTxPower
                0x0000000008006502       0x2a ./Middlewares/SubGHz_Phy/radio_driver.o
                0x0000000008006502                SUBGRF_SetRfTxPower
 .text.SUBGRF_GetRadioWakeUpTime
                0x000000000800652c        0x4 ./Middlewares/SubGHz_Phy/radio_driver.o
                0x000000000800652c                SUBGRF_GetRadioWakeUpTime
 .text.HAL_SUBGHZ_TxCpltCallback
                0x0000000008006530        0xc ./Middlewares/SubGHz_Phy/radio_driver.o
                0x0000000008006530                HAL_SUBGHZ_TxCpltCallback
 .text.HAL_SUBGHZ_RxCpltCallback
                0x000000000800653c        0xc ./Middlewares/SubGHz_Phy/radio_driver.o
                0x000000000800653c                HAL_SUBGHZ_RxCpltCallback
 .text.HAL_SUBGHZ_CRCErrorCallback
                0x0000000008006548        0xc ./Middlewares/SubGHz_Phy/radio_driver.o
                0x0000000008006548                HAL_SUBGHZ_CRCErrorCallback
 .text.HAL_SUBGHZ_CADStatusCallback
                0x0000000008006554       0x20 ./Middlewares/SubGHz_Phy/radio_driver.o
                0x0000000008006554                HAL_SUBGHZ_CADStatusCallback
 .text.HAL_SUBGHZ_RxTxTimeoutCallback
                0x0000000008006574       0x10 ./Middlewares/SubGHz_Phy/radio_driver.o
                0x0000000008006574                HAL_SUBGHZ_RxTxTimeoutCallback
 .text.HAL_SUBGHZ_HeaderErrorCallback
                0x0000000008006584        0xc ./Middlewares/SubGHz_Phy/radio_driver.o
                0x0000000008006584                HAL_SUBGHZ_HeaderErrorCallback
 .text.HAL_SUBGHZ_PreambleDetectedCallback
                0x0000000008006590        0xc ./Middlewares/SubGHz_Phy/radio_driver.o
                0x0000000008006590                HAL_SUBGHZ_PreambleDetectedCallback
 .text.HAL_SUBGHZ_SyncWordValidCallback
                0x000000000800659c        0xc ./Middlewares/SubGHz_Phy/radio_driver.o
                0x000000000800659c                HAL_SUBGHZ_SyncWordValidCallback
 .text.HAL_SUBGHZ_HeaderValidCallback
                0x00000000080065a8        0xc ./Middlewares/SubGHz_Phy/radio_driver.o
                0x00000000080065a8                HAL_SUBGHZ_HeaderValidCallback
 .text.SUBGRF_GetFskBandwidthRegValue
                0x00000000080065b4       0x28 ./Middlewares/SubGHz_Phy/radio_driver.o
                0x00000000080065b4                SUBGRF_GetFskBandwidthRegValue
 .text.SUBGRF_GetCFO
                0x00000000080065dc       0x80 ./Middlewares/SubGHz_Phy/radio_driver.o
                0x00000000080065dc                SUBGRF_GetCFO
 .text.RFW_WhiteRun.isra.0.constprop.0
                0x000000000800665c       0x34 ./Middlewares/SubGHz_Phy/radio_fw.o
 .text.RFW_ReceiveLongPacket
                0x0000000008006690       0x8c ./Middlewares/SubGHz_Phy/radio_fw.o
                0x0000000008006690                RFW_ReceiveLongPacket
 .text.RFW_Init
                0x000000000800671c       0x9c ./Middlewares/SubGHz_Phy/radio_fw.o
                0x000000000800671c                RFW_Init
 .text.RFW_DeInit
                0x00000000080067b8        0xc ./Middlewares/SubGHz_Phy/radio_fw.o
                0x00000000080067b8                RFW_DeInit
 .text.RFW_Is_Init
                0x00000000080067c4        0xc ./Middlewares/SubGHz_Phy/radio_fw.o
                0x00000000080067c4                RFW_Is_Init
 .text.RFW_Is_LongPacketModeEnabled
                0x00000000080067d0        0xc ./Middlewares/SubGHz_Phy/radio_fw.o
                0x00000000080067d0                RFW_Is_LongPacketModeEnabled
 .text.RFW_SetAntSwitch
                0x00000000080067dc        0xc ./Middlewares/SubGHz_Phy/radio_fw.o
                0x00000000080067dc                RFW_SetAntSwitch
 .text.RFW_ReceiveInit
                0x00000000080067e8       0x28 ./Middlewares/SubGHz_Phy/radio_fw.o
                0x00000000080067e8                RFW_ReceiveInit
 .text.RFW_DeInit_TxLongPacket
                0x0000000008006810       0x24 ./Middlewares/SubGHz_Phy/radio_fw.o
                0x0000000008006810                RFW_DeInit_TxLongPacket
 .text.RFW_SetRadioModem
                0x0000000008006834        0xc ./Middlewares/SubGHz_Phy/radio_fw.o
                0x0000000008006834                RFW_SetRadioModem
 .text.RFW_CrcRun1Byte
                0x0000000008006840       0x22 ./Middlewares/SubGHz_Phy/radio_fw.o
                0x0000000008006840                RFW_CrcRun1Byte
 *fill*         0x0000000008006862        0x2 
 .text.RFW_CrcRun.constprop.0
                0x0000000008006864       0x34 ./Middlewares/SubGHz_Phy/radio_fw.o
 .text.RFW_ReceivePayload
                0x0000000008006898      0x124 ./Middlewares/SubGHz_Phy/radio_fw.o
                0x0000000008006898                RFW_ReceivePayload
 .text.RFW_TransmitInit
                0x00000000080069bc       0xa8 ./Middlewares/SubGHz_Phy/radio_fw.o
                0x00000000080069bc                RFW_TransmitInit
 .text.RFW_GetPayloadTimerEvent
                0x0000000008006a64      0x260 ./Middlewares/SubGHz_Phy/radio_fw.o
 .text.RFW_TransmitLongPacket_NewTxChunkTimerEvent
                0x0000000008006cc4      0x138 ./Middlewares/SubGHz_Phy/radio_fw.o
 .text.RFW_TransmitLongPacket
                0x0000000008006dfc      0x1ec ./Middlewares/SubGHz_Phy/radio_fw.o
                0x0000000008006dfc                RFW_TransmitLongPacket
 .text.TRACE_AllocateBufer
                0x0000000008006fe8       0x60 ./Utilities/stm32_adv_trace.o
 .text.TRACE_Lock
                0x0000000008007048       0x18 ./Utilities/stm32_adv_trace.o
 .text.TRACE_UnLock
                0x0000000008007060       0x18 ./Utilities/stm32_adv_trace.o
 .text.UTIL_ADV_TRACE_Init
                0x0000000008007078       0x34 ./Utilities/stm32_adv_trace.o
                0x0000000008007078                UTIL_ADV_TRACE_Init
 .text.UTIL_ADV_TRACE_RegisterTimeStampFunction
                0x00000000080070ac        0xc ./Utilities/stm32_adv_trace.o
                0x00000000080070ac                UTIL_ADV_TRACE_RegisterTimeStampFunction
 .text.UTIL_ADV_TRACE_SetVerboseLevel
                0x00000000080070b8        0xc ./Utilities/stm32_adv_trace.o
                0x00000000080070b8                UTIL_ADV_TRACE_SetVerboseLevel
 .text.TRACE_Send
                0x00000000080070c4       0x84 ./Utilities/stm32_adv_trace.o
 .text.UTIL_ADV_TRACE_COND_FSend
                0x0000000008007148       0xcc ./Utilities/stm32_adv_trace.o
                0x0000000008007148                UTIL_ADV_TRACE_COND_FSend
 .text.TRACE_TxCpltCallback
                0x0000000008007214       0x9c ./Utilities/stm32_adv_trace.o
 .text.UTIL_LPM_Init
                0x00000000080072b0       0x14 ./Utilities/stm32_lpm.o
                0x00000000080072b0                UTIL_LPM_Init
 .text.UTIL_LPM_SetStopMode
                0x00000000080072c4       0x2c ./Utilities/stm32_lpm.o
                0x00000000080072c4                UTIL_LPM_SetStopMode
 .text.UTIL_LPM_SetOffMode
                0x00000000080072f0       0x2c ./Utilities/stm32_lpm.o
                0x00000000080072f0                UTIL_LPM_SetOffMode
 .text.UTIL_LPM_EnterLowPower
                0x000000000800731c       0x40 ./Utilities/stm32_lpm.o
                0x000000000800731c                UTIL_LPM_EnterLowPower
 .text.UTIL_MEM_cpy_8
                0x000000000800735c       0x14 ./Utilities/stm32_mem.o
                0x000000000800735c                UTIL_MEM_cpy_8
 .text.UTIL_MEM_set_8
                0x0000000008007370        0xe ./Utilities/stm32_mem.o
                0x0000000008007370                UTIL_MEM_set_8
 *fill*         0x000000000800737e        0x2 
 .text.UTIL_SEQ_SetTask
                0x0000000008007380       0x2c ./Utilities/stm32_seq.o
                0x0000000008007380                UTIL_SEQ_SetTask
 .text.UTIL_SEQ_PreIdle
                0x00000000080073ac        0x2 ./Utilities/stm32_seq.o
                0x00000000080073ac                UTIL_SEQ_PreIdle
 .text.UTIL_SEQ_PostIdle
                0x00000000080073ae        0x2 ./Utilities/stm32_seq.o
                0x00000000080073ae                UTIL_SEQ_PostIdle
 .text.SEQ_BitPosition
                0x00000000080073b0       0x40 ./Utilities/stm32_seq.o
                0x00000000080073b0                SEQ_BitPosition
 .text.UTIL_SEQ_Run
                0x00000000080073f0      0x130 ./Utilities/stm32_seq.o
                0x00000000080073f0                UTIL_SEQ_Run
 .text.UTIL_SEQ_RegTask
                0x0000000008007520       0x20 ./Utilities/stm32_seq.o
                0x0000000008007520                UTIL_SEQ_RegTask
 .text.SysTimeGet
                0x0000000008007540       0x4c ./Utilities/stm32_systime.o
                0x0000000008007540                SysTimeGet
 .text.UTIL_TIMER_Init
                0x000000000800758c       0x14 ./Utilities/stm32_timer.o
                0x000000000800758c                UTIL_TIMER_Init
 .text.UTIL_TIMER_Create
                0x00000000080075a0       0x34 ./Utilities/stm32_timer.o
                0x00000000080075a0                UTIL_TIMER_Create
 .text.UTIL_TIMER_GetCurrentTime
                0x00000000080075d4       0x14 ./Utilities/stm32_timer.o
                0x00000000080075d4                UTIL_TIMER_GetCurrentTime
 .text.UTIL_TIMER_GetElapsedTime
                0x00000000080075e8       0x20 ./Utilities/stm32_timer.o
                0x00000000080075e8                UTIL_TIMER_GetElapsedTime
 .text.TimerExists
                0x0000000008007608       0x1c ./Utilities/stm32_timer.o
                0x0000000008007608                TimerExists
 .text.TimerSetTimeout
                0x0000000008007624       0x38 ./Utilities/stm32_timer.o
                0x0000000008007624                TimerSetTimeout
 .text.UTIL_TIMER_Stop
                0x000000000800765c       0x5c ./Utilities/stm32_timer.o
                0x000000000800765c                UTIL_TIMER_Stop
 .text.TimerInsertTimer
                0x00000000080076b8       0x2c ./Utilities/stm32_timer.o
                0x00000000080076b8                TimerInsertTimer
 .text.TimerInsertNewHeadTimer
                0x00000000080076e4       0x18 ./Utilities/stm32_timer.o
                0x00000000080076e4                TimerInsertNewHeadTimer
 .text.UTIL_TIMER_Start
                0x00000000080076fc       0x74 ./Utilities/stm32_timer.o
                0x00000000080076fc                UTIL_TIMER_Start
 .text.UTIL_TIMER_SetPeriod
                0x0000000008007770       0x30 ./Utilities/stm32_timer.o
                0x0000000008007770                UTIL_TIMER_SetPeriod
 .text.UTIL_TIMER_IRQ_Handler
                0x00000000080077a0       0x88 ./Utilities/stm32_timer.o
                0x00000000080077a0                UTIL_TIMER_IRQ_Handler
 .text.tiny_vsnprintf_like
                0x0000000008007828      0x234 ./Utilities/stm32_tiny_vsnprintf.o
                0x0000000008007828                tiny_vsnprintf_like
 .text.__libc_init_array
                0x0000000008007a5c       0x48 c:/st/stm32cubeide_1.8.0/stm32cubeide/plugins/com.st.stm32cube.ide.mcu.externaltools.gnu-tools-for-stm32.9-2020-q2-update.win32_2.0.0.202105311346/tools/bin/../lib/gcc/arm-none-eabi/9.3.1/../../../../arm-none-eabi/lib/thumb/v7e-m/nofp\libc_nano.a(lib_a-init.o)
                0x0000000008007a5c                __libc_init_array
 .text.memcpy   0x0000000008007aa4       0x1c c:/st/stm32cubeide_1.8.0/stm32cubeide/plugins/com.st.stm32cube.ide.mcu.externaltools.gnu-tools-for-stm32.9-2020-q2-update.win32_2.0.0.202105311346/tools/bin/../lib/gcc/arm-none-eabi/9.3.1/../../../../arm-none-eabi/lib/thumb/v7e-m/nofp\libc_nano.a(lib_a-memcpy-stub.o)
                0x0000000008007aa4                memcpy
 .text.memset   0x0000000008007ac0       0x10 c:/st/stm32cubeide_1.8.0/stm32cubeide/plugins/com.st.stm32cube.ide.mcu.externaltools.gnu-tools-for-stm32.9-2020-q2-update.win32_2.0.0.202105311346/tools/bin/../lib/gcc/arm-none-eabi/9.3.1/../../../../arm-none-eabi/lib/thumb/v7e-m/nofp\libc_nano.a(lib_a-memset.o)
                0x0000000008007ac0                memset
 *(.glue_7)
 .glue_7        0x0000000008007ad0        0x0 linker stubs
 *(.glue_7t)
 .glue_7t       0x0000000008007ad0        0x0 linker stubs
 *(.eh_frame)
 .eh_frame      0x0000000008007ad0        0x0 c:/st/stm32cubeide_1.8.0/stm32cubeide/plugins/com.st.stm32cube.ide.mcu.externaltools.gnu-tools-for-stm32.9-2020-q2-update.win32_2.0.0.202105311346/tools/bin/../lib/gcc/arm-none-eabi/9.3.1/thumb/v7e-m/nofp/crtbegin.o
 *(.init)
 .init          0x0000000008007ad0        0x4 c:/st/stm32cubeide_1.8.0/stm32cubeide/plugins/com.st.stm32cube.ide.mcu.externaltools.gnu-tools-for-stm32.9-2020-q2-update.win32_2.0.0.202105311346/tools/bin/../lib/gcc/arm-none-eabi/9.3.1/thumb/v7e-m/nofp/crti.o
                0x0000000008007ad0                _init
 .init          0x0000000008007ad4        0x8 c:/st/stm32cubeide_1.8.0/stm32cubeide/plugins/com.st.stm32cube.ide.mcu.externaltools.gnu-tools-for-stm32.9-2020-q2-update.win32_2.0.0.202105311346/tools/bin/../lib/gcc/arm-none-eabi/9.3.1/thumb/v7e-m/nofp/crtn.o
 *(.fini)
 .fini          0x0000000008007adc        0x4 c:/st/stm32cubeide_1.8.0/stm32cubeide/plugins/com.st.stm32cube.ide.mcu.externaltools.gnu-tools-for-stm32.9-2020-q2-update.win32_2.0.0.202105311346/tools/bin/../lib/gcc/arm-none-eabi/9.3.1/thumb/v7e-m/nofp/crti.o
                0x0000000008007adc                _fini
 .fini          0x0000000008007ae0        0x8 c:/st/stm32cubeide_1.8.0/stm32cubeide/plugins/com.st.stm32cube.ide.mcu.externaltools.gnu-tools-for-stm32.9-2020-q2-update.win32_2.0.0.202105311346/tools/bin/../lib/gcc/arm-none-eabi/9.3.1/thumb/v7e-m/nofp/crtn.o
                0x0000000008007ae8                . = ALIGN (0x8)
                0x0000000008007ae8                _etext = .

.vfp11_veneer   0x0000000008007ae8        0x0
 .vfp11_veneer  0x0000000008007ae8        0x0 linker stubs

.v4_bx          0x0000000008007ae8        0x0
 .v4_bx         0x0000000008007ae8        0x0 linker stubs

.iplt           0x0000000008007ae8        0x0
 .iplt          0x0000000008007ae8        0x0 c:/st/stm32cubeide_1.8.0/stm32cubeide/plugins/com.st.stm32cube.ide.mcu.externaltools.gnu-tools-for-stm32.9-2020-q2-update.win32_2.0.0.202105311346/tools/bin/../lib/gcc/arm-none-eabi/9.3.1/thumb/v7e-m/nofp/crtbegin.o

.rodata         0x0000000008007ae8      0x610
                0x0000000008007ae8                . = ALIGN (0x8)
 *(.rodata)
 .rodata        0x0000000008007ae8        0xc ./Drivers/STM32WLxx_HAL_Driver/stm32wlxx_hal_rcc.o
 .rodata        0x0000000008007af4       0x10 ./Middlewares/SubGHz_Phy/radio.o
 .rodata        0x0000000008007b04       0x11 ./Middlewares/SubGHz_Phy/radio_driver.o
 *(.rodata*)
 .rodata.RSSI_Display.str1.1
                0x0000000008007b15        0x5 ./Application/User/Core/main.o
 .rodata.main.str1.1
                0x0000000008007b1a        0xc ./Application/User/Core/main.o
 *fill*         0x0000000008007b26        0x2 
 .rodata.UTIL_PowerDriver
                0x0000000008007b28       0x18 ./Application/User/Core/stm32_lpm_if.o
                0x0000000008007b28                UTIL_PowerDriver
 .rodata.tiny_snprintf_like.constprop.0.str1.1
                0x0000000008007b40        0x9 ./Application/User/Core/sys_app.o
 *fill*         0x0000000008007b49        0x3 
 .rodata.UTIL_SYSTIMDriver
                0x0000000008007b4c       0x14 ./Application/User/Core/timer_if.o
                0x0000000008007b4c                UTIL_SYSTIMDriver
 .rodata.UTIL_TimerDriver
                0x0000000008007b60       0x2c ./Application/User/Core/timer_if.o
                0x0000000008007b60                UTIL_TimerDriver
 .rodata.UTIL_TraceDriver
                0x0000000008007b8c       0x10 ./Application/User/Core/usart_if.o
                0x0000000008007b8c                UTIL_TraceDriver
 .rodata.Per_Process.str1.1
                0x0000000008007b9c       0x70 ./Application/User/SubGHz_Phy/App/subghz_phy_app.o
 .rodata.SubghzApp_Init.str1.1
                0x0000000008007c0c       0x9f ./Application/User/SubGHz_Phy/App/subghz_phy_app.o
 *fill*         0x0000000008007cab        0x1 
 .rodata.AHBPrescTable
                0x0000000008007cac       0x40 ./Drivers/CMSIS/system_stm32wlxx.o
                0x0000000008007cac                AHBPrescTable
 .rodata.APBPrescTable
                0x0000000008007cec       0x20 ./Drivers/CMSIS/system_stm32wlxx.o
                0x0000000008007cec                APBPrescTable
 .rodata.MSIRangeTable
                0x0000000008007d0c       0x40 ./Drivers/CMSIS/system_stm32wlxx.o
                0x0000000008007d0c                MSIRangeTable
 .rodata.CSWTCH.62
                0x0000000008007d4c        0x3 ./Drivers/STM32WLxx_HAL_Driver/stm32wlxx_hal_uart.o
 .rodata.CSWTCH.63
                0x0000000008007d4f        0xd ./Drivers/STM32WLxx_HAL_Driver/stm32wlxx_hal_uart.o
 .rodata.UARTPrescTable
                0x0000000008007d5c       0x18 ./Drivers/STM32WLxx_HAL_Driver/stm32wlxx_hal_uart.o
                0x0000000008007d5c                UARTPrescTable
 .rodata.denominator.10078
                0x0000000008007d74        0x8 ./Drivers/STM32WLxx_HAL_Driver/stm32wlxx_hal_uart_ex.o
 .rodata.numerator.10077
                0x0000000008007d7c        0x8 ./Drivers/STM32WLxx_HAL_Driver/stm32wlxx_hal_uart_ex.o
 .rodata.RadioSend.str1.1
                0x0000000008007d84       0x15 ./Middlewares/SubGHz_Phy/radio.o
 .rodata.RadioIrqProcess.str1.1
                0x0000000008007d99       0x49 ./Middlewares/SubGHz_Phy/radio.o
 .rodata.Bandwidths
                0x0000000008007de2        0x3 ./Middlewares/SubGHz_Phy/radio.o
                0x0000000008007de2                Bandwidths
 *fill*         0x0000000008007de5        0x3 
 .rodata.CSWTCH.57
                0x0000000008007de8       0x2c ./Middlewares/SubGHz_Phy/radio.o
 .rodata.CSWTCH.75
                0x0000000008007e14        0x4 ./Middlewares/SubGHz_Phy/radio.o
 .rodata.Radio  0x0000000008007e18       0x84 ./Middlewares/SubGHz_Phy/radio.o
                0x0000000008007e18                Radio
 .rodata.FskBandwidths
                0x0000000008007e9c       0xb0 ./Middlewares/SubGHz_Phy/radio_driver.o
 .rodata.RFW_ReceivePayload.str1.1
                0x0000000008007f4c       0x29 ./Middlewares/SubGHz_Phy/radio_fw.o
 .rodata.RFW_TransmitInit.str1.1
                0x0000000008007f75       0x15 ./Middlewares/SubGHz_Phy/radio_fw.o
 .rodata.RFW_GetPayloadTimerEvent.str1.1
                0x0000000008007f75       0x8a ./Middlewares/SubGHz_Phy/radio_fw.o
                                         0xaf (size before relaxing)
 .rodata.RFW_TransmitLongPacket_NewTxChunkTimerEvent.str1.1
                0x0000000008007fff       0x78 ./Middlewares/SubGHz_Phy/radio_fw.o
 .rodata.RFW_TransmitLongPacket.str1.1
                0x0000000008008077       0x1b ./Middlewares/SubGHz_Phy/radio_fw.o
 .rodata.SEQ_clz_table_4bit
                0x0000000008008092       0x10 ./Utilities/stm32_seq.o
                0x0000000008008092                SEQ_clz_table_4bit
 .rodata.tiny_vsnprintf_like.str1.1
                0x00000000080080a2       0x51 ./Utilities/stm32_tiny_vsnprintf.o
                0x00000000080080f8                . = ALIGN (0x8)
 *fill*         0x00000000080080f3        0x5 

.ARM.extab      0x00000000080080f8        0x0
                0x00000000080080f8                . = ALIGN (0x8)
 *(.ARM.extab* .gnu.linkonce.armextab.*)
                0x00000000080080f8                . = ALIGN (0x8)

.ARM            0x00000000080080f8        0x8
                0x00000000080080f8                . = ALIGN (0x8)
                0x00000000080080f8                __exidx_start = .
 *(.ARM.exidx*)
 .ARM.exidx     0x00000000080080f8        0x8 c:/st/stm32cubeide_1.8.0/stm32cubeide/plugins/com.st.stm32cube.ide.mcu.externaltools.gnu-tools-for-stm32.9-2020-q2-update.win32_2.0.0.202105311346/tools/bin/../lib/gcc/arm-none-eabi/9.3.1/thumb/v7e-m/nofp\libgcc.a(_udivmoddi4.o)
                0x0000000008008100                __exidx_end = .
                0x0000000008008100                . = ALIGN (0x8)

.rel.dyn        0x0000000008008100        0x0
 .rel.iplt      0x0000000008008100        0x0 c:/st/stm32cubeide_1.8.0/stm32cubeide/plugins/com.st.stm32cube.ide.mcu.externaltools.gnu-tools-for-stm32.9-2020-q2-update.win32_2.0.0.202105311346/tools/bin/../lib/gcc/arm-none-eabi/9.3.1/thumb/v7e-m/nofp/crtbegin.o

.preinit_array  0x0000000008008100        0x0
                0x0000000008008100                . = ALIGN (0x8)
                0x0000000008008100                PROVIDE (__preinit_array_start = .)
 *(.preinit_array*)
                0x0000000008008100                PROVIDE (__preinit_array_end = .)
                0x0000000008008100                . = ALIGN (0x8)

.init_array     0x0000000008008100        0x8
                0x0000000008008100                . = ALIGN (0x8)
                0x0000000008008100                PROVIDE (__init_array_start = .)
 *(SORT_BY_NAME(.init_array.*))
 *(.init_array*)
 .init_array    0x0000000008008100        0x4 c:/st/stm32cubeide_1.8.0/stm32cubeide/plugins/com.st.stm32cube.ide.mcu.externaltools.gnu-tools-for-stm32.9-2020-q2-update.win32_2.0.0.202105311346/tools/bin/../lib/gcc/arm-none-eabi/9.3.1/thumb/v7e-m/nofp/crtbegin.o
                0x0000000008008104                PROVIDE (__init_array_end = .)
                0x0000000008008108                . = ALIGN (0x8)
 *fill*         0x0000000008008104        0x4 

.fini_array     0x0000000008008108        0x8
                0x0000000008008108                . = ALIGN (0x8)
                [!provide]                        PROVIDE (__fini_array_start = .)
 *(SORT_BY_NAME(.fini_array.*))
 *(.fini_array*)
 .fini_array    0x0000000008008108        0x4 c:/st/stm32cubeide_1.8.0/stm32cubeide/plugins/com.st.stm32cube.ide.mcu.externaltools.gnu-tools-for-stm32.9-2020-q2-update.win32_2.0.0.202105311346/tools/bin/../lib/gcc/arm-none-eabi/9.3.1/thumb/v7e-m/nofp/crtbegin.o
                [!provide]                        PROVIDE (__fini_array_end = .)
                0x0000000008008110                . = ALIGN (0x8)
 *fill*         0x000000000800810c        0x4 
                0x0000000008008110                _sidata = LOADADDR (.data)

.data           0x0000000020000000       0x20 load address 0x0000000008008110
                0x0000000020000000                . = ALIGN (0x8)
                0x0000000020000000                _sdata = .
 *(.data)
 *(.data*)
 .data.payloadLen
                0x0000000020000000        0x2 ./Application/User/SubGHz_Phy/App/subghz_phy_app.o
 .data.syncword
                0x0000000020000002        0x3 ./Application/User/SubGHz_Phy/App/subghz_phy_app.o
 *fill*         0x0000000020000005        0x3 
 .data.SystemCoreClock
                0x0000000020000008        0x4 ./Drivers/CMSIS/system_stm32wlxx.o
                0x0000000020000008                SystemCoreClock
 .data.uwTickFreq
                0x000000002000000c        0x1 ./Drivers/STM32WLxx_HAL_Driver/stm32wlxx_hal.o
                0x000000002000000c                uwTickFreq
 *fill*         0x000000002000000d        0x3 
 .data.uwTickPrio
                0x0000000020000010        0x4 ./Drivers/STM32WLxx_HAL_Driver/stm32wlxx_hal.o
                0x0000000020000010                uwTickPrio
 .data.MaxPayloadLength
                0x0000000020000014        0x1 ./Middlewares/SubGHz_Phy/radio.o
 *fill*         0x0000000020000015        0x3 
 .data.SuperMask
                0x0000000020000018        0x4 ./Utilities/stm32_seq.o
 .data.TaskMask
                0x000000002000001c        0x4 ./Utilities/stm32_seq.o
 *(.RamFunc)
 *(.RamFunc*)
                0x0000000020000020                . = ALIGN (0x8)
                0x0000000020000020                _edata = .

.igot.plt       0x0000000020000020        0x0 load address 0x0000000008008130
 .igot.plt      0x0000000020000020        0x0 c:/st/stm32cubeide_1.8.0/stm32cubeide/plugins/com.st.stm32cube.ide.mcu.externaltools.gnu-tools-for-stm32.9-2020-q2-update.win32_2.0.0.202105311346/tools/bin/../lib/gcc/arm-none-eabi/9.3.1/thumb/v7e-m/nofp/crtbegin.o
                0x0000000020000020                . = ALIGN (0x8)

.bss            0x0000000020000020      0xd28 load address 0x0000000008008130
                0x0000000020000020                _sbss = .
                0x0000000020000020                __bss_start__ = _sbss
 *(.bss)
 .bss           0x0000000020000020       0x1c c:/st/stm32cubeide_1.8.0/stm32cubeide/plugins/com.st.stm32cube.ide.mcu.externaltools.gnu-tools-for-stm32.9-2020-q2-update.win32_2.0.0.202105311346/tools/bin/../lib/gcc/arm-none-eabi/9.3.1/thumb/v7e-m/nofp/crtbegin.o
 *(.bss*)
 .bss.SYS_TimerInitialisedFlag
                0x000000002000003c        0x1 ./Application/User/Core/sys_app.o
 .bss.RTC_Initialized
                0x000000002000003d        0x1 ./Application/User/Core/timer_if.o
 *fill*         0x000000002000003e        0x2 
 .bss.RtcTimerContext
                0x0000000020000040        0x4 ./Application/User/Core/timer_if.o
 .bss.RxCpltCallback
                0x0000000020000044        0x4 ./Application/User/Core/usart_if.o
 .bss.TxCpltCallback
                0x0000000020000048        0x4 ./Application/User/Core/usart_if.o
 .bss.PER       0x000000002000004c        0x4 ./Application/User/SubGHz_Phy/App/subghz_phy_app.o
                0x000000002000004c                PER
 .bss.RadioError_flag
                0x0000000020000050        0x4 ./Application/User/SubGHz_Phy/App/subghz_phy_app.o
 .bss.RadioEvents
                0x0000000020000054       0x1c ./Application/User/SubGHz_Phy/App/subghz_phy_app.o
 .bss.RadioRxDone_flag
                0x0000000020000070        0x4 ./Application/User/SubGHz_Phy/App/subghz_phy_app.o
 .bss.RadioRxTimeout_flag
                0x0000000020000074        0x4 ./Application/User/SubGHz_Phy/App/subghz_phy_app.o
 .bss.RadioTxDone_flag
                0x0000000020000078        0x4 ./Application/User/SubGHz_Phy/App/subghz_phy_app.o
 .bss.RadioTxTimeout_flag
                0x000000002000007c        0x4 ./Application/User/SubGHz_Phy/App/subghz_phy_app.o
 .bss.count_RxKo
                0x0000000020000080        0x4 ./Application/User/SubGHz_Phy/App/subghz_phy_app.o
                0x0000000020000080                count_RxKo
 .bss.count_RxOk
                0x0000000020000084        0x4 ./Application/User/SubGHz_Phy/App/subghz_phy_app.o
                0x0000000020000084                count_RxOk
 .bss.data_offset
                0x0000000020000088        0x2 ./Application/User/SubGHz_Phy/App/subghz_phy_app.o
                0x0000000020000088                data_offset
 .bss.last_rx_cfo
                0x000000002000008a        0x1 ./Application/User/SubGHz_Phy/App/subghz_phy_app.o
 *fill*         0x000000002000008b        0x1 
 .bss.last_rx_rssi
                0x000000002000008c        0x2 ./Application/User/SubGHz_Phy/App/subghz_phy_app.o
 *fill*         0x000000002000008e        0x2 
 .bss.packetCnt
                0x0000000020000090        0x4 ./Application/User/SubGHz_Phy/App/subghz_phy_app.o
 .bss.RadioBuffer
                0x0000000020000094       0xff ./Middlewares/SubGHz_Phy/radio.o
 *fill*         0x0000000020000193        0x1 
 .bss.RadioEvents
                0x0000000020000194        0x4 ./Middlewares/SubGHz_Phy/radio.o
 .bss.FrequencyError
                0x0000000020000198        0x4 ./Middlewares/SubGHz_Phy/radio_driver.o
                0x0000000020000198                FrequencyError
 .bss.ImageCalibrated
                0x000000002000019c        0x1 ./Middlewares/SubGHz_Phy/radio_driver.o
 .bss.LoRaHeaderType
                0x000000002000019d        0x1 ./Middlewares/SubGHz_Phy/radio_driver.o
 .bss.OperatingMode
                0x000000002000019e        0x1 ./Middlewares/SubGHz_Phy/radio_driver.o
 .bss.PacketType
                0x000000002000019f        0x1 ./Middlewares/SubGHz_Phy/radio_driver.o
 .bss.RadioOnDioIrqCb
                0x00000000200001a0        0x4 ./Middlewares/SubGHz_Phy/radio_driver.o
 .bss.ChunkBuffer
                0x00000000200001a4       0xff ./Middlewares/SubGHz_Phy/radio_fw.o
 *fill*         0x00000000200002a3        0x1 
 .bss.RFWPacket
                0x00000000200002a4       0x54 ./Middlewares/SubGHz_Phy/radio_fw.o
 .bss.RxBuffer  0x00000000200002f8       0xff ./Middlewares/SubGHz_Phy/radio_fw.o
 .bss.ADV_TRACE_Buffer
                0x00000000200003f7      0x200 ./Utilities/stm32_adv_trace.o
 *fill*         0x00000000200005f7        0x1 
 .bss.ADV_TRACE_Ctx
                0x00000000200005f8       0x18 ./Utilities/stm32_adv_trace.o
 .bss.sztmp     0x0000000020000610      0x100 ./Utilities/stm32_adv_trace.o
 .bss.OffModeDisable
                0x0000000020000710        0x4 ./Utilities/stm32_lpm.o
 .bss.StopModeDisable
                0x0000000020000714        0x4 ./Utilities/stm32_lpm.o
 .bss.CurrentTaskIdx
                0x0000000020000718        0x4 ./Utilities/stm32_seq.o
 .bss.EvtSet    0x000000002000071c        0x4 ./Utilities/stm32_seq.o
 .bss.EvtWaited
                0x0000000020000720        0x4 ./Utilities/stm32_seq.o
 .bss.TaskCb    0x0000000020000724        0x8 ./Utilities/stm32_seq.o
 .bss.TaskPrio  0x000000002000072c       0x10 ./Utilities/stm32_seq.o
 .bss.TaskSet   0x000000002000073c        0x4 ./Utilities/stm32_seq.o
 .bss.TimerListHead
                0x0000000020000740        0x4 ./Utilities/stm32_timer.o
 *(COMMON)
 COMMON         0x0000000020000744       0x50 ./Application/User/Core/main.o
                0x0000000020000744                hi2c2
                0x0000000020000790                RSSI
 COMMON         0x0000000020000794       0x38 ./Application/User/Core/rtc.o
                0x0000000020000794                hrtc
 COMMON         0x00000000200007cc        0xc ./Application/User/Core/subghz.o
                0x00000000200007cc                hsubghz
 COMMON         0x00000000200007d8       0xf0 ./Application/User/Core/usart.o
                0x00000000200007d8                hdma_usart2_tx
                0x0000000020000838                huart2
 COMMON         0x00000000200008c8        0x1 ./Application/User/Core/usart_if.o
                0x00000000200008c8                charRx
 *fill*         0x00000000200008c9        0x3 