radio.c:1112:13:RadioCheckRfFrequency	0	static
radio.c:1117:17:RadioGetLoRaBandwidthInHz	0	static
radio.c:1158:17:RadioGetGfskTimeOnAirNumerator	0	static
radio.c:1169:17:RadioGetLoRaTimeOnAirNumerator	16	static
radio.c:1233:17:RadioTimeOnAir	40	static
radio.c:1583:13:RadioOnTxTimeoutProcess	8	static
radio.c:1573:13:RadioOnTxTimeoutIrq	8	static
radio.c:1595:13:RadioOnRxTimeoutProcess	8	static
radio.c:1578:13:RadioOnRxTimeoutIrq	8	static
radio.c:1802:13:payload_integration	20	static
radio.c:1532:13:RadioSetMaxPayloadLength	8	static
radio.c:1517:16:RadioRead	8	static
radio.c:1512:13:RadioWrite	8	static
radio.c:1794:13:RadioTxCw	8	static
radio.c:1786:13:RadioTxPrbs	8	static
radio.c:1465:13:RadioSetRxDutyCycle	16	static
radio.c:1428:13:RadioRxBoosted	16	static
radio.c:1385:13:RadioStandby	8	static
radio.c:699:21:RadioGetStatus	8	static
radio.c:1614:13:RadioIrqProcess	24	static
radio.c:1607:13:RadioOnDioIrq	8	static
radio.c:1568:17:RadioGetWakeupTime	8	static
radio.c:1527:13:RadioReadRegisters	8	static
radio.c:1522:13:RadioWriteRegisters	8	static
radio.c:1507:16:RadioRssi	8	static
radio.c:1489:13:RadioSetTxContinuousWave	16	static
radio.c:765:13:RadioSetChannel	8	static
radio.c:1477:13:RadioStartCad	8	static
radio.c:1390:13:RadioRx	16	static
radio.c:1375:13:RadioSleep	8	static
radio.c:1266:13:RadioSend	24	static
radio.c:807:17:RadioRandom	8	static
radio.c:714:13:RadioSetModem	8	static
radio.c:2015:16:RadioSetTxGenericConfig	48	static
radio.c:1840:16:RadioSetRxGenericConfig	48	static
radio.c:1549:13:RadioSetPublicNetwork	8	static
radio.c:1008:13:RadioSetTxConfig	48	static
radio.c:822:13:RadioSetRxConfig	64	static
radio.c:770:13:RadioIsChannelFree	64	static
radio.c:666:13:RadioInit	24	static
