radio_fw.c:817:13:RFW_WhiteInitState	0	static
radio_fw.c:822:13:RFW_WhiteSetState	0	static
radio_fw.c:827:13:RFW_CrcInitState	0	static
radio_fw.c:834:13:RFW_CrcSetState	0	static
radio_fw.c:839:13:RFW_WhiteRun	12	static
radio_fw.c:902:16:RFW_PollRxBytes	24	static
radio_fw.c:420:9:RFW_ReceiveLongPacket	24	static
radio_fw.c:471:9:RFW_Init	32	static
radio_fw.c:549:6:RFW_DeInit	0	static
radio_fw.c:556:9:RFW_Is_Init	0	static
radio_fw.c:565:9:RFW_Is_LongPacketModeEnabled	0	static
radio_fw.c:574:6:RFW_SetAntSwitch	0	static
radio_fw.c:633:9:RFW_ReceiveInit	8	static
radio_fw.c:655:6:RFW_DeInit_TxLongPacket	8	static
radio_fw.c:720:6:RFW_SetRadioModem	0	static
radio_fw.c:883:10:RFW_CrcRun1Byte	4	static
radio_fw.c:855:16:RFW_CrcRun	32	static
radio_fw.c:254:9:RFW_TransmitLongPacket	48	static
radio_fw.c:734:13:RFW_TransmitLongPacket_TxChunkProcess	64	static
radio_fw.c:729:13:RFW_TransmitLongPacket_NewTxChunkTimerEvent	8	static
radio_fw.c:1044:13:RFW_GetPayload	40	static
radio_fw.c:957:13:RFW_GetPayloadProcess	48	static
radio_fw.c:952:13:RFW_GetPayloadTimerEvent	8	static
radio_fw.c:581:9:RFW_TransmitInit	32	static
radio_fw.c:922:16:RFW_GetPacketLength	40	static
radio_fw.c:665:6:RFW_ReceivePayload	32	static
