radio_fw.c:839:13:RFW_WhiteRun.isra.0.constprop	12	static
radio_fw.c:420:9:RFW_ReceiveLongPacket	24	static
radio_fw.c:471:9:RFW_Init	32	static
radio_fw.c:549:6:RFW_DeInit	0	static
radio_fw.c:556:9:RFW_Is_Init	0	static
radio_fw.c:565:9:RFW_Is_LongPacketModeEnabled	0	static
radio_fw.c:574:6:RFW_SetAntSwitch	0	static
radio_fw.c:633:9:RFW_ReceiveInit	8	static
radio_fw.c:655:6:RFW_DeInit_TxLongPacket	8	static
radio_fw.c:720:6:RFW_SetRadioModem	0	static
radio_fw.c:883:10:RFW_CrcRun1Byte	8	static
radio_fw.c:855:16:RFW_CrcRun.constprop	24	static
radio_fw.c:665:6:RFW_ReceivePayload	48	static
radio_fw.c:581:9:RFW_TransmitInit	32	static
radio_fw.c:952:13:RFW_GetPayloadTimerEvent	48	static
radio_fw.c:729:13:RFW_TransmitLongPacket_NewTxChunkTimerEvent	64	static
radio_fw.c:254:9:RFW_TransmitLongPacket	56	static
