stm32_systime.c:418:13:CalendarDiv86400	8	static
stm32_systime.c:444:17:CalendarDiv61	0	static
stm32_systime.c:381:17:CalendarGetMonth	8	static
stm32_systime.c:466:13:CalendarDiv60	4	static
stm32_systime.c:199:11:SysTimeAdd	8	static
stm32_systime.c:213:11:SysTimeSub	8	static
stm32_systime.c:227:6:SysTimeSet	48	static
stm32_systime.c:242:11:SysTimeGet	40	static
stm32_systime.c:259:11:SysTimeGetMcuTime	24	static
stm32_systime.c:268:10:SysTimeToMs	48	static
stm32_systime.c:278:11:SysTimeFromMs	40	static
stm32_systime.c:289:10:SysTimeMkTime	24	static
stm32_systime.c:318:6:SysTimeLocalTime	56	static
